2025-08-15 17:12:27.167 28668-28668 MSIScanner              com.msidecoder.scanner               D  === ZOOM BUTTON CLICKED ===
2025-08-15 17:12:27.167 28668-28668 MSIScanner              com.msidecoder.scanner               D  Before click - CameraControlsManager: ZOOM_3X
2025-08-15 17:12:27.168 28668-28668 MSIScanner              com.msidecoder.scanner               D  Before click - Camera zoom: 3.0
2025-08-15 17:12:27.169 28668-28668 MSIScanner              com.msidecoder.scanner               D  Camera controls updated: Torch=false, Zoom=1×
2025-08-15 17:12:27.171 28668-28668 MSIScanner              com.msidecoder.scanner               D  After click - CameraControlsManager: ZOOM_1X
2025-08-15 17:12:27.171 28668-28668 MSIScanner              com.msidecoder.scanner               D  === ZOOM BUTTON CLICK COMPLETE ===
2025-08-15 17:12:27.171 28668-28697 Camera2CameraImpl       com.msidecoder.scanner               D  {Camera@d53e574[id=0]} Issue capture request
2025-08-15 17:12:27.172 28668-28697 CaptureSession          com.msidecoder.scanner               D  Issuing capture request.
2025-08-15 17:12:27.186 28668-28697 Camera2Cap...estBuilder com.msidecoder.scanner               D  createCaptureRequest
2025-08-15 17:12:27.190 28668-28697 UseCaseAttachState      com.msidecoder.scanner               D  Active and attached use case: [androidx.camera.core.Preview-413e12e2-086c-4b66-a717-3c5aa10a061e182414645] for camera: 0
2025-08-15 17:12:27.192 28668-28697 CaptureSession          com.msidecoder.scanner               D  Attempting to submit CaptureRequest after setting
2025-08-15 17:12:27.192 28668-28697 CaptureSession          com.msidecoder.scanner               D  Issuing request for session.
2025-08-15 17:12:27.192 28668-28697 Camera2Cap...estBuilder com.msidecoder.scanner               D  createCaptureRequest
2025-08-15 17:12:27.198 28668-28697 UseCaseAttachState      com.msidecoder.scanner               D  Active and attached use case: [androidx.camera.core.Preview-413e12e2-086c-4b66-a717-3c5aa10a061e182414645] for camera: 0
2025-08-15 17:12:27.200 28668-28697 CaptureSession          com.msidecoder.scanner               D  Attempting to submit CaptureRequest after setting
2025-08-15 17:12:27.200 28668-28697 CaptureSession          com.msidecoder.scanner               D  Issuing request for session.
2025-08-15 17:12:27.201 28668-28697 Camera2Cap...estBuilder com.msidecoder.scanner               D  createCaptureRequest
2025-08-15 17:12:28.932 28668-28668 MSIScanner              com.msidecoder.scanner               D  === ZOOM BUTTON CLICKED ===
2025-08-15 17:12:28.932 28668-28668 MSIScanner              com.msidecoder.scanner               D  Before click - CameraControlsManager: ZOOM_1X
2025-08-15 17:12:28.932 28668-28668 MSIScanner              com.msidecoder.scanner               D  Before click - Camera zoom: 1.0
2025-08-15 17:12:28.933 28668-28668 MSIScanner              com.msidecoder.scanner               D  Camera controls updated: Torch=false, Zoom=2×
2025-08-15 17:12:28.933 28668-28668 MSIScanner              com.msidecoder.scanner               D  After click - CameraControlsManager: ZOOM_2X
2025-08-15 17:12:28.933 28668-28668 MSIScanner              com.msidecoder.scanner               D  === ZOOM BUTTON CLICK COMPLETE ===
2025-08-15 17:12:28.935 28668-28694 Camera2CameraImpl       com.msidecoder.scanner               D  {Camera@d53e574[id=0]} Issue capture request
2025-08-15 17:12:28.935 28668-28694 CaptureSession          com.msidecoder.scanner               D  Issuing capture request.
2025-08-15 17:12:28.949 28668-28694 Camera2Cap...estBuilder com.msidecoder.scanner               D  createCaptureRequest
2025-08-15 17:12:28.954 28668-28694 UseCaseAttachState      com.msidecoder.scanner               D  Active and attached use case: [androidx.camera.core.Preview-413e12e2-086c-4b66-a717-3c5aa10a061e182414645] for camera: 0
2025-08-15 17:12:28.956 28668-28694 CaptureSession          com.msidecoder.scanner               D  Attempting to submit CaptureRequest after setting
2025-08-15 17:12:28.956 28668-28694 CaptureSession          com.msidecoder.scanner               D  Issuing request for session.
2025-08-15 17:12:28.957 28668-28694 Camera2Cap...estBuilder com.msidecoder.scanner               D  createCaptureRequest
2025-08-15 17:12:28.961 28668-28694 UseCaseAttachState      com.msidecoder.scanner               D  Active and attached use case: [androidx.camera.core.Preview-413e12e2-086c-4b66-a717-3c5aa10a061e182414645] for camera: 0
2025-08-15 17:12:28.963 28668-28694 CaptureSession          com.msidecoder.scanner               D  Attempting to submit CaptureRequest after setting
2025-08-15 17:12:28.963 28668-28694 CaptureSession          com.msidecoder.scanner               D  Issuing request for session.
2025-08-15 17:12:28.964 28668-28694 Camera2Cap...estBuilder com.msidecoder.scanner               D  createCaptureRequest
2025-08-15 17:12:30.852 28668-28668 CameraOrientationUtil   com.msidecoder.scanner               D  getRelativeImageRotation: destRotationDegrees=0, sourceRotationDegrees=90, isOppositeFacing=true, result=90
2025-08-15 17:12:31.413 28668-28668 VRI[MainActivity]       com.msidecoder.scanner               D  visibilityChanged oldVisibility=true newVisibility=false
2025-08-15 17:12:31.418 28668-28694 Camera2CameraImpl       com.msidecoder.scanner               D  {Camera@d53e574[id=0]} Use cases [androidx.camera.core.Preview-413e12e2-086c-4b66-a717-3c5aa10a061e182414645] now DETACHED for camera
2025-08-15 17:12:31.419 28668-28694 UseCaseAttachState      com.msidecoder.scanner               D  All use case: [] for camera: 0
2025-08-15 17:12:31.419 28668-28694 Camera2CameraImpl       com.msidecoder.scanner               D  {Camera@d53e574[id=0]} Resetting Capture Session
2025-08-15 17:12:31.426 28668-28668 SurfaceViewImpl         com.msidecoder.scanner               D  Surface destroyed.
2025-08-15 17:12:31.427 28668-28668 SurfaceViewImpl         com.msidecoder.scanner               D  Surface closed androidx.camera.core.SurfaceRequest@c799be9
2025-08-15 17:12:31.427 28668-28668 DeferrableSurface       com.msidecoder.scanner               D  surface closed,  useCount=2 closed=true androidx.camera.core.SurfaceRequest$2@c7e906e
2025-08-15 17:12:31.448 28668-28706 BufferQueueProducer     com.msidecoder.scanner               E  [SurfaceView[com.msidecoder.scanner/com.msidecoder.scanner.MainActivity]#1(BLAST Consumer)1](id:6ffc00000001,api:4,p:1826,c:28668) queueBuffer: BufferQueue has been abandoned
2025-08-15 17:12:31.467 28668-28668 DeferrableSurface       com.msidecoder.scanner               D  surface closed,  useCount=0 closed=true androidx.camera.core.processing.SurfaceEdge$SettableSurface@4db5422
2025-08-15 17:12:31.467 28668-28668 DeferrableSurface       com.msidecoder.scanner               D  Surface terminated[total_surfaces=1, used_surfaces=1](androidx.camera.core.processing.SurfaceEdge$SettableSurface@4db5422}
2025-08-15 17:12:31.467 28668-28668 DeferrableSurface       com.msidecoder.scanner               D  use count-1,  useCount=1 closed=true androidx.camera.core.SurfaceRequest$2@c7e906e
2025-08-15 17:12:31.479 28668-28680 BufferQueueProducer     com.msidecoder.scanner               E  [SurfaceView[com.msidecoder.scanner/com.msidecoder.scanner.MainActivity]#1(BLAST Consumer)1](id:6ffc00000001,api:4,p:1826,c:28668) queueBuffer: BufferQueue has been abandoned
2025-08-15 17:12:31.517 28668-28680 BufferQueueProducer     com.msidecoder.scanner               E  [SurfaceView[com.msidecoder.scanner/com.msidecoder.scanner.MainActivity]#1(BLAST Consumer)1](id:6ffc00000001,api:4,p:1826,c:28668) queueBuffer: BufferQueue has been abandoned
2025-08-15 17:12:31.540 28668-28694 Camera2CameraImpl       com.msidecoder.scanner               D  {Camera@d53e574[id=0]} Releasing session in state OPENED
2025-08-15 17:12:31.541 28668-28694 UseCaseAttachState      com.msidecoder.scanner               D  Active and attached use case: [] for camera: 0
2025-08-15 17:12:31.544 28668-28694 UseCaseAttachState      com.msidecoder.scanner               D  Active and attached use case: [] for camera: 0
2025-08-15 17:12:31.545 28668-28706 BufferQueueProducer     com.msidecoder.scanner               E  [SurfaceView[com.msidecoder.scanner/com.msidecoder.scanner.MainActivity]#1(BLAST Consumer)1](id:6ffc00000001,api:4,p:1826,c:28668) queueBuffer: BufferQueue has been abandoned
2025-08-15 17:12:31.547 28668-28694 Camera2CameraImpl       com.msidecoder.scanner               D  {Camera@d53e574[id=0]} Closing camera.
2025-08-15 17:12:31.547 28668-28694 Camera2CameraImpl       com.msidecoder.scanner               D  {Camera@d53e574[id=0]} Transitioning camera internal state: OPENED --> CLOSING
2025-08-15 17:12:31.548 28668-28694 CameraStateRegistry     com.msidecoder.scanner               D  Recalculating open cameras:
                                                                                                    Camera                                       State                 
                                                                                                    -------------------------------------------------------------------
                                                                                                    Camera@d53e574[id=0]                         CLOSING               
                                                                                                    Camera@d24e399[id=1]                         UNKNOWN               
                                                                                                    -------------------------------------------------------------------
                                                                                                    Open count: 1 (Max allowed: 1)
2025-08-15 17:12:31.549 28668-28694 CameraStateMachine      com.msidecoder.scanner               D  New public camera state CameraState{type=CLOSING, error=null} from CLOSING and null
2025-08-15 17:12:31.549 28668-28694 CameraStateMachine      com.msidecoder.scanner               D  Publishing new public camera state CameraState{type=CLOSING, error=null}
2025-08-15 17:12:31.549 28668-28694 Camera2CameraImpl       com.msidecoder.scanner               D  {Camera@d53e574[id=0]} Resetting Capture Session
2025-08-15 17:12:31.550 28668-28668 StreamStateObserver     com.msidecoder.scanner               D  Update Preview stream state to IDLE
2025-08-15 17:12:31.550 28668-28694 Camera2CameraImpl       com.msidecoder.scanner               D  {Camera@d53e574[id=0]} Releasing session in state CLOSING
2025-08-15 17:12:31.550 28668-28694 CaptureSession          com.msidecoder.scanner               D  onSessionFinished()
2025-08-15 17:12:31.558 28668-28704 BufferQueueProducer     com.msidecoder.scanner               E  [SurfaceView[com.msidecoder.scanner/com.msidecoder.scanner.MainActivity]#1(BLAST Consumer)1](id:6ffc00000001,api:4,p:1826,c:28668) cancelBuffer: BufferQueue has been abandoned
2025-08-15 17:12:31.559 28668-28704 BufferQueueProducer     com.msidecoder.scanner               E  [SurfaceView[com.msidecoder.scanner/com.msidecoder.scanner.MainActivity]#1(BLAST Consumer)1](id:6ffc00000001,api:4,p:1826,c:28668) cancelBuffer: BufferQueue has been abandoned
2025-08-15 17:12:31.559 28668-28704 BufferQueueProducer     com.msidecoder.scanner               E  [SurfaceView[com.msidecoder.scanner/com.msidecoder.scanner.MainActivity]#1(BLAST Consumer)1](id:6ffc00000001,api:4,p:1826,c:28668) cancelBuffer: BufferQueue has been abandoned
2025-08-15 17:12:31.691 28668-28704 libc                    com.msidecoder.scanner               W  Access denied finding property "vendor.camera.aux.packagelist"
2025-08-15 17:12:31.693 28668-28704 libc                    com.msidecoder.scanner               W  Access denied finding property "vendor.camera.aux.packagelist"
2025-08-15 17:12:31.693 28668-28704 CameraManagerGlobal     com.msidecoder.scanner               W  ignore the torch status update of camera: 2
2025-08-15 17:12:31.694 28668-28704 libc                    com.msidecoder.scanner               W  Access denied finding property "vendor.camera.aux.packagelist"
2025-08-15 17:12:31.694 28668-28704 CameraManagerGlobal     com.msidecoder.scanner               W  ignore the torch status update of camera: 3
2025-08-15 17:12:31.699 28668-28704 CameraManagerGlobal     com.msidecoder.scanner               E  Camera 3 is not present. Ignore physical camera status change
2025-08-15 17:12:31.702 28668-28694 UseCaseAttachState      com.msidecoder.scanner               D  Active and attached use case: [] for camera: 0
2025-08-15 17:12:31.700 28668-28704 libc                    com.msidecoder.scanner               W  Access denied finding property "vendor.camera.aux.packagelist"
2025-08-15 17:12:31.706 28668-28694 DeferrableSurface       com.msidecoder.scanner               D  use count-1,  useCount=0 closed=true androidx.camera.core.SurfaceRequest$2@c7e906e
2025-08-15 17:12:31.706 28668-28694 DeferrableSurface       com.msidecoder.scanner               D  Surface no longer in use[total_surfaces=1, used_surfaces=0](androidx.camera.core.SurfaceRequest$2@c7e906e}
2025-08-15 17:12:31.706 28668-28694 DeferrableSurface       com.msidecoder.scanner               D  Surface terminated[total_surfaces=0, used_surfaces=0](androidx.camera.core.SurfaceRequest$2@c7e906e}
2025-08-15 17:12:31.708 28668-28694 Camera2CameraImpl       com.msidecoder.scanner               D  {Camera@d53e574[id=0]} CameraDevice.onClosed()
2025-08-15 17:12:31.708 28668-28668 SurfaceViewImpl         com.msidecoder.scanner               D  Safe to release surface.
2025-08-15 17:12:31.708 28668-28694 Camera2CameraImpl       com.msidecoder.scanner               D  {Camera@d53e574[id=0]} Transitioning camera internal state: CLOSING --> INITIALIZED
2025-08-15 17:12:31.709 28668-28694 CameraStateRegistry     com.msidecoder.scanner               D  Recalculating open cameras:
                                                                                                    Camera                                       State                 
                                                                                                    -------------------------------------------------------------------
                                                                                                    Camera@d53e574[id=0]                         CLOSED                
                                                                                                    Camera@d24e399[id=1]                         UNKNOWN               
                                                                                                    -------------------------------------------------------------------
                                                                                                    Open count: 0 (Max allowed: 1)
2025-08-15 17:12:31.709 28668-28694 CameraStateMachine      com.msidecoder.scanner               D  New public camera state CameraState{type=CLOSED, error=null} from CLOSED and null
2025-08-15 17:12:31.710 28668-28694 CameraStateMachine      com.msidecoder.scanner               D  Publishing new public camera state CameraState{type=CLOSED, error=null}
2025-08-15 17:12:33.049 28668-28668 MSIScanner              com.msidecoder.scanner               D  === ON RESUME ===
2025-08-15 17:12:33.049 28668-28668 MSIScanner              com.msidecoder.scanner               D  CameraControlsManager state on resume: CameraControlsState(torchEnabled=false, zoomLevel=ZOOM_2X, zoomType=DIGITAL)
2025-08-15 17:12:33.049 28668-28668 MSIScanner              com.msidecoder.scanner               D  Applying zoom on resume: 2.0
2025-08-15 17:12:33.049 28668-28668 MSIScanner              com.msidecoder.scanner               D  === ON RESUME COMPLETE ===
2025-08-15 17:12:33.051 28668-28697 Camera2CameraImpl       com.msidecoder.scanner               D  {Camera@d53e574[id=0]} Use cases [androidx.camera.core.Preview-413e12e2-086c-4b66-a717-3c5aa10a061e182414645] now ATTACHED
2025-08-15 17:12:33.052 28668-28697 UseCaseAttachState      com.msidecoder.scanner               D  All use case: [androidx.camera.core.Preview-413e12e2-086c-4b66-a717-3c5aa10a061e182414645] for camera: 0
2025-08-15 17:12:33.052 28668-28697 UseCaseAttachState      com.msidecoder.scanner               D  Active and attached use case: [] for camera: 0
2025-08-15 17:12:33.056 28668-28697 Camera2CameraImpl       com.msidecoder.scanner               D  {Camera@d53e574[id=0]} Resetting Capture Session
2025-08-15 17:12:33.056 28668-28697 Camera2CameraImpl       com.msidecoder.scanner               D  {Camera@d53e574[id=0]} Releasing session in state INITIALIZED
2025-08-15 17:12:33.057 28668-28697 Camera2CameraImpl       com.msidecoder.scanner               D  {Camera@d53e574[id=0]} Attempting to force open the camera.
2025-08-15 17:12:33.057 28668-28697 CameraStateRegistry     com.msidecoder.scanner               D  tryOpenCamera(Camera@d53e574[id=0]) [Available Cameras: 1, Already Open: false (Previous state: CLOSED)] --> SUCCESS
2025-08-15 17:12:33.057 28668-28697 CameraStateRegistry     com.msidecoder.scanner               D  Recalculating open cameras:
                                                                                                    Camera                                       State                 
                                                                                                    -------------------------------------------------------------------
                                                                                                    Camera@d53e574[id=0]                         OPENING               
                                                                                                    Camera@d24e399[id=1]                         UNKNOWN               
                                                                                                    -------------------------------------------------------------------
                                                                                                    Open count: 1 (Max allowed: 1)
2025-08-15 17:12:33.057 28668-28697 Camera2CameraImpl       com.msidecoder.scanner               D  {Camera@d53e574[id=0]} Opening camera.
2025-08-15 17:12:33.057 28668-28697 Camera2CameraImpl       com.msidecoder.scanner               D  {Camera@d53e574[id=0]} Transitioning camera internal state: INITIALIZED --> OPENING
2025-08-15 17:12:33.057 28668-28697 CameraStateMachine      com.msidecoder.scanner               D  New public camera state CameraState{type=OPENING, error=null} from OPENING and null
2025-08-15 17:12:33.057 28668-28697 CameraStateMachine      com.msidecoder.scanner               D  Publishing new public camera state CameraState{type=OPENING, error=null}
2025-08-15 17:12:33.058 28668-28697 UseCaseAttachState      com.msidecoder.scanner               D  All use case: [androidx.camera.core.Preview-413e12e2-086c-4b66-a717-3c5aa10a061e182414645] for camera: 0
2025-08-15 17:12:33.062 28668-28697 libc                    com.msidecoder.scanner               W  Access denied finding property "persist.vendor.camera.privapp.list"
2025-08-15 17:12:33.063  1826-11474 CameraService           cameraserver                         E  CameraService::connect call (PID 28668 "com.msidecoder.scanner", camera ID 0) and Camera API version 2
2025-08-15 17:12:33.067 28668-28668 libc                    com.msidecoder.scanner               W  Access denied finding property "vendor.display.enable_optimal_refresh_rate"
2025-08-15 17:12:33.067 28668-28668 libc                    com.msidecoder.scanner               W  Access denied finding property "vendor.gpp.create_frc_extension"
2025-08-15 17:12:33.063 28668-28668 decoder.scanner         com.msidecoder.scanner               W  type=1400 audit(0.0:2078): avc:  denied  { read } for  name="u:object_r:vendor_display_prop:s0" dev="tmpfs" ino=1465 scontext=u:r:untrusted_app:s0:c72,c256,c512,c768 tcontext=u:object_r:vendor_display_prop:s0 tclass=file permissive=0 app=com.msidecoder.scanner
2025-08-15 17:12:33.069 28668-28706 libc                    com.msidecoder.scanner               W  Access denied finding property "vendor.camera.aux.packagelist"
2025-08-15 17:12:33.073 28668-28668 libc                    com.msidecoder.scanner               W  Access denied finding property "vendor.display.enable_optimal_refresh_rate"
2025-08-15 17:12:33.074 28668-28668 libc                    com.msidecoder.scanner               W  Access denied finding property "vendor.gpp.create_frc_extension"
2025-08-15 17:12:33.074 28668-28668 SurfaceViewImpl         com.msidecoder.scanner               D  Surface created.
2025-08-15 17:12:33.075 28668-28668 SurfaceViewImpl         com.msidecoder.scanner               D  Surface changed. Size: 1600x1200
2025-08-15 17:12:33.075 28668-28706 CameraManagerGlobal     com.msidecoder.scanner               E  Camera 3 is not present. Ignore physical camera status change
2025-08-15 17:12:33.076 28668-28706 libc                    com.msidecoder.scanner               W  Access denied finding property "vendor.camera.aux.packagelist"
2025-08-15 17:12:33.076 28668-28706 libc                    com.msidecoder.scanner               W  Access denied finding property "vendor.camera.aux.packagelist"
2025-08-15 17:12:33.076 28668-28706 CameraManagerGlobal     com.msidecoder.scanner               W  ignore the torch status update of camera: 2
2025-08-15 17:12:33.071 28668-28668 decoder.scanner         com.msidecoder.scanner               W  type=1400 audit(0.0:2079): avc:  denied  { read } for  name="u:object_r:vendor_display_prop:s0" dev="tmpfs" ino=1465 scontext=u:r:untrusted_app:s0:c72,c256,c512,c768 tcontext=u:object_r:vendor_display_prop:s0 tclass=file permissive=0 app=com.msidecoder.scanner
2025-08-15 17:12:33.076 28668-28706 libc                    com.msidecoder.scanner               W  Access denied finding property "vendor.camera.aux.packagelist"
2025-08-15 17:12:33.076 28668-28706 CameraManagerGlobal     com.msidecoder.scanner               W  ignore the torch status update of camera: 3
2025-08-15 17:12:33.077 28668-28668 SurfaceView             com.msidecoder.scanner               I  surfaceview vote min fps
2025-08-15 17:12:33.097 28668-28668 DeferrableSurface       com.msidecoder.scanner               D  Surface created[total_surfaces=1, used_surfaces=0](androidx.camera.core.processing.SurfaceEdge$SettableSurface@7e456de}
2025-08-15 17:12:33.106 28668-28697 Camera2CameraImpl       com.msidecoder.scanner               D  {Camera@d53e574[id=0]} Use case androidx.camera.core.Preview-413e12e2-086c-4b66-a717-3c5aa10a061e182414645 ACTIVE
2025-08-15 17:12:33.107 28668-28697 UseCaseAttachState      com.msidecoder.scanner               D  Active and attached use case: [androidx.camera.core.Preview-413e12e2-086c-4b66-a717-3c5aa10a061e182414645] for camera: 0
2025-08-15 17:12:33.112 28668-28697 UseCaseAttachState      com.msidecoder.scanner               D  Active and attached use case: [androidx.camera.core.Preview-413e12e2-086c-4b66-a717-3c5aa10a061e182414645] for camera: 0
2025-08-15 17:12:33.117 28668-28697 Camera2CameraImpl       com.msidecoder.scanner               D  {Camera@d53e574[id=0]} Use case androidx.camera.core.Preview-413e12e2-086c-4b66-a717-3c5aa10a061e182414645 RESET
2025-08-15 17:12:33.117 28668-28697 UseCaseAttachState      com.msidecoder.scanner               D  All use case: [androidx.camera.core.Preview-413e12e2-086c-4b66-a717-3c5aa10a061e182414645] for camera: 0
2025-08-15 17:12:33.118 28668-28697 Camera2CameraImpl       com.msidecoder.scanner               D  {Camera@d53e574[id=0]} Resetting Capture Session
2025-08-15 17:12:33.118 28668-28697 Camera2CameraImpl       com.msidecoder.scanner               D  {Camera@d53e574[id=0]} Releasing session in state OPENING
2025-08-15 17:12:33.118 28668-28668 NtViewRootImpl          com.msidecoder.scanner               D  mPopUpViewOffsets: offset=(0.0, 0.0), scale=(1.0, 1.0)
2025-08-15 17:12:33.118 28668-28697 UseCaseAttachState      com.msidecoder.scanner               D  Active and attached use case: [androidx.camera.core.Preview-413e12e2-086c-4b66-a717-3c5aa10a061e182414645] for camera: 0
2025-08-15 17:12:33.121 28668-28697 Camera2CameraImpl       com.msidecoder.scanner               D  {Camera@d53e574[id=0]} CameraDevice.onOpened()
2025-08-15 17:12:33.121 28668-28697 Camera2CameraImpl       com.msidecoder.scanner               D  {Camera@d53e574[id=0]} Transitioning camera internal state: OPENING --> OPENED
2025-08-15 17:12:33.122 28668-28697 CameraStateRegistry     com.msidecoder.scanner               D  Recalculating open cameras:
                                                                                                    Camera                                       State                 
                                                                                                    -------------------------------------------------------------------
                                                                                                    Camera@d53e574[id=0]                         OPEN                  
                                                                                                    Camera@d24e399[id=1]                         UNKNOWN               
                                                                                                    -------------------------------------------------------------------
                                                                                                    Open count: 1 (Max allowed: 1)
2025-08-15 17:12:33.122 28668-28697 CameraStateMachine      com.msidecoder.scanner               D  New public camera state CameraState{type=OPEN, error=null} from OPEN and null
2025-08-15 17:12:33.122 28668-28697 CameraStateMachine      com.msidecoder.scanner               D  Publishing new public camera state CameraState{type=OPEN, error=null}
2025-08-15 17:12:33.124 28668-28697 UseCaseAttachState      com.msidecoder.scanner               D  All use case: [androidx.camera.core.Preview-413e12e2-086c-4b66-a717-3c5aa10a061e182414645] for camera: 0
2025-08-15 17:12:33.127 28668-28697 UseCaseAttachState      com.msidecoder.scanner               D  Active and attached use case: [androidx.camera.core.Preview-413e12e2-086c-4b66-a717-3c5aa10a061e182414645] for camera: 0
2025-08-15 17:12:33.131 28668-28697 SyncCaptureSessionBase  com.msidecoder.scanner               D  [androidx.camera.camera2.internal.SynchronizedCaptureSessionBaseImpl@c31fa9a] getSurface...done
2025-08-15 17:12:33.132 28668-28697 Camera2CameraImpl       com.msidecoder.scanner               D  {Camera@d53e574[id=0]} Posting surface closed
                                                                                                    java.lang.Throwable
                                                                                                        at androidx.camera.camera2.internal.Camera2CameraImpl.postSurfaceClosedError(Camera2CameraImpl.java:1302)
                                                                                                        at androidx.camera.camera2.internal.Camera2CameraImpl$2.onFailure(Camera2CameraImpl.java:1244)
                                                                                                        at androidx.camera.core.impl.utils.futures.Futures$CallbackListener.run(Futures.java:345)
                                                                                                        at androidx.camera.core.impl.utils.executor.SequentialExecutor$QueueWorker.workOnQueue(SequentialExecutor.java:231)
                                                                                                        at androidx.camera.core.impl.utils.executor.SequentialExecutor$QueueWorker.run(SequentialExecutor.java:173)
                                                                                                        at java.util.concurrent.ThreadPoolExecutor.runWorker(ThreadPoolExecutor.java:1156)
                                                                                                        at java.util.concurrent.ThreadPoolExecutor$Worker.run(ThreadPoolExecutor.java:651)
                                                                                                        at java.lang.Thread.run(Thread.java:1119)
2025-08-15 17:12:33.133 28668-28668 DeferrableSurface       com.msidecoder.scanner               D  surface closed,  useCount=0 closed=true androidx.camera.core.processing.SurfaceEdge$SettableSurface@7e456de
2025-08-15 17:12:33.133 28668-28668 DeferrableSurface       com.msidecoder.scanner               D  Surface terminated[total_surfaces=0, used_surfaces=0](androidx.camera.core.processing.SurfaceEdge$SettableSurface@7e456de}
2025-08-15 17:12:33.133 28668-28668 CameraOrientationUtil   com.msidecoder.scanner               D  getRelativeImageRotation: destRotationDegrees=0, sourceRotationDegrees=90, isOppositeFacing=true, result=90
2025-08-15 17:12:33.133 28668-28668 DeferrableSurface       com.msidecoder.scanner               D  Surface created[total_surfaces=1, used_surfaces=0](androidx.camera.core.processing.SurfaceEdge$SettableSurface@7956ec1}
2025-08-15 17:12:33.133 28668-28668 DeferrableSurface       com.msidecoder.scanner               D  Surface created[total_surfaces=2, used_surfaces=0](androidx.camera.core.SurfaceRequest$2@fc935fd}
2025-08-15 17:12:33.134 28668-28668 DeferrableSurface       com.msidecoder.scanner               D  New surface in use[total_surfaces=2, used_surfaces=1](androidx.camera.core.SurfaceRequest$2@fc935fd}
2025-08-15 17:12:33.134 28668-28668 DeferrableSurface       com.msidecoder.scanner               D  use count+1, useCount=1 androidx.camera.core.SurfaceRequest$2@fc935fd
2025-08-15 17:12:33.134 28668-28668 CameraOrientationUtil   com.msidecoder.scanner               D  getRelativeImageRotation: destRotationDegrees=0, sourceRotationDegrees=90, isOppositeFacing=true, result=90
2025-08-15 17:12:33.135 28668-28694 Camera2CameraImpl       com.msidecoder.scanner               D  {Camera@d53e574[id=0]} Use case androidx.camera.core.Preview-413e12e2-086c-4b66-a717-3c5aa10a061e182414645 RESET
2025-08-15 17:12:33.136 28668-28694 UseCaseAttachState      com.msidecoder.scanner               D  All use case: [androidx.camera.core.Preview-413e12e2-086c-4b66-a717-3c5aa10a061e182414645] for camera: 0
2025-08-15 17:12:33.136 28668-28694 Camera2CameraImpl       com.msidecoder.scanner               D  {Camera@d53e574[id=0]} Resetting Capture Session
2025-08-15 17:12:33.137 28668-28694 Camera2CameraImpl       com.msidecoder.scanner               D  {Camera@d53e574[id=0]} Releasing session in state OPENED
2025-08-15 17:12:33.137 28668-28668 PreviewView             com.msidecoder.scanner               D  Surface requested by Preview.
2025-08-15 17:12:33.138 28668-28694 UseCaseAttachState      com.msidecoder.scanner               D  Active and attached use case: [androidx.camera.core.Preview-413e12e2-086c-4b66-a717-3c5aa10a061e182414645] for camera: 0
2025-08-15 17:12:33.140 28668-28668 PreviewView             com.msidecoder.scanner               D  Preview transformation info updated. TransformationInfo{getCropRect=Rect(0, 0 - 1600, 1200), getRotationDegrees=90, getTargetRotation=0, hasCameraTransform=true, getSensorToBufferTransform=Matrix{[1.0, 0.0, 0.0][0.0, 1.0, 0.0][0.0, 0.0, 1.0]}, getMirroring=false}
2025-08-15 17:12:33.140 28668-28668 PreviewTransform        com.msidecoder.scanner               D  Transformation info set: TransformationInfo{getCropRect=Rect(0, 0 - 1600, 1200), getRotationDegrees=90, getTargetRotation=0, hasCameraTransform=true, getSensorToBufferTransform=Matrix{[1.0, 0.0, 0.0][0.0, 1.0, 0.0][0.0, 0.0, 1.0]}, getMirroring=false} 1600x1200 false
2025-08-15 17:12:33.141 28668-28668 CameraOrientationUtil   com.msidecoder.scanner               D  getRelativeImageRotation: destRotationDegrees=0, sourceRotationDegrees=90, isOppositeFacing=true, result=90
2025-08-15 17:12:33.142 28668-28668 SurfaceViewImpl         com.msidecoder.scanner               D  Surface set on Preview.
2025-08-15 17:12:33.144 28668-28694 UseCaseAttachState      com.msidecoder.scanner               D  All use case: [androidx.camera.core.Preview-413e12e2-086c-4b66-a717-3c5aa10a061e182414645] for camera: 0
2025-08-15 17:12:33.146 28668-28694 SyncCaptureSessionBase  com.msidecoder.scanner               D  [androidx.camera.camera2.internal.SynchronizedCaptureSessionBaseImpl@e38986d] getSurface...done
2025-08-15 17:12:33.146 28668-28694 CaptureSession          com.msidecoder.scanner               D  Opening capture session.
2025-08-15 17:12:33.148 28668-28694 DeferrableSurface       com.msidecoder.scanner               D  use count+1, useCount=2 androidx.camera.core.SurfaceRequest$2@fc935fd
2025-08-15 17:12:33.302 28668-28694 CaptureSession          com.msidecoder.scanner               D  Attempting to send capture request onConfigured
2025-08-15 17:12:33.302 28668-28694 CaptureSession          com.msidecoder.scanner               D  Issuing request for session.
2025-08-15 17:12:33.302 28668-28694 Camera2Cap...estBuilder com.msidecoder.scanner               D  createCaptureRequest
2025-08-15 17:12:33.308 28668-28694 CaptureSession          com.msidecoder.scanner               D  CameraCaptureSession.onConfigured() mState=OPENED
2025-08-15 17:12:33.308 28668-28694 CaptureSession          com.msidecoder.scanner               D  CameraCaptureSession.onReady() OPENED
2025-08-15 17:12:33.461 28668-28697 StreamStateObserver     com.msidecoder.scanner               D  Update Preview stream state to STREAMING
2025-08-15 17:12:33.634 28668-28668 CameraOrientationUtil   com.msidecoder.scanner               D  getRelativeImageRotation: destRotationDegrees=0, sourceRotationDegrees=90, isOppositeFacing=true, result=90
2025-08-15 17:12:37.927 28668-28668 MSIScanner              com.msidecoder.scanner               D  === ZOOM BUTTON CLICKED ===
2025-08-15 17:12:37.927 28668-28668 MSIScanner              com.msidecoder.scanner               D  Before click - CameraControlsManager: ZOOM_2X
2025-08-15 17:12:37.927 28668-28668 MSIScanner              com.msidecoder.scanner               D  Before click - Camera zoom: 2.0
2025-08-15 17:12:37.928 28668-28668 MSIScanner              com.msidecoder.scanner               D  Camera controls updated: Torch=false, Zoom=3×
2025-08-15 17:12:37.929 28668-28668 MSIScanner              com.msidecoder.scanner               D  After click - CameraControlsManager: ZOOM_3X
2025-08-15 17:12:37.929 28668-28668 MSIScanner              com.msidecoder.scanner               D  === ZOOM BUTTON CLICK COMPLETE ===
2025-08-15 17:12:37.931 28668-28697 Camera2CameraImpl       com.msidecoder.scanner               D  {Camera@d53e574[id=0]} Issue capture request
2025-08-15 17:12:37.931 28668-28697 CaptureSession          com.msidecoder.scanner               D  Issuing capture request.
2025-08-15 17:12:37.939 28668-28697 Camera2Cap...estBuilder com.msidecoder.scanner               D  createCaptureRequest
2025-08-15 17:12:37.943 28668-28697 UseCaseAttachState      com.msidecoder.scanner               D  Active and attached use case: [androidx.camera.core.Preview-413e12e2-086c-4b66-a717-3c5aa10a061e182414645] for camera: 0
2025-08-15 17:12:37.945 28668-28697 CaptureSession          com.msidecoder.scanner               D  Attempting to submit CaptureRequest after setting
2025-08-15 17:12:37.945 28668-28697 CaptureSession          com.msidecoder.scanner               D  Issuing request for session.
2025-08-15 17:12:37.946 28668-28697 Camera2Cap...estBuilder com.msidecoder.scanner               D  createCaptureRequest
2025-08-15 17:12:37.951 28668-28697 UseCaseAttachState      com.msidecoder.scanner               D  Active and attached use case: [androidx.camera.core.Preview-413e12e2-086c-4b66-a717-3c5aa10a061e182414645] for camera: 0
2025-08-15 17:12:37.953 28668-28697 CaptureSession          com.msidecoder.scanner               D  Attempting to submit CaptureRequest after setting
2025-08-15 17:12:37.953 28668-28697 CaptureSession          com.msidecoder.scanner               D  Issuing request for session.
2025-08-15 17:12:37.954 28668-28697 Camera2Cap...estBuilder com.msidecoder.scanner               D  createCaptureRequest
2025-08-15 17:12:38.971 28668-28668 MSIScanner              com.msidecoder.scanner               D  === ZOOM BUTTON CLICKED ===
2025-08-15 17:12:38.971 28668-28668 MSIScanner              com.msidecoder.scanner               D  Before click - CameraControlsManager: ZOOM_3X
2025-08-15 17:12:38.971 28668-28668 MSIScanner              com.msidecoder.scanner               D  Before click - Camera zoom: 3.0
2025-08-15 17:12:38.973 28668-28668 MSIScanner              com.msidecoder.scanner               D  Camera controls updated: Torch=false, Zoom=1×
2025-08-15 17:12:38.973 28668-28668 MSIScanner              com.msidecoder.scanner               D  After click - CameraControlsManager: ZOOM_1X
2025-08-15 17:12:38.973 28668-28668 MSIScanner              com.msidecoder.scanner               D  === ZOOM BUTTON CLICK COMPLETE ===
2025-08-15 17:12:38.977 28668-28697 Camera2CameraImpl       com.msidecoder.scanner               D  {Camera@d53e574[id=0]} Issue capture request
2025-08-15 17:12:38.977 28668-28697 CaptureSession          com.msidecoder.scanner               D  Issuing capture request.
2025-08-15 17:12:38.984 28668-28697 Camera2Cap...estBuilder com.msidecoder.scanner               D  createCaptureRequest
2025-08-15 17:12:38.992 28668-28697 UseCaseAttachState      com.msidecoder.scanner               D  Active and attached use case: [androidx.camera.core.Preview-413e12e2-086c-4b66-a717-3c5aa10a061e182414645] for camera: 0
2025-08-15 17:12:38.994 28668-28697 CaptureSession          com.msidecoder.scanner               D  Attempting to submit CaptureRequest after setting
2025-08-15 17:12:38.994 28668-28697 CaptureSession          com.msidecoder.scanner               D  Issuing request for session.
2025-08-15 17:12:38.994 28668-28697 Camera2Cap...estBuilder com.msidecoder.scanner               D  createCaptureRequest
2025-08-15 17:12:38.999 28668-28697 UseCaseAttachState      com.msidecoder.scanner               D  Active and attached use case: [androidx.camera.core.Preview-413e12e2-086c-4b66-a717-3c5aa10a061e182414645] for camera: 0
2025-08-15 17:12:39.001 28668-28697 CaptureSession          com.msidecoder.scanner               D  Attempting to submit CaptureRequest after setting
2025-08-15 17:12:39.001 28668-28697 CaptureSession          com.msidecoder.scanner               D  Issuing request for session.
2025-08-15 17:12:39.001 28668-28697 Camera2Cap...estBuilder com.msidecoder.scanner               D  createCaptureRequest
2025-08-15 17:12:41.366 28668-28668 MSIScanner              com.msidecoder.scanner               D  === ZOOM BUTTON CLICKED ===
2025-08-15 17:12:41.366 28668-28668 MSIScanner              com.msidecoder.scanner               D  Before click - CameraControlsManager: ZOOM_1X
2025-08-15 17:12:41.366 28668-28668 MSIScanner              com.msidecoder.scanner               D  Before click - Camera zoom: 1.0
2025-08-15 17:12:41.368 28668-28668 MSIScanner              com.msidecoder.scanner               D  Camera controls updated: Torch=false, Zoom=2×
2025-08-15 17:12:41.368 28668-28668 MSIScanner              com.msidecoder.scanner               D  After click - CameraControlsManager: ZOOM_2X
2025-08-15 17:12:41.368 28668-28668 MSIScanner              com.msidecoder.scanner               D  === ZOOM BUTTON CLICK COMPLETE ===
2025-08-15 17:12:41.373 28668-28694 Camera2CameraImpl       com.msidecoder.scanner               D  {Camera@d53e574[id=0]} Issue capture request
2025-08-15 17:12:41.373 28668-28694 CaptureSession          com.msidecoder.scanner               D  Issuing capture request.
2025-08-15 17:12:41.377 28668-28694 Camera2Cap...estBuilder com.msidecoder.scanner               D  createCaptureRequest
2025-08-15 17:12:41.385 28668-28694 UseCaseAttachState      com.msidecoder.scanner               D  Active and attached use case: [androidx.camera.core.Preview-413e12e2-086c-4b66-a717-3c5aa10a061e182414645] for camera: 0
2025-08-15 17:12:41.387 28668-28694 CaptureSession          com.msidecoder.scanner               D  Attempting to submit CaptureRequest after setting
2025-08-15 17:12:41.387 28668-28694 CaptureSession          com.msidecoder.scanner               D  Issuing request for session.
2025-08-15 17:12:41.388 28668-28694 Camera2Cap...estBuilder com.msidecoder.scanner               D  createCaptureRequest
2025-08-15 17:12:41.391 28668-28694 UseCaseAttachState      com.msidecoder.scanner               D  Active and attached use case: [androidx.camera.core.Preview-413e12e2-086c-4b66-a717-3c5aa10a061e182414645] for camera: 0
2025-08-15 17:12:41.393 28668-28694 CaptureSession          com.msidecoder.scanner               D  Attempting to submit CaptureRequest after setting
2025-08-15 17:12:41.393 28668-28694 CaptureSession          com.msidecoder.scanner               D  Issuing request for session.
2025-08-15 17:12:41.393 28668-28694 Camera2Cap...estBuilder com.msidecoder.scanner               D  createCaptureRequest
2025-08-15 17:12:42.039 28668-28668 MSIScanner              com.msidecoder.scanner               D  === ZOOM BUTTON CLICKED ===
2025-08-15 17:12:42.039 28668-28668 MSIScanner              com.msidecoder.scanner               D  Before click - CameraControlsManager: ZOOM_2X
2025-08-15 17:12:42.039 28668-28668 MSIScanner              com.msidecoder.scanner               D  Before click - Camera zoom: 2.0
2025-08-15 17:12:42.041 28668-28668 MSIScanner              com.msidecoder.scanner               D  Camera controls updated: Torch=false, Zoom=3×
2025-08-15 17:12:42.041 28668-28668 MSIScanner              com.msidecoder.scanner               D  After click - CameraControlsManager: ZOOM_3X
2025-08-15 17:12:42.041 28668-28668 MSIScanner              com.msidecoder.scanner               D  === ZOOM BUTTON CLICK COMPLETE ===
2025-08-15 17:12:42.042 28668-28694 Camera2CameraImpl       com.msidecoder.scanner               D  {Camera@d53e574[id=0]} Issue capture request
2025-08-15 17:12:42.043 28668-28694 CaptureSession          com.msidecoder.scanner               D  Issuing capture request.
2025-08-15 17:12:42.049 28668-28694 Camera2Cap...estBuilder com.msidecoder.scanner               D  createCaptureRequest
2025-08-15 17:12:42.054 28668-28694 UseCaseAttachState      com.msidecoder.scanner               D  Active and attached use case: [androidx.camera.core.Preview-413e12e2-086c-4b66-a717-3c5aa10a061e182414645] for camera: 0
2025-08-15 17:12:42.056 28668-28694 CaptureSession          com.msidecoder.scanner               D  Attempting to submit CaptureRequest after setting
2025-08-15 17:12:42.056 28668-28694 CaptureSession          com.msidecoder.scanner               D  Issuing request for session.
2025-08-15 17:12:42.056 28668-28694 Camera2Cap...estBuilder com.msidecoder.scanner               D  createCaptureRequest
2025-08-15 17:12:42.062 28668-28694 UseCaseAttachState      com.msidecoder.scanner               D  Active and attached use case: [androidx.camera.core.Preview-413e12e2-086c-4b66-a717-3c5aa10a061e182414645] for camera: 0
2025-08-15 17:12:42.063 28668-28694 CaptureSession          com.msidecoder.scanner               D  Attempting to submit CaptureRequest after setting
2025-08-15 17:12:42.063 28668-28694 CaptureSession          com.msidecoder.scanner               D  Issuing request for session.
2025-08-15 17:12:42.064 28668-28694 Camera2Cap...estBuilder com.msidecoder.scanner               D  createCaptureRequest
2025-08-15 17:12:42.983 28668-28668 CameraOrientationUtil   com.msidecoder.scanner               D  getRelativeImageRotation: destRotationDegrees=0, sourceRotationDegrees=90, isOppositeFacing=true, result=90
2025-08-15 17:12:43.572 28668-28668 VRI[MainActivity]       com.msidecoder.scanner               D  visibilityChanged oldVisibility=true newVisibility=false
2025-08-15 17:12:43.578 28668-28668 SurfaceViewImpl         com.msidecoder.scanner               D  Surface destroyed.
2025-08-15 17:12:43.578 28668-28668 SurfaceViewImpl         com.msidecoder.scanner               D  Surface closed androidx.camera.core.SurfaceRequest@53e3254
2025-08-15 17:12:43.578 28668-28668 DeferrableSurface       com.msidecoder.scanner               D  surface closed,  useCount=2 closed=true androidx.camera.core.SurfaceRequest$2@fc935fd
2025-08-15 17:12:43.600 28668-28668 DeferrableSurface       com.msidecoder.scanner               D  surface closed,  useCount=0 closed=true androidx.camera.core.processing.SurfaceEdge$SettableSurface@7956ec1
2025-08-15 17:12:43.601 28668-28668 DeferrableSurface       com.msidecoder.scanner               D  Surface terminated[total_surfaces=1, used_surfaces=1](androidx.camera.core.processing.SurfaceEdge$SettableSurface@7956ec1}
2025-08-15 17:12:43.601 28668-28668 DeferrableSurface       com.msidecoder.scanner               D  use count-1,  useCount=1 closed=true androidx.camera.core.SurfaceRequest$2@fc935fd
2025-08-15 17:12:43.604 28668-28697 Camera2CameraImpl       com.msidecoder.scanner               D  {Camera@d53e574[id=0]} Use cases [androidx.camera.core.Preview-413e12e2-086c-4b66-a717-3c5aa10a061e182414645] now DETACHED for camera
2025-08-15 17:12:43.605 28668-28697 UseCaseAttachState      com.msidecoder.scanner               D  All use case: [] for camera: 0
2025-08-15 17:12:43.605 28668-29136 BufferQueueProducer     com.msidecoder.scanner               E  [SurfaceView[com.msidecoder.scanner/com.msidecoder.scanner.MainActivity]#3(BLAST Consumer)3](id:6ffc00000003,api:4,p:1826,c:28668) dequeueBuffer: BufferQueue has been abandoned
2025-08-15 17:12:43.605 28668-28697 Camera2CameraImpl       com.msidecoder.scanner               D  {Camera@d53e574[id=0]} Resetting Capture Session
2025-08-15 17:12:43.607 28668-28681 BufferQueueProducer     com.msidecoder.scanner               E  [SurfaceView[com.msidecoder.scanner/com.msidecoder.scanner.MainActivity]#3(BLAST Consumer)3](id:6ffc00000003,api:4,p:1826,c:28668) queueBuffer: BufferQueue has been abandoned
2025-08-15 17:12:43.632 28668-28681 BufferQueueProducer     com.msidecoder.scanner               E  [SurfaceView[com.msidecoder.scanner/com.msidecoder.scanner.MainActivity]#3(BLAST Consumer)3](id:6ffc00000003,api:4,p:1826,c:28668) queueBuffer: BufferQueue has been abandoned
2025-08-15 17:12:43.657 28668-28697 Camera2CameraImpl       com.msidecoder.scanner               D  {Camera@d53e574[id=0]} Releasing session in state OPENED
2025-08-15 17:12:43.657 28668-28697 UseCaseAttachState      com.msidecoder.scanner               D  Active and attached use case: [] for camera: 0
2025-08-15 17:12:43.657 28668-29136 CameraDevice-JV-0       com.msidecoder.scanner               V  Resuming stop of failed repeating request with id: 12
2025-08-15 17:12:43.660 28668-28697 UseCaseAttachState      com.msidecoder.scanner               D  Active and attached use case: [] for camera: 0
2025-08-15 17:12:43.663 28668-28697 Camera2CameraImpl       com.msidecoder.scanner               D  {Camera@d53e574[id=0]} Closing camera.
2025-08-15 17:12:43.664 28668-28697 Camera2CameraImpl       com.msidecoder.scanner               D  {Camera@d53e574[id=0]} Transitioning camera internal state: OPENED --> CLOSING
2025-08-15 17:12:43.665 28668-28697 CameraStateRegistry     com.msidecoder.scanner               D  Recalculating open cameras:
                                                                                                    Camera                                       State                 
                                                                                                    -------------------------------------------------------------------
                                                                                                    Camera@d53e574[id=0]                         CLOSING               
                                                                                                    Camera@d24e399[id=1]                         UNKNOWN               
                                                                                                    -------------------------------------------------------------------
                                                                                                    Open count: 1 (Max allowed: 1)
2025-08-15 17:12:43.665 28668-28697 CameraStateMachine      com.msidecoder.scanner               D  New public camera state CameraState{type=CLOSING, error=null} from CLOSING and null
2025-08-15 17:12:43.665 28668-28697 CameraStateMachine      com.msidecoder.scanner               D  Publishing new public camera state CameraState{type=CLOSING, error=null}
2025-08-15 17:12:43.666 28668-28697 Camera2CameraImpl       com.msidecoder.scanner               D  {Camera@d53e574[id=0]} Resetting Capture Session
2025-08-15 17:12:43.666 28668-28681 BufferQueueProducer     com.msidecoder.scanner               E  [SurfaceView[com.msidecoder.scanner/com.msidecoder.scanner.MainActivity]#3(BLAST Consumer)3](id:6ffc00000003,api:4,p:1826,c:28668) queueBuffer: BufferQueue has been abandoned
2025-08-15 17:12:43.666 28668-28668 StreamStateObserver     com.msidecoder.scanner               D  Update Preview stream state to IDLE
2025-08-15 17:12:43.666 28668-28697 Camera2CameraImpl       com.msidecoder.scanner               D  {Camera@d53e574[id=0]} Releasing session in state CLOSING
