2025-08-27 22:50:44.789 13295-13295 MSIScanner              com.msidecoder.scanner               V  Device orientation: 13° → Expected rotation: 0
2025-08-27 22:50:44.940 13295-13341 Camera2CameraImpl       com.msidecoder.scanner               D  {Camera@56d6bef[id=0]} Issue capture request
2025-08-27 22:50:44.940 13295-13341 CaptureSession          com.msidecoder.scanner               D  Issuing capture request.
2025-08-27 22:50:44.945 13295-13341 Camera2Cap...estBuilder com.msidecoder.scanner               D  createCaptureRequest
2025-08-27 22:50:44.951 13295-13341 UseCaseAttachState      com.msidecoder.scanner               D  Active and attached use case: [androidx.camera.core.ImageCapture-dde84cac-6f77-4d66-85b6-95ebad67039f118359889, androidx.camera.core.Preview-48d35b1d-eb94-4555-a1c6-49d9557e650a222356600, androidx.camera.core.ImageAnalysis-3d64dd9c-c2d7-4d81-bb7b-9715e4cbc76e14285750] for camera: 0
2025-08-27 22:50:44.954 13295-13341 CaptureSession          com.msidecoder.scanner               D  Attempting to submit CaptureRequest after setting
2025-08-27 22:50:44.955 13295-13341 CaptureSession          com.msidecoder.scanner               D  Issuing request for session.
2025-08-27 22:50:44.955 13295-13341 Camera2Cap...estBuilder com.msidecoder.scanner               D  createCaptureRequest
2025-08-27 22:50:44.993 13295-13295 MSIScanner              com.msidecoder.scanner               V  Device orientation: 12° → Expected rotation: 0
2025-08-27 22:50:46.217 13295-13295 MSIScanner              com.msidecoder.scanner               V  Device orientation: 7° → Expected rotation: 0
2025-08-27 22:50:46.421 13295-13295 MSIScanner              com.msidecoder.scanner               V  Device orientation: 0° → Expected rotation: 0
2025-08-27 22:50:46.625 13295-13295 MSIScanner              com.msidecoder.scanner               V  Device orientation: 4° → Expected rotation: 0
2025-08-27 22:50:46.829 13295-13295 MSIScanner              com.msidecoder.scanner               V  Device orientation: 18° → Expected rotation: 0
2025-08-27 22:50:48.063 13295-13295 MSIScanner              com.msidecoder.scanner               D  Starting scanner with ScannerArbitrator
2025-08-27 22:50:48.063 13295-13295 MSIScanner              com.msidecoder.scanner               D  Scanner started - Processing activated
2025-08-27 22:50:48.153 13295-13485 ScannerArbitrator       com.msidecoder.scanner               D  BYPASSING ML Kit -> testing MSI directly
2025-08-27 22:50:48.156 13295-13485 MSIScanner              com.msidecoder.scanner               W  Using legacy NV21 scan method - consider using ImageProxy method
2025-08-27 22:50:48.161 13295-13485 OpenCVConverter         com.msidecoder.scanner               V  NV21→Gray conversion: 864x480 → 480x864 in 5ms (ROTATED 90°)
2025-08-27 22:50:48.162 13295-13485 OpenCVMSIDetector       com.msidecoder.scanner               V  Detecting ROI candidates in 480x864 image
2025-08-27 22:50:48.165 13295-13485 VisualDebugger          com.msidecoder.scanner               D  Using external storage for debug: /storage/emulated/0/Pictures/MSI_Debug
2025-08-27 22:50:48.322 13295-13485 VisualDebugger          com.msidecoder.scanner               D  Saved debug image: /storage/emulated/0/Pictures/MSI_Debug/225048-161_1_01_original.png
2025-08-27 22:50:48.339 13295-13485 VisualDebugger          com.msidecoder.scanner               D  Using external storage for debug: /storage/emulated/0/Pictures/MSI_Debug
2025-08-27 22:50:48.389 13295-13485 VisualDebugger          com.msidecoder.scanner               D  Saved debug image: /storage/emulated/0/Pictures/MSI_Debug/225048-161_1_02_gradients.png
2025-08-27 22:50:48.393 13295-13485 VisualDebugger          com.msidecoder.scanner               D  Using external storage for debug: /storage/emulated/0/Pictures/MSI_Debug
2025-08-27 22:50:48.437 13295-13485 VisualDebugger          com.msidecoder.scanner               D  Saved debug image: /storage/emulated/0/Pictures/MSI_Debug/225048-161_1_03_morphology.png
2025-08-27 22:50:48.440 13295-13485 OpenCVMSIDetector       com.msidecoder.scanner               V  Found 12 contours
2025-08-27 22:50:48.440 13295-13485 OpenCVMSIDetector       com.msidecoder.scanner               V  REJECT size: 23x16 < 100x30
2025-08-27 22:50:48.440 13295-13485 OpenCVMSIDetector       com.msidecoder.scanner               V  REJECT size: 101x15 < 100x30
2025-08-27 22:50:48.441 13295-13485 OpenCVMSIDetector       com.msidecoder.scanner               V  ACCEPT ROI: 238x83, ratio=2,9, area=19754, density=0,95, convexity=0,99, grad=343,8
2025-08-27 22:50:48.442 13295-13485 OpenCVMSIDetector       com.msidecoder.scanner               V  CONFIDENCE: 0,62 = aspect(0,30) + density(1,00) + compact(0,59) + pos(0,83)
2025-08-27 22:50:48.442 13295-13485 OpenCVMSIDetector       com.msidecoder.scanner               V  REJECT size: 13x42 < 100x30
2025-08-27 22:50:48.442 13295-13485 OpenCVMSIDetector       com.msidecoder.scanner               V  REJECT size: 18x16 < 100x30
2025-08-27 22:50:48.442 13295-13485 OpenCVMSIDetector       com.msidecoder.scanner               V  REJECT size: 38x12 < 100x30
2025-08-27 22:50:48.442 13295-13485 OpenCVMSIDetector       com.msidecoder.scanner               V  REJECT aspect ratio: 0.7855974 not in [2.5, 15.0]
2025-08-27 22:50:48.442 13295-13485 OpenCVMSIDetector       com.msidecoder.scanner               V  REJECT size: 56x28 < 100x30
2025-08-27 22:50:48.442 13295-13485 OpenCVMSIDetector       com.msidecoder.scanner               V  REJECT size: 24x31 < 100x30
2025-08-27 22:50:48.442 13295-13485 OpenCVMSIDetector       com.msidecoder.scanner               V  REJECT size: 81x35 < 100x30
2025-08-27 22:50:48.442 13295-13485 OpenCVMSIDetector       com.msidecoder.scanner               V  REJECT size: 24x15 < 100x30
2025-08-27 22:50:48.442 13295-13485 OpenCVMSIDetector       com.msidecoder.scanner               V  REJECT size: 30x16 < 100x30
2025-08-27 22:50:48.442 13295-13485 OpenCVMSIDetector       com.msidecoder.scanner               D  Detected 1 ROI candidates in 281ms
2025-08-27 22:50:48.442 13295-13485 OpenCVMSIDetector       com.msidecoder.scanner               D  High confidence ROIs: 0/1 (threshold: 0.8)
2025-08-27 22:50:48.442 13295-13485 OpenCVMSIDetector       com.msidecoder.scanner               W  No high confidence ROIs, using medium confidence (>=0.5)
2025-08-27 22:50:48.443 13295-13485 OpenCVMSIBinarizer      com.msidecoder.scanner               V  Binarizing ROI: ROI(rect=Rect(173, 456 - 411, 539), conf=0,62, ratio=2,9, grad=343,8)
2025-08-27 22:50:48.446 13295-13485 VisualDebugger          com.msidecoder.scanner               D  Using external storage for debug: /storage/emulated/0/Pictures/MSI_Debug
2025-08-27 22:50:48.485 13295-13485 VisualDebugger          com.msidecoder.scanner               D  Saved debug image: /storage/emulated/0/Pictures/MSI_Debug/225048-442_2_06_extracted_roi.png
2025-08-27 22:50:48.489 13295-13485 VisualDebugger          com.msidecoder.scanner               D  Using external storage for debug: /storage/emulated/0/Pictures/MSI_Debug
2025-08-27 22:50:48.514 13295-13485 VisualDebugger          com.msidecoder.scanner               D  Saved debug image: /storage/emulated/0/Pictures/MSI_Debug/225048-442_2_07_preprocessed.png
2025-08-27 22:50:48.515 13295-13485 OpenCVMSIBinarizer      com.msidecoder.scanner               V  Method 0 (Otsu): score=0,350
2025-08-27 22:50:48.563 13295-13485 OpenCVMSIBinarizer      com.msidecoder.scanner               V  Method 1 (AdaptiveGaussian): score=0,440
2025-08-27 22:50:48.564 13295-13485 OpenCVMSIBinarizer      com.msidecoder.scanner               V  Method 2 (AdaptiveMean): score=0,350
2025-08-27 22:50:48.564 13295-13485 OpenCVMSIBinarizer      com.msidecoder.scanner               V  Method 3 (Triangle): score=0,350
2025-08-27 22:50:48.564 13295-13485 OpenCVMSIBinarizer      com.msidecoder.scanner               V  Selected method: AdaptiveGaussian (confidence: 0,440)
2025-08-27 22:50:48.566 13295-13485 VisualDebugger          com.msidecoder.scanner               D  Using external storage for debug: /storage/emulated/0/Pictures/MSI_Debug
2025-08-27 22:50:48.590 13295-13485 VisualDebugger          com.msidecoder.scanner               D  Saved debug image: /storage/emulated/0/Pictures/MSI_Debug/225048-442_2_08_binarized_binary.png
2025-08-27 22:50:48.591 13295-13485 OpenCVMSIBinarizer      com.msidecoder.scanner               D  ROI binarized successfully in 149ms
2025-08-27 22:50:48.592 13295-13485 OpenCVMSIBinarizer      com.msidecoder.scanner               D  BinaryProfile(len=172, quality=1,00, transitions=68, avgBarWidth=1,8, ratio=2,87)
                                                                                                    ASCII: ······················██··█··███·█···█··███·█··██··██··█··██··███·██··█··██··██··██·····███·█···█··███·█···█··██··███·█···█···██··█··██··██··█···█··███·····················
                                                                                                    Compact: ·222·21·23·11·31·23·11·22·22·21·22·23·12·21·22·22·22·53·11·31·23·11·31·22·23·11·31·32·21·22·22·21·31·23·21
2025-08-27 22:50:48.593 13295-13485 OpenCVMSIBinarizer      com.msidecoder.scanner               D  BINARY PATTERN: ······················██··█··███·█···█··███·█··██··██··█··██··███·██··█··██··██··██·····███·█···█··███·█···█··██··███·█···█···██··█··██··██··█···█··███·····················
2025-08-27 22:50:48.593 13295-13485 MSIScanner              com.msidecoder.scanner               D  MSI binarization successful (legacy method)
2025-08-27 22:50:48.593 13295-13485 ScannerArbitrator       com.msidecoder.scanner               D  MSI no result → overall no detection
2025-08-27 22:50:48.594 13295-13485 ScannerArbitrator       com.msidecoder.scanner               D  BYPASSING ML Kit -> testing MSI directly
2025-08-27 22:50:48.595 13295-13485 MSIScanner              com.msidecoder.scanner               W  Using legacy NV21 scan method - consider using ImageProxy method
2025-08-27 22:50:48.595 13295-13485 OpenCVConverter         com.msidecoder.scanner               V  NV21→Gray conversion: 864x480 → 480x864 in 0ms (ROTATED 90°)
2025-08-27 22:50:48.596 13295-13485 OpenCVMSIDetector       com.msidecoder.scanner               V  Detecting ROI candidates in 480x864 image
2025-08-27 22:50:48.598 13295-13485 VisualDebugger          com.msidecoder.scanner               D  Using external storage for debug: /storage/emulated/0/Pictures/MSI_Debug
2025-08-27 22:50:48.601 13295-13295 RoiOverlayView          com.msidecoder.scanner               D  clearRoi called
2025-08-27 22:50:48.742 13295-13485 VisualDebugger          com.msidecoder.scanner               D  Saved debug image: /storage/emulated/0/Pictures/MSI_Debug/225048-595_3_01_original.png
2025-08-27 22:50:48.752 13295-13485 VisualDebugger          com.msidecoder.scanner               D  Using external storage for debug: /storage/emulated/0/Pictures/MSI_Debug
2025-08-27 22:50:48.832 13295-13485 VisualDebugger          com.msidecoder.scanner               D  Saved debug image: /storage/emulated/0/Pictures/MSI_Debug/225048-595_3_02_gradients.png
2025-08-27 22:50:48.839 13295-13485 VisualDebugger          com.msidecoder.scanner               D  Using external storage for debug: /storage/emulated/0/Pictures/MSI_Debug
2025-08-27 22:50:48.887 13295-13485 VisualDebugger          com.msidecoder.scanner               D  Saved debug image: /storage/emulated/0/Pictures/MSI_Debug/225048-595_3_03_morphology.png
2025-08-27 22:50:48.890 13295-13485 OpenCVMSIDetector       com.msidecoder.scanner               V  Found 13 contours
2025-08-27 22:50:48.890 13295-13485 OpenCVMSIDetector       com.msidecoder.scanner               V  REJECT size: 22x16 < 100x30
2025-08-27 22:50:48.890 13295-13485 OpenCVMSIDetector       com.msidecoder.scanner               V  REJECT size: 102x13 < 100x30
2025-08-27 22:50:48.891 13295-13485 OpenCVMSIDetector       com.msidecoder.scanner               V  ACCEPT ROI: 238x82, ratio=2,9, area=19516, density=0,96, convexity=0,99, grad=310,4
2025-08-27 22:50:48.891 13295-13485 OpenCVMSIDetector       com.msidecoder.scanner               V  CONFIDENCE: 0,62 = aspect(0,30) + density(1,00) + compact(0,59) + pos(0,84)
2025-08-27 22:50:48.892 13295-13485 OpenCVMSIDetector       com.msidecoder.scanner               V  REJECT size: 18x84 < 100x30
2025-08-27 22:50:48.892 13295-13485 OpenCVMSIDetector       com.msidecoder.scanner               V  REJECT size: 56x32 < 100x30
2025-08-27 22:50:48.892 13295-13485 OpenCVMSIDetector       com.msidecoder.scanner               V  REJECT size: 22x15 < 100x30
2025-08-27 22:50:48.892 13295-13485 OpenCVMSIDetector       com.msidecoder.scanner               V  REJECT size: 44x20 < 100x30
2025-08-27 22:50:48.892 13295-13485 OpenCVMSIDetector       com.msidecoder.scanner               V  REJECT aspect ratio: 0.7855974 not in [2.5, 15.0]
2025-08-27 22:50:48.892 13295-13485 OpenCVMSIDetector       com.msidecoder.scanner               V  REJECT size: 22x17 < 100x30
2025-08-27 22:50:48.892 13295-13485 OpenCVMSIDetector       com.msidecoder.scanner               V  REJECT size: 40x17 < 100x30
2025-08-27 22:50:48.892 13295-13485 OpenCVMSIDetector       com.msidecoder.scanner               V  REJECT size: 32x8 < 100x30
2025-08-27 22:50:48.892 13295-13485 OpenCVMSIDetector       com.msidecoder.scanner               V  REJECT size: 23x23 < 100x30
2025-08-27 22:50:48.892 13295-13485 OpenCVMSIDetector       com.msidecoder.scanner               V  REJECT size: 30x10 < 100x30
2025-08-27 22:50:48.892 13295-13485 OpenCVMSIDetector       com.msidecoder.scanner               D  Detected 1 ROI candidates in 297ms
2025-08-27 22:50:48.892 13295-13485 OpenCVMSIDetector       com.msidecoder.scanner               D  High confidence ROIs: 0/1 (threshold: 0.8)
2025-08-27 22:50:48.892 13295-13485 OpenCVMSIDetector       com.msidecoder.scanner               W  No high confidence ROIs, using medium confidence (>=0.5)
2025-08-27 22:50:48.893 13295-13485 OpenCVMSIBinarizer      com.msidecoder.scanner               V  Binarizing ROI: ROI(rect=Rect(168, 455 - 406, 537), conf=0,62, ratio=2,9, grad=310,4)
2025-08-27 22:50:48.895 13295-13485 VisualDebugger          com.msidecoder.scanner               D  Using external storage for debug: /storage/emulated/0/Pictures/MSI_Debug
2025-08-27 22:50:48.931 13295-13485 VisualDebugger          com.msidecoder.scanner               D  Saved debug image: /storage/emulated/0/Pictures/MSI_Debug/225048-892_4_06_extracted_roi.png
2025-08-27 22:50:48.936 13295-13485 VisualDebugger          com.msidecoder.scanner               D  Using external storage for debug: /storage/emulated/0/Pictures/MSI_Debug
2025-08-27 22:50:48.954 13295-13485 VisualDebugger          com.msidecoder.scanner               D  Saved debug image: /storage/emulated/0/Pictures/MSI_Debug/225048-892_4_07_preprocessed.png
2025-08-27 22:50:48.955 13295-13485 OpenCVMSIBinarizer      com.msidecoder.scanner               V  Method 0 (Otsu): score=0,350
2025-08-27 22:50:48.956 13295-13485 OpenCVMSIBinarizer      com.msidecoder.scanner               V  Method 1 (AdaptiveGaussian): score=0,440
2025-08-27 22:50:48.957 13295-13485 OpenCVMSIBinarizer      com.msidecoder.scanner               V  Method 2 (AdaptiveMean): score=0,470
2025-08-27 22:50:48.957 13295-13485 OpenCVMSIBinarizer      com.msidecoder.scanner               V  Method 3 (Triangle): score=0,350
2025-08-27 22:50:48.957 13295-13485 OpenCVMSIBinarizer      com.msidecoder.scanner               V  Selected method: AdaptiveMean (confidence: 0,470)
2025-08-27 22:50:48.962 13295-13485 VisualDebugger          com.msidecoder.scanner               D  Using external storage for debug: /storage/emulated/0/Pictures/MSI_Debug
2025-08-27 22:50:48.982 13295-13485 VisualDebugger          com.msidecoder.scanner               D  Saved debug image: /storage/emulated/0/Pictures/MSI_Debug/225048-892_4_08_binarized_binary.png
2025-08-27 22:50:48.983 13295-13485 OpenCVMSIBinarizer      com.msidecoder.scanner               D  ROI binarized successfully in 91ms
2025-08-27 22:50:48.984 13295-13485 OpenCVMSIBinarizer      com.msidecoder.scanner               D  BinaryProfile(len=174, quality=1,00, transitions=56, avgBarWidth=2,2, ratio=2,90)
                                                                                                    ASCII: ·····················████····█████···█··█████···██·██··██··█···██··██·····█···██··██·····███·█···█··███·█···█···█··████····█···█████···█··██··██··██··██······················
                                                                                                    Compact: ·214·45·31·25·32·12·22·21·32·22·51·32·22·53·11·31·23·11·31·31·24·41·35·31·22·22·22·22·22
2025-08-27 22:50:48.985 13295-13485 OpenCVMSIBinarizer      com.msidecoder.scanner               D  BINARY PATTERN: ·····················████····█████···█··█████···██·██··██··█···██··██·····█···██··██·····███·█···█··███·█···█···█··████····█···█████···█··██··██··██··██······················
2025-08-27 22:50:48.985 13295-13485 MSIScanner              com.msidecoder.scanner               D  MSI binarization successful (legacy method)
2025-08-27 22:50:48.985 13295-13485 ScannerArbitrator       com.msidecoder.scanner               D  MSI no result → overall no detection
2025-08-27 22:50:48.985 13295-13295 RoiOverlayView          com.msidecoder.scanner               D  clearRoi called
2025-08-27 22:50:48.986 13295-13485 ScannerArbitrator       com.msidecoder.scanner               D  BYPASSING ML Kit -> testing MSI directly
2025-08-27 22:50:48.986 13295-13485 MSIScanner              com.msidecoder.scanner               W  Using legacy NV21 scan method - consider using ImageProxy method
2025-08-27 22:50:48.987 13295-13485 OpenCVConverter         com.msidecoder.scanner               V  NV21→Gray conversion: 864x480 → 480x864 in 1ms (ROTATED 90°)
2025-08-27 22:50:48.988 13295-13485 OpenCVMSIDetector       com.msidecoder.scanner               V  Detecting ROI candidates in 480x864 image
2025-08-27 22:50:48.990 13295-13485 VisualDebugger          com.msidecoder.scanner               D  Using external storage for debug: /storage/emulated/0/Pictures/MSI_Debug
2025-08-27 22:50:49.141 13295-13485 VisualDebugger          com.msidecoder.scanner               D  Saved debug image: /storage/emulated/0/Pictures/MSI_Debug/225048-987_5_01_original.png
2025-08-27 22:50:49.150 13295-13485 VisualDebugger          com.msidecoder.scanner               D  Using external storage for debug: /storage/emulated/0/Pictures/MSI_Debug
2025-08-27 22:50:49.239 13295-13485 VisualDebugger          com.msidecoder.scanner               D  Saved debug image: /storage/emulated/0/Pictures/MSI_Debug/225048-987_5_02_gradients.png
2025-08-27 22:50:49.245 13295-13485 VisualDebugger          com.msidecoder.scanner               D  Using external storage for debug: /storage/emulated/0/Pictures/MSI_Debug
2025-08-27 22:50:49.302 13295-13485 VisualDebugger          com.msidecoder.scanner               D  Saved debug image: /storage/emulated/0/Pictures/MSI_Debug/225048-987_5_03_morphology.png
2025-08-27 22:50:49.305 13295-13485 OpenCVMSIDetector       com.msidecoder.scanner               V  Found 21 contours
2025-08-27 22:50:49.306 13295-13485 OpenCVMSIDetector       com.msidecoder.scanner               V  REJECT size: 23x7 < 100x30
2025-08-27 22:50:49.306 13295-13485 OpenCVMSIDetector       com.msidecoder.scanner               V  REJECT size: 23x16 < 100x30
2025-08-27 22:50:49.306 13295-13485 OpenCVMSIDetector       com.msidecoder.scanner               V  REJECT aspect ratio: 2.3203883 not in [2.5, 15.0]
2025-08-27 22:50:49.306 13295-13485 OpenCVMSIDetector       com.msidecoder.scanner               V  REJECT size: 30x159 < 100x30
2025-08-27 22:50:49.306 13295-13485 OpenCVMSIDetector       com.msidecoder.scanner               V  REJECT size: 32x18 < 100x30
2025-08-27 22:50:49.306 13295-13485 OpenCVMSIDetector       com.msidecoder.scanner               V  REJECT size: 22x7 < 100x30
2025-08-27 22:50:49.306 13295-13485 OpenCVMSIDetector       com.msidecoder.scanner               V  REJECT size: 74x19 < 100x30
2025-08-27 22:50:49.306 13295-13485 OpenCVMSIDetector       com.msidecoder.scanner               V  REJECT size: 44x25 < 100x30
2025-08-27 22:50:49.306 13295-13485 OpenCVMSIDetector       com.msidecoder.scanner               V  REJECT size: 18x7 < 100x30
2025-08-27 22:50:49.306 13295-13485 OpenCVMSIDetector       com.msidecoder.scanner               V  REJECT size: 56x20 < 100x30
2025-08-27 22:50:49.306 13295-13485 OpenCVMSIDetector       com.msidecoder.scanner               V  REJECT size: 23x10 < 100x30
2025-08-27 22:50:49.306 13295-13485 OpenCVMSIDetector       com.msidecoder.scanner               V  REJECT aspect ratio: 0.78175896 not in [2.5, 15.0]
2025-08-27 22:50:49.306 13295-13485 OpenCVMSIDetector       com.msidecoder.scanner               V  REJECT size: 14x15 < 100x30
2025-08-27 22:50:49.306 13295-13485 OpenCVMSIDetector       com.msidecoder.scanner               V  REJECT size: 21x8 < 100x30
2025-08-27 22:50:49.306 13295-13485 OpenCVMSIDetector       com.msidecoder.scanner               V  REJECT size: 23x7 < 100x30
2025-08-27 22:50:49.306 13295-13485 OpenCVMSIDetector       com.msidecoder.scanner               V  REJECT size: 24x19 < 100x30
2025-08-27 22:50:49.306 13295-13485 OpenCVMSIDetector       com.msidecoder.scanner               V  REJECT size: 45x16 < 100x30
2025-08-27 22:50:49.306 13295-13485 OpenCVMSIDetector       com.msidecoder.scanner               V  REJECT size: 42x10 < 100x30
2025-08-27 22:50:49.306 13295-13485 OpenCVMSIDetector       com.msidecoder.scanner               V  REJECT size: 37x10 < 100x30
2025-08-27 22:50:49.306 13295-13485 OpenCVMSIDetector       com.msidecoder.scanner               V  REJECT size: 23x14 < 100x30
2025-08-27 22:50:49.306 13295-13485 OpenCVMSIDetector       com.msidecoder.scanner               V  REJECT size: 22x4 < 100x30
2025-08-27 22:50:49.306 13295-13485 OpenCVMSIDetector       com.msidecoder.scanner               D  Detected 0 ROI candidates in 319ms
2025-08-27 22:50:49.306 13295-13485 OpenCVMSIDetector       com.msidecoder.scanner               D  High confidence ROIs: 0/0 (threshold: 0.8)
2025-08-27 22:50:49.306 13295-13485 ScannerArbitrator       com.msidecoder.scanner               D  MSI no result → overall no detection
2025-08-27 22:50:49.307 13295-13485 ScannerArbitrator       com.msidecoder.scanner               D  BYPASSING ML Kit -> testing MSI directly
2025-08-27 22:50:49.308 13295-13485 MSIScanner              com.msidecoder.scanner               W  Using legacy NV21 scan method - consider using ImageProxy method
2025-08-27 22:50:49.309 13295-13485 OpenCVConverter         com.msidecoder.scanner               V  NV21→Gray conversion: 864x480 → 480x864 in 0ms (ROTATED 90°)
2025-08-27 22:50:49.309 13295-13485 OpenCVMSIDetector       com.msidecoder.scanner               V  Detecting ROI candidates in 480x864 image
2025-08-27 22:50:49.311 13295-13485 VisualDebugger          com.msidecoder.scanner               D  Using external storage for debug: /storage/emulated/0/Pictures/MSI_Debug
2025-08-27 22:50:49.319 13295-13295 RoiOverlayView          com.msidecoder.scanner               D  clearRoi called
2025-08-27 22:50:49.474 13295-13485 VisualDebugger          com.msidecoder.scanner               D  Saved debug image: /storage/emulated/0/Pictures/MSI_Debug/225049-309_6_01_original.png
2025-08-27 22:50:49.484 13295-13485 VisualDebugger          com.msidecoder.scanner               D  Using external storage for debug: /storage/emulated/0/Pictures/MSI_Debug
2025-08-27 22:50:49.559 13295-13485 VisualDebugger          com.msidecoder.scanner               D  Saved debug image: /storage/emulated/0/Pictures/MSI_Debug/225049-309_6_02_gradients.png
2025-08-27 22:50:49.566 13295-13485 VisualDebugger          com.msidecoder.scanner               D  Using external storage for debug: /storage/emulated/0/Pictures/MSI_Debug
2025-08-27 22:50:49.619 13295-13485 VisualDebugger          com.msidecoder.scanner               D  Saved debug image: /storage/emulated/0/Pictures/MSI_Debug/225049-309_6_03_morphology.png
2025-08-27 22:50:49.621 13295-13485 OpenCVMSIDetector       com.msidecoder.scanner               V  Found 13 contours
2025-08-27 22:50:49.621 13295-13485 OpenCVMSIDetector       com.msidecoder.scanner               V  REJECT size: 32x6 < 100x30
2025-08-27 22:50:49.621 13295-13485 OpenCVMSIDetector       com.msidecoder.scanner               V  REJECT size: 28x7 < 100x30
2025-08-27 22:50:49.621 13295-13485 OpenCVMSIDetector       com.msidecoder.scanner               V  REJECT size: 21x25 < 100x30
2025-08-27 22:50:49.621 13295-13485 OpenCVMSIDetector       com.msidecoder.scanner               V  REJECT size: 23x16 < 100x30
2025-08-27 22:50:49.621 13295-13485 OpenCVMSIDetector       com.msidecoder.scanner               V  REJECT size: 19x9 < 100x30
2025-08-27 22:50:49.622 13295-13485 OpenCVMSIDetector       com.msidecoder.scanner               V  ACCEPT ROI: 108x37, ratio=2,9, area=3996, density=0,62, convexity=0,85, grad=40,1
2025-08-27 22:50:49.623 13295-13485 OpenCVMSIDetector       com.msidecoder.scanner               V  CONFIDENCE: 0,54 = aspect(0,30) + density(1,00) + compact(0,39) + pos(0,42)
2025-08-27 22:50:49.623 13295-13485 OpenCVMSIDetector       com.msidecoder.scanner               V  REJECT size: 101x25 < 100x30
2025-08-27 22:50:49.623 13295-13485 OpenCVMSIDetector       com.msidecoder.scanner               V  REJECT aspect ratio: 0.73282444 not in [2.5, 15.0]
2025-08-27 22:50:49.623 13295-13485 OpenCVMSIDetector       com.msidecoder.scanner               V  REJECT size: 84x32 < 100x30
2025-08-27 22:50:49.623 13295-13485 OpenCVMSIDetector       com.msidecoder.scanner               V  REJECT size: 24x28 < 100x30
2025-08-27 22:50:49.623 13295-13485 OpenCVMSIDetector       com.msidecoder.scanner               V  REJECT size: 33x10 < 100x30
2025-08-27 22:50:49.623 13295-13485 OpenCVMSIDetector       com.msidecoder.scanner               V  REJECT size: 29x4 < 100x30
2025-08-27 22:50:49.623 13295-13485 OpenCVMSIDetector       com.msidecoder.scanner               V  REJECT size: 19x11 < 100x30
2025-08-27 22:50:49.623 13295-13485 OpenCVMSIDetector       com.msidecoder.scanner               D  Detected 1 ROI candidates in 314ms
2025-08-27 22:50:49.623 13295-13485 OpenCVMSIDetector       com.msidecoder.scanner               D  High confidence ROIs: 0/1 (threshold: 0.8)
2025-08-27 22:50:49.623 13295-13485 OpenCVMSIDetector       com.msidecoder.scanner               W  No high confidence ROIs, using medium confidence (>=0.5)
2025-08-27 22:50:49.624 13295-13485 OpenCVMSIBinarizer      com.msidecoder.scanner               V  Binarizing ROI: ROI(rect=Rect(372, 193 - 480, 230), conf=0,54, ratio=2,9, grad=40,1)
2025-08-27 22:50:49.626 13295-13485 VisualDebugger          com.msidecoder.scanner               D  Using external storage for debug: /storage/emulated/0/Pictures/MSI_Debug
2025-08-27 22:50:49.654 13295-13485 VisualDebugger          com.msidecoder.scanner               D  Saved debug image: /storage/emulated/0/Pictures/MSI_Debug/225049-623_7_06_extracted_roi.png
2025-08-27 22:50:49.657 13295-13485 VisualDebugger          com.msidecoder.scanner               D  Using external storage for debug: /storage/emulated/0/Pictures/MSI_Debug
2025-08-27 22:50:49.692 13295-13485 VisualDebugger          com.msidecoder.scanner               D  Saved debug image: /storage/emulated/0/Pictures/MSI_Debug/225049-623_7_07_preprocessed.png
2025-08-27 22:50:49.693 13295-13485 OpenCVMSIBinarizer      com.msidecoder.scanner               V  Method 0 (Otsu): score=0,440
2025-08-27 22:50:49.699 13295-13485 OpenCVMSIBinarizer      com.msidecoder.scanner               V  Method 1 (AdaptiveGaussian): score=0,490
2025-08-27 22:50:49.700 13295-13485 OpenCVMSIBinarizer      com.msidecoder.scanner               V  Method 2 (AdaptiveMean): score=0,440
2025-08-27 22:50:49.700 13295-13485 OpenCVMSIBinarizer      com.msidecoder.scanner               V  Method 3 (Triangle): score=0,490
2025-08-27 22:50:49.701 13295-13485 OpenCVMSIBinarizer      com.msidecoder.scanner               V  Selected method: AdaptiveGaussian (confidence: 0,490)
2025-08-27 22:50:49.703 13295-13485 VisualDebugger          com.msidecoder.scanner               D  Using external storage for debug: /storage/emulated/0/Pictures/MSI_Debug
2025-08-27 22:50:49.723 13295-13485 VisualDebugger          com.msidecoder.scanner               D  Saved debug image: /storage/emulated/0/Pictures/MSI_Debug/225049-623_7_08_binarized_binary.png
2025-08-27 22:50:49.725 13295-13485 OpenCVMSIBinarizer      com.msidecoder.scanner               V  Binary profile quality insufficient: 0.0
2025-08-27 22:50:49.725 13295-13485 ScannerArbitrator       com.msidecoder.scanner               D  MSI no result → overall no detection
2025-08-27 22:50:49.725 13295-13295 RoiOverlayView          com.msidecoder.scanner               D  clearRoi called
2025-08-27 22:50:49.726 13295-13485 ScannerArbitrator       com.msidecoder.scanner               D  BYPASSING ML Kit -> testing MSI directly
2025-08-27 22:50:49.727 13295-13485 MSIScanner              com.msidecoder.scanner               W  Using legacy NV21 scan method - consider using ImageProxy method
2025-08-27 22:50:49.730 13295-13485 OpenCVConverter         com.msidecoder.scanner               V  NV21→Gray conversion: 864x480 → 480x864 in 3ms (ROTATED 90°)
2025-08-27 22:50:49.731 13295-13485 OpenCVMSIDetector       com.msidecoder.scanner               V  Detecting ROI candidates in 480x864 image
2025-08-27 22:50:49.737 13295-13485 VisualDebugger          com.msidecoder.scanner               D  Using external storage for debug: /storage/emulated/0/Pictures/MSI_Debug
2025-08-27 22:50:49.905 13295-13485 VisualDebugger          com.msidecoder.scanner               D  Saved debug image: /storage/emulated/0/Pictures/MSI_Debug/225049-731_8_01_original.png
2025-08-27 22:50:49.914 13295-13485 VisualDebugger          com.msidecoder.scanner               D  Using external storage for debug: /storage/emulated/0/Pictures/MSI_Debug
2025-08-27 22:50:50.005 13295-13485 VisualDebugger          com.msidecoder.scanner               D  Saved debug image: /storage/emulated/0/Pictures/MSI_Debug/225049-731_8_02_gradients.png
2025-08-27 22:50:50.010 13295-13485 VisualDebugger          com.msidecoder.scanner               D  Using external storage for debug: /storage/emulated/0/Pictures/MSI_Debug
2025-08-27 22:50:50.055 13295-13485 VisualDebugger          com.msidecoder.scanner               D  Saved debug image: /storage/emulated/0/Pictures/MSI_Debug/225049-731_8_03_morphology.png
2025-08-27 22:50:50.057 13295-13485 OpenCVMSIDetector       com.msidecoder.scanner               V  Found 15 contours
2025-08-27 22:50:50.057 13295-13485 OpenCVMSIDetector       com.msidecoder.scanner               V  REJECT size: 32x5 < 100x30
2025-08-27 22:50:50.057 13295-13485 OpenCVMSIDetector       com.msidecoder.scanner               V  REJECT size: 26x7 < 100x30
2025-08-27 22:50:50.058 13295-13485 OpenCVMSIDetector       com.msidecoder.scanner               V  REJECT size: 22x25 < 100x30
2025-08-27 22:50:50.058 13295-13485 OpenCVMSIDetector       com.msidecoder.scanner               V  REJECT size: 23x16 < 100x30
2025-08-27 22:50:50.058 13295-13485 OpenCVMSIDetector       com.msidecoder.scanner               V  REJECT size: 20x12 < 100x30
2025-08-27 22:50:50.058 13295-13485 OpenCVMSIDetector       com.msidecoder.scanner               V  REJECT size: 21x7 < 100x30
2025-08-27 22:50:50.058 13295-13485 OpenCVMSIDetector       com.msidecoder.scanner               V  REJECT size: 57x27 < 100x30
2025-08-27 22:50:50.058 13295-13485 OpenCVMSIDetector       com.msidecoder.scanner               V  REJECT aspect ratio: 0.7523511 not in [2.5, 15.0]
2025-08-27 22:50:50.058 13295-13485 OpenCVMSIDetector       com.msidecoder.scanner               V  REJECT size: 21x7 < 100x30
2025-08-27 22:50:50.058 13295-13485 OpenCVMSIDetector       com.msidecoder.scanner               V  REJECT size: 65x39 < 100x30
2025-08-27 22:50:50.058 13295-13485 OpenCVMSIDetector       com.msidecoder.scanner               V  REJECT size: 15x22 < 100x30
2025-08-27 22:50:50.058 13295-13485 OpenCVMSIDetector       com.msidecoder.scanner               V  REJECT size: 84x32 < 100x30
2025-08-27 22:50:50.058 13295-13485 OpenCVMSIDetector       com.msidecoder.scanner               V  REJECT size: 14x14 < 100x30
2025-08-27 22:50:50.058 13295-13485 OpenCVMSIDetector       com.msidecoder.scanner               V  REJECT size: 42x25 < 100x30
2025-08-27 22:50:50.058 13295-13485 OpenCVMSIDetector       com.msidecoder.scanner               V  REJECT size: 22x6 < 100x30
2025-08-27 22:50:50.058 13295-13485 OpenCVMSIDetector       com.msidecoder.scanner               D  Detected 0 ROI candidates in 327ms
2025-08-27 22:50:50.058 13295-13485 OpenCVMSIDetector       com.msidecoder.scanner               D  High confidence ROIs: 0/0 (threshold: 0.8)
2025-08-27 22:50:50.058 13295-13485 ScannerArbitrator       com.msidecoder.scanner               D  MSI no result → overall no detection
2025-08-27 22:50:50.058 13295-13295 RoiOverlayView          com.msidecoder.scanner               D  clearRoi called
2025-08-27 22:50:50.059 13295-13485 ScannerArbitrator       com.msidecoder.scanner               D  BYPASSING ML Kit -> testing MSI directly
2025-08-27 22:50:50.060 13295-13485 MSIScanner              com.msidecoder.scanner               W  Using legacy NV21 scan method - consider using ImageProxy method
2025-08-27 22:50:50.085 13295-13485 OpenCVConverter         com.msidecoder.scanner               V  NV21→Gray conversion: 864x480 → 480x864 in 25ms (ROTATED 90°)
2025-08-27 22:50:50.086 13295-13485 OpenCVMSIDetector       com.msidecoder.scanner               V  Detecting ROI candidates in 480x864 image
2025-08-27 22:50:50.088 13295-13485 VisualDebugger          com.msidecoder.scanner               D  Using external storage for debug: /storage/emulated/0/Pictures/MSI_Debug
2025-08-27 22:50:50.239 13295-13485 VisualDebugger          com.msidecoder.scanner               D  Saved debug image: /storage/emulated/0/Pictures/MSI_Debug/225050-085_9_01_original.png
2025-08-27 22:50:50.251 13295-13485 VisualDebugger          com.msidecoder.scanner               D  Using external storage for debug: /storage/emulated/0/Pictures/MSI_Debug
2025-08-27 22:50:50.344 13295-13485 VisualDebugger          com.msidecoder.scanner               D  Saved debug image: /storage/emulated/0/Pictures/MSI_Debug/225050-085_9_02_gradients.png
2025-08-27 22:50:50.350 13295-13485 VisualDebugger          com.msidecoder.scanner               D  Using external storage for debug: /storage/emulated/0/Pictures/MSI_Debug
2025-08-27 22:50:50.404 13295-13485 VisualDebugger          com.msidecoder.scanner               D  Saved debug image: /storage/emulated/0/Pictures/MSI_Debug/225050-085_9_03_morphology.png
2025-08-27 22:50:50.406 13295-13485 OpenCVMSIDetector       com.msidecoder.scanner               V  Found 12 contours
2025-08-27 22:50:50.407 13295-13485 OpenCVMSIDetector       com.msidecoder.scanner               V  REJECT size: 17x29 < 100x30
2025-08-27 22:50:50.407 13295-13485 OpenCVMSIDetector       com.msidecoder.scanner               V  REJECT size: 25x19 < 100x30
2025-08-27 22:50:50.407 13295-13485 OpenCVMSIDetector       com.msidecoder.scanner               V  REJECT aspect ratio: 2.2818182 not in [2.5, 15.0]
2025-08-27 22:50:50.407 13295-13485 OpenCVMSIDetector       com.msidecoder.scanner               V  REJECT size: 38x274 < 100x30
2025-08-27 22:50:50.407 13295-13485 OpenCVMSIDetector       com.msidecoder.scanner               V  REJECT size: 19x11 < 100x30
2025-08-27 22:50:50.407 13295-13485 OpenCVMSIDetector       com.msidecoder.scanner               V  REJECT size: 47x7 < 100x30
2025-08-27 22:50:50.407 13295-13485 OpenCVMSIDetector       com.msidecoder.scanner               V  REJECT size: 47x13 < 100x30
2025-08-27 22:50:50.407 13295-13485 OpenCVMSIDetector       com.msidecoder.scanner               V  REJECT size: 50x10 < 100x30
2025-08-27 22:50:50.407 13295-13485 OpenCVMSIDetector       com.msidecoder.scanner               V  REJECT aspect ratio: 0.66481996 not in [2.5, 15.0]
2025-08-27 22:50:50.407 13295-13485 OpenCVMSIDetector       com.msidecoder.scanner               V  REJECT aspect ratio: 2.1636364 not in [2.5, 15.0]
2025-08-27 22:50:50.407 13295-13485 OpenCVMSIDetector       com.msidecoder.scanner               V  REJECT size: 28x17 < 100x30
2025-08-27 22:50:50.407 13295-13485 OpenCVMSIDetector       com.msidecoder.scanner               V  REJECT size: 41x19 < 100x30
2025-08-27 22:50:50.407 13295-13485 OpenCVMSIDetector       com.msidecoder.scanner               D  Detected 0 ROI candidates in 322ms
2025-08-27 22:50:50.407 13295-13485 OpenCVMSIDetector       com.msidecoder.scanner               D  High confidence ROIs: 0/0 (threshold: 0.8)
2025-08-27 22:50:50.407 13295-13485 ScannerArbitrator       com.msidecoder.scanner               D  MSI no result → overall no detection
2025-08-27 22:50:50.407 13295-13295 RoiOverlayView          com.msidecoder.scanner               D  clearRoi called
2025-08-27 22:50:50.408 13295-13485 ScannerArbitrator       com.msidecoder.scanner               D  BYPASSING ML Kit -> testing MSI directly
2025-08-27 22:50:50.409 13295-13485 MSIScanner              com.msidecoder.scanner               W  Using legacy NV21 scan method - consider using ImageProxy method
2025-08-27 22:50:50.411 13295-13485 OpenCVConverter         com.msidecoder.scanner               V  NV21→Gray conversion: 864x480 → 480x864 in 1ms (ROTATED 90°)
2025-08-27 22:50:50.411 13295-13485 OpenCVMSIDetector       com.msidecoder.scanner               V  Detecting ROI candidates in 480x864 image
2025-08-27 22:50:50.416 13295-13485 VisualDebugger          com.msidecoder.scanner               D  Using external storage for debug: /storage/emulated/0/Pictures/MSI_Debug
2025-08-27 22:50:50.567 13295-13485 VisualDebugger          com.msidecoder.scanner               D  Saved debug image: /storage/emulated/0/Pictures/MSI_Debug/225050-411_10_01_original.png
2025-08-27 22:50:50.577 13295-13485 VisualDebugger          com.msidecoder.scanner               D  Using external storage for debug: /storage/emulated/0/Pictures/MSI_Debug
2025-08-27 22:50:50.641 13295-13485 VisualDebugger          com.msidecoder.scanner               D  Saved debug image: /storage/emulated/0/Pictures/MSI_Debug/225050-411_10_02_gradients.png
2025-08-27 22:50:50.644 13295-13485 VisualDebugger          com.msidecoder.scanner               D  Using external storage for debug: /storage/emulated/0/Pictures/MSI_Debug
2025-08-27 22:50:50.694 13295-13485 VisualDebugger          com.msidecoder.scanner               D  Saved debug image: /storage/emulated/0/Pictures/MSI_Debug/225050-411_10_03_morphology.png
2025-08-27 22:50:50.695 13295-13485 OpenCVMSIDetector       com.msidecoder.scanner               V  Found 16 contours
2025-08-27 22:50:50.695 13295-13485 OpenCVMSIDetector       com.msidecoder.scanner               V  REJECT size: 25x29 < 100x30
2025-08-27 22:50:50.695 13295-13485 OpenCVMSIDetector       com.msidecoder.scanner               V  REJECT aspect ratio: 1.8532819 not in [2.5, 15.0]
2025-08-27 22:50:50.695 13295-13485 OpenCVMSIDetector       com.msidecoder.scanner               V  REJECT aspect ratio: 2.3391304 not in [2.5, 15.0]
2025-08-27 22:50:50.695 13295-13485 OpenCVMSIDetector       com.msidecoder.scanner               V  REJECT size: 36x250 < 100x30
2025-08-27 22:50:50.695 13295-13485 OpenCVMSIDetector       com.msidecoder.scanner               V  REJECT size: 38x20 < 100x30
2025-08-27 22:50:50.695 13295-13485 OpenCVMSIDetector       com.msidecoder.scanner               V  REJECT size: 78x32 < 100x30
2025-08-27 22:50:50.695 13295-13485 OpenCVMSIDetector       com.msidecoder.scanner               V  REJECT size: 24x7 < 100x30
2025-08-27 22:50:50.695 13295-13485 OpenCVMSIDetector       com.msidecoder.scanner               V  REJECT size: 59x31 < 100x30
2025-08-27 22:50:50.695 13295-13485 OpenCVMSIDetector       com.msidecoder.scanner               V  REJECT aspect ratio: 1.1622276 not in [2.5, 15.0]
2025-08-27 22:50:50.696 13295-13485 OpenCVMSIDetector       com.msidecoder.scanner               V  REJECT size: 19x11 < 100x30
2025-08-27 22:50:50.696 13295-13485 OpenCVMSIDetector       com.msidecoder.scanner               V  REJECT size: 36x12 < 100x30
2025-08-27 22:50:50.696 13295-13485 OpenCVMSIDetector       com.msidecoder.scanner               V  REJECT size: 56x28 < 100x30
2025-08-27 22:50:50.696 13295-13485 OpenCVMSIDetector       com.msidecoder.scanner               V  REJECT size: 28x9 < 100x30
2025-08-27 22:50:50.696 13295-13485 OpenCVMSIDetector       com.msidecoder.scanner               V  REJECT size: 23x7 < 100x30
2025-08-27 22:50:50.696 13295-13485 OpenCVMSIDetector       com.msidecoder.scanner               V  REJECT size: 82x30 < 100x30
2025-08-27 22:50:50.696 13295-13485 OpenCVMSIDetector       com.msidecoder.scanner               V  REJECT size: 22x4 < 100x30
2025-08-27 22:50:50.696 13295-13485 OpenCVMSIDetector       com.msidecoder.scanner               D  Detected 0 ROI candidates in 285ms
2025-08-27 22:50:50.696 13295-13485 OpenCVMSIDetector       com.msidecoder.scanner               D  High confidence ROIs: 0/0 (threshold: 0.8)
2025-08-27 22:50:50.696 13295-13485 ScannerArbitrator       com.msidecoder.scanner               D  MSI no result → overall no detection
2025-08-27 22:50:50.696 13295-13295 RoiOverlayView          com.msidecoder.scanner               D  clearRoi called
2025-08-27 22:50:50.697 13295-13485 ScannerArbitrator       com.msidecoder.scanner               D  BYPASSING ML Kit -> testing MSI directly
2025-08-27 22:50:50.698 13295-13485 MSIScanner              com.msidecoder.scanner               W  Using legacy NV21 scan method - consider using ImageProxy method
2025-08-27 22:50:50.699 13295-13485 OpenCVConverter         com.msidecoder.scanner               V  NV21→Gray conversion: 864x480 → 480x864 in 1ms (ROTATED 90°)
2025-08-27 22:50:50.700 13295-13485 OpenCVMSIDetector       com.msidecoder.scanner               V  Detecting ROI candidates in 480x864 image
2025-08-27 22:50:50.702 13295-13485 VisualDebugger          com.msidecoder.scanner               D  Using external storage for debug: /storage/emulated/0/Pictures/MSI_Debug
2025-08-27 22:50:50.864 13295-13485 VisualDebugger          com.msidecoder.scanner               D  Saved debug image: /storage/emulated/0/Pictures/MSI_Debug/225050-699_11_01_original.png
2025-08-27 22:50:50.875 13295-13485 VisualDebugger          com.msidecoder.scanner               D  Using external storage for debug: /storage/emulated/0/Pictures/MSI_Debug
2025-08-27 22:50:50.945 13295-13485 VisualDebugger          com.msidecoder.scanner               D  Saved debug image: /storage/emulated/0/Pictures/MSI_Debug/225050-699_11_02_gradients.png
2025-08-27 22:50:50.948 13295-13485 VisualDebugger          com.msidecoder.scanner               D  Using external storage for debug: /storage/emulated/0/Pictures/MSI_Debug
2025-08-27 22:50:51.001 13295-13485 VisualDebugger          com.msidecoder.scanner               D  Saved debug image: /storage/emulated/0/Pictures/MSI_Debug/225050-699_11_03_morphology.png
2025-08-27 22:50:51.004 13295-13485 OpenCVMSIDetector       com.msidecoder.scanner               V  Found 10 contours
2025-08-27 22:50:51.005 13295-13485 OpenCVMSIDetector       com.msidecoder.scanner               V  REJECT size: 26x31 < 100x30
2025-08-27 22:50:51.005 13295-13485 OpenCVMSIDetector       com.msidecoder.scanner               V  REJECT aspect ratio: 2.224 not in [2.5, 15.0]
2025-08-27 22:50:51.005 13295-13485 OpenCVMSIDetector       com.msidecoder.scanner               V  REJECT size: 19x121 < 100x30
2025-08-27 22:50:51.005 13295-13485 OpenCVMSIDetector       com.msidecoder.scanner               V  REJECT size: 23x9 < 100x30
2025-08-27 22:50:51.005 13295-13485 OpenCVMSIDetector       com.msidecoder.scanner               V  REJECT size: 47x18 < 100x30
2025-08-27 22:50:51.005 13295-13485 OpenCVMSIDetector       com.msidecoder.scanner               V  REJECT size: 33x9 < 100x30
2025-08-27 22:50:51.005 13295-13485 OpenCVMSIDetector       com.msidecoder.scanner               V  REJECT size: 26x10 < 100x30
2025-08-27 22:50:51.005 13295-13485 OpenCVMSIDetector       com.msidecoder.scanner               V  REJECT aspect ratio: 0.627451 not in [2.5, 15.0]
2025-08-27 22:50:51.005 13295-13485 OpenCVMSIDetector       com.msidecoder.scanner               V  REJECT size: 24x11 < 100x30
2025-08-27 22:50:51.005 13295-13485 OpenCVMSIDetector       com.msidecoder.scanner               V  REJECT aspect ratio: 2.3396227 not in [2.5, 15.0]
2025-08-27 22:50:51.005 13295-13485 OpenCVMSIDetector       com.msidecoder.scanner               D  Detected 0 ROI candidates in 306ms
2025-08-27 22:50:51.005 13295-13485 OpenCVMSIDetector       com.msidecoder.scanner               D  High confidence ROIs: 0/0 (threshold: 0.8)
2025-08-27 22:50:51.005 13295-13485 ScannerArbitrator       com.msidecoder.scanner               D  MSI no result → overall no detection
2025-08-27 22:50:51.005 13295-13295 RoiOverlayView          com.msidecoder.scanner               D  clearRoi called
2025-08-27 22:50:51.007 13295-13485 ScannerArbitrator       com.msidecoder.scanner               D  BYPASSING ML Kit -> testing MSI directly
2025-08-27 22:50:51.007 13295-13485 MSIScanner              com.msidecoder.scanner               W  Using legacy NV21 scan method - consider using ImageProxy method
2025-08-27 22:50:51.008 13295-13485 OpenCVConverter         com.msidecoder.scanner               V  NV21→Gray conversion: 864x480 → 480x864 in 1ms (ROTATED 90°)
2025-08-27 22:50:51.008 13295-13485 OpenCVMSIDetector       com.msidecoder.scanner               V  Detecting ROI candidates in 480x864 image
2025-08-27 22:50:51.011 13295-13485 VisualDebugger          com.msidecoder.scanner               D  Using external storage for debug: /storage/emulated/0/Pictures/MSI_Debug
2025-08-27 22:50:51.177 13295-13485 VisualDebugger          com.msidecoder.scanner               D  Saved debug image: /storage/emulated/0/Pictures/MSI_Debug/225051-008_12_01_original.png
2025-08-27 22:50:51.186 13295-13485 VisualDebugger          com.msidecoder.scanner               D  Using external storage for debug: /storage/emulated/0/Pictures/MSI_Debug
2025-08-27 22:50:51.276 13295-13485 VisualDebugger          com.msidecoder.scanner               D  Saved debug image: /storage/emulated/0/Pictures/MSI_Debug/225051-008_12_02_gradients.png
2025-08-27 22:50:51.281 13295-13485 VisualDebugger          com.msidecoder.scanner               D  Using external storage for debug: /storage/emulated/0/Pictures/MSI_Debug
2025-08-27 22:50:51.367 13295-13485 VisualDebugger          com.msidecoder.scanner               D  Saved debug image: /storage/emulated/0/Pictures/MSI_Debug/225051-008_12_03_morphology.png
2025-08-27 22:50:51.368 13295-13485 OpenCVMSIDetector       com.msidecoder.scanner               V  Found 5 contours
2025-08-27 22:50:51.368 13295-13485 OpenCVMSIDetector       com.msidecoder.scanner               V  REJECT size: 26x23 < 100x30
2025-08-27 22:50:51.368 13295-13485 OpenCVMSIDetector       com.msidecoder.scanner               V  REJECT aspect ratio: 1.7647059 not in [2.5, 15.0]
2025-08-27 22:50:51.368 13295-13485 OpenCVMSIDetector       com.msidecoder.scanner               V  REJECT aspect ratio: 2.167939 not in [2.5, 15.0]
2025-08-27 22:50:51.368 13295-13485 OpenCVMSIDetector       com.msidecoder.scanner               V  REJECT size: 19x97 < 100x30
2025-08-27 22:50:51.368 13295-13485 OpenCVMSIDetector       com.msidecoder.scanner               V  REJECT aspect ratio: 0.92843324 not in [2.5, 15.0]
2025-08-27 22:50:51.368 13295-13485 OpenCVMSIDetector       com.msidecoder.scanner               D  Detected 0 ROI candidates in 360ms
2025-08-27 22:50:51.368 13295-13485 OpenCVMSIDetector       com.msidecoder.scanner               D  High confidence ROIs: 0/0 (threshold: 0.8)
2025-08-27 22:50:51.368 13295-13485 ScannerArbitrator       com.msidecoder.scanner               D  MSI no result → overall no detection
2025-08-27 22:50:51.369 13295-13295 RoiOverlayView          com.msidecoder.scanner               D  clearRoi called
2025-08-27 22:50:51.370 13295-13485 ScannerArbitrator       com.msidecoder.scanner               D  BYPASSING ML Kit -> testing MSI directly
2025-08-27 22:50:51.372 13295-13485 MSIScanner              com.msidecoder.scanner               W  Using legacy NV21 scan method - consider using ImageProxy method
2025-08-27 22:50:51.373 13295-13485 OpenCVConverter         com.msidecoder.scanner               V  NV21→Gray conversion: 864x480 → 480x864 in 1ms (ROTATED 90°)
2025-08-27 22:50:51.374 13295-13485 OpenCVMSIDetector       com.msidecoder.scanner               V  Detecting ROI candidates in 480x864 image
2025-08-27 22:50:51.378 13295-13485 VisualDebugger          com.msidecoder.scanner               D  Using external storage for debug: /storage/emulated/0/Pictures/MSI_Debug
2025-08-27 22:50:51.581 13295-13485 VisualDebugger          com.msidecoder.scanner               D  Saved debug image: /storage/emulated/0/Pictures/MSI_Debug/225051-373_13_01_original.png
2025-08-27 22:50:51.592 13295-13485 VisualDebugger          com.msidecoder.scanner               D  Using external storage for debug: /storage/emulated/0/Pictures/MSI_Debug
2025-08-27 22:50:51.695 13295-13485 VisualDebugger          com.msidecoder.scanner               D  Saved debug image: /storage/emulated/0/Pictures/MSI_Debug/225051-373_13_02_gradients.png
2025-08-27 22:50:51.701 13295-13485 VisualDebugger          com.msidecoder.scanner               D  Using external storage for debug: /storage/emulated/0/Pictures/MSI_Debug
