{
  "ts": 1755355662905,
  "res": "640x480",
  "fps": 4.7704365726927955,
  "procMs": 1.5922330097087378,
  "queue": 0,
  "rotationDeg": 90,
  "torch": "OFF",
  "zoom": {
    "ratio": 2,
    "type": "numerique"
  },
  "ml": {
    "latMs": 16,
    "hits": 0
  },
  "msi": {
    "latMs": 206,
    "status": "stub"
  },
  "lastPub": {
    "text": "http:\/\/www.tp-link.com\/support",
    "src": "none",
    "ts": 1755354091471
  },
  "msiDbg": {
    "frameId": "msi_308",
    "stage": "roi_extract",
    "success": true,
    "params": {
      "roiWidth": 1280,
      "bandHeight": 10,
      "binThreshold": 0.5,
      "filterSize": 3,
      "moduleMethod": "median"
    },
    "roi": {
      "candidates": 1,
      "bestScore": "0,78",
      "bestROI": "0,31 93x20",
      "procTimeMs": 210,
      "gradThresh": 0.3,
      "morphKernel": 15,
      "angle": "-8,6°"
    }
  }
}





2025-08-16 16:49:21.999  9286-9286  SnapshotManager         com.msidecoder.scanner               D  T-101: DEBUG - Returning MsiDebugManager: com.msidecoder.scanner.msi.MsiDebugManager@244b47b
2025-08-16 16:49:22.014  9286-9318  Camera2CameraImpl       com.msidecoder.scanner               D  {Camera@100fc52[id=0]} Use cases [androidx.camera.core.Preview-ba5d9b40-8f43-4a90-a16f-7d932f3defe7124048814, androidx.camera.core.ImageAnalysis-43e38970-795f-47bb-a432-b37a7afd4f5a109930345] now ATTACHED
2025-08-16 16:49:22.014  9286-9286  MSIScanner              com.msidecoder.scanner               D  === ON RESUME ===
2025-08-16 16:49:22.014  9286-9286  MSIScanner              com.msidecoder.scanner               D  CameraControlsManager state on resume: CameraControlsState(torchEnabled=false, zoomLevel=ZOOM_2X, zoomType=DIGITAL)
2025-08-16 16:49:22.014  9286-9286  MSIScanner              com.msidecoder.scanner               D  Applying zoom on resume: 2.0
2025-08-16 16:49:22.015  9286-9286  MSIScanner              com.msidecoder.scanner               D  Applying torch on resume: false
2025-08-16 16:49:22.015  9286-9286  MSIScanner              com.msidecoder.scanner               D  === ON RESUME COMPLETE ===
2025-08-16 16:49:22.016  9286-9318  UseCaseAttachState      com.msidecoder.scanner               D  All use case: [androidx.camera.core.Preview-ba5d9b40-8f43-4a90-a16f-7d932f3defe7124048814, androidx.camera.core.ImageAnalysis-43e38970-795f-47bb-a432-b37a7afd4f5a109930345] for camera: 0
2025-08-16 16:49:22.020  9286-9318  UseCaseAttachState      com.msidecoder.scanner               D  Active and attached use case: [] for camera: 0
2025-08-16 16:49:22.021  9286-9318  Camera2CameraImpl       com.msidecoder.scanner               D  {Camera@100fc52[id=0]} Resetting Capture Session
2025-08-16 16:49:22.021  9286-9318  Camera2CameraImpl       com.msidecoder.scanner               D  {Camera@100fc52[id=0]} Releasing session in state INITIALIZED
2025-08-16 16:49:22.021  9286-9318  Camera2CameraImpl       com.msidecoder.scanner               D  {Camera@100fc52[id=0]} Attempting to force open the camera.
2025-08-16 16:49:22.021  9286-9318  CameraStateRegistry     com.msidecoder.scanner               D  tryOpenCamera(Camera@100fc52[id=0]) [Available Cameras: 1, Already Open: false (Previous state: CLOSED)] --> SUCCESS
2025-08-16 16:49:22.021  9286-9318  CameraStateRegistry     com.msidecoder.scanner               D  Recalculating open cameras:
                                                                                                    Camera                                       State                 
                                                                                                    -------------------------------------------------------------------
                                                                                                    Camera@a8e8b9e[id=1]                         UNKNOWN               
                                                                                                    Camera@100fc52[id=0]                         OPENING               
                                                                                                    -------------------------------------------------------------------
                                                                                                    Open count: 1 (Max allowed: 1)
2025-08-16 16:49:22.021  9286-9318  Camera2CameraImpl       com.msidecoder.scanner               D  {Camera@100fc52[id=0]} Opening camera.
2025-08-16 16:49:22.021  9286-9318  Camera2CameraImpl       com.msidecoder.scanner               D  {Camera@100fc52[id=0]} Transitioning camera internal state: INITIALIZED --> OPENING
2025-08-16 16:49:22.022  9286-9318  CameraStateMachine      com.msidecoder.scanner               D  New public camera state CameraState{type=OPENING, error=null} from OPENING and null
2025-08-16 16:49:22.022  9286-9318  CameraStateMachine      com.msidecoder.scanner               D  Publishing new public camera state CameraState{type=OPENING, error=null}
2025-08-16 16:49:22.024  9286-9318  UseCaseAttachState      com.msidecoder.scanner               D  All use case: [androidx.camera.core.Preview-ba5d9b40-8f43-4a90-a16f-7d932f3defe7124048814, androidx.camera.core.ImageAnalysis-43e38970-795f-47bb-a432-b37a7afd4f5a109930345] for camera: 0
2025-08-16 16:49:22.027  9286-9286  libc                    com.msidecoder.scanner               W  Access denied finding property "vendor.display.enable_optimal_refresh_rate"
2025-08-16 16:49:22.028  9286-9286  libc                    com.msidecoder.scanner               W  Access denied finding property "vendor.gpp.create_frc_extension"
2025-08-16 16:49:22.029  9286-9309  AdrenoGLES-0            com.msidecoder.scanner               I  QUALCOMM build                   : 923a446bf8, I23d7d7df15
                                                                                                    Build Date                       : 09/05/24
                                                                                                    OpenGL ES Shader Compiler Version: EV031.35.01.12
                                                                                                    Local Branch                     : 
                                                                                                    Remote Branch                    : refs/tags/AU_LINUX_ANDROID_LA.UM.9.14.11.00.00.571.148
                                                                                                    Remote Branch                    : NONE
                                                                                                    Reconstruct Branch               : NOTHING
2025-08-16 16:49:22.029  9286-9309  AdrenoGLES-0            com.msidecoder.scanner               I  Build Config                     : S P 10.0.7 AArch64
2025-08-16 16:49:22.029  9286-9309  AdrenoGLES-0            com.msidecoder.scanner               I  Driver Path                      : /vendor/lib64/egl/libGLESv2_adreno.so
2025-08-16 16:49:22.025  9286-9286  decoder.scanner         com.msidecoder.scanner               W  type=1400 audit(0.0:3799): avc:  denied  { read } for  name="u:object_r:vendor_display_prop:s0" dev="tmpfs" ino=12525 scontext=u:r:untrusted_app:s0:c72,c256,c512,c768 tcontext=u:object_r:vendor_display_prop:s0 tclass=file permissive=0 app=com.google.android.apps.turbo
2025-08-16 16:49:22.031  9286-9286  libc                    com.msidecoder.scanner               W  Access denied finding property "vendor.display.enable_optimal_refresh_rate"
2025-08-16 16:49:22.031  9286-9286  libc                    com.msidecoder.scanner               W  Access denied finding property "vendor.gpp.create_frc_extension"
2025-08-16 16:49:22.029  9286-9286  decoder.scanner         com.msidecoder.scanner               W  type=1400 audit(0.0:3800): avc:  denied  { read } for  name="u:object_r:vendor_display_prop:s0" dev="tmpfs" ino=12525 scontext=u:r:untrusted_app:s0:c72,c256,c512,c768 tcontext=u:object_r:vendor_display_prop:s0 tclass=file permissive=0 app=com.google.android.apps.turbo
2025-08-16 16:49:22.031  9286-9286  SurfaceViewImpl         com.msidecoder.scanner               D  Surface changed. Size: 1600x1200
2025-08-16 16:49:22.032  9286-9286  SurfaceView             com.msidecoder.scanner               I  surfaceview vote min fps
2025-08-16 16:49:22.033  9286-9318  libc                    com.msidecoder.scanner               W  Access denied finding property "persist.vendor.camera.privapp.list"
2025-08-16 16:49:22.034  1776-10553 CameraService           cameraserver                         E  CameraService::connect call (PID 9286 "com.msidecoder.scanner", camera ID 0) and Camera API version 2
2025-08-16 16:49:22.037  9286-9309  AdrenoGLES-0            com.msidecoder.scanner               I  PFP: 0x016dc094, ME: 0x00000000
2025-08-16 16:49:22.041  9286-9303  libc                    com.msidecoder.scanner               W  Access denied finding property "vendor.camera.aux.packagelist"
2025-08-16 16:49:22.044  9286-9303  CameraManagerGlobal     com.msidecoder.scanner               E  Camera 3 is not present. Ignore physical camera status change
2025-08-16 16:49:22.045  9286-9303  libc                    com.msidecoder.scanner               W  Access denied finding property "vendor.camera.aux.packagelist"
2025-08-16 16:49:22.045  9286-9303  libc                    com.msidecoder.scanner               W  Access denied finding property "vendor.camera.aux.packagelist"
2025-08-16 16:49:22.045  9286-9303  CameraManagerGlobal     com.msidecoder.scanner               W  ignore the torch status update of camera: 2
2025-08-16 16:49:22.045  9286-9303  libc                    com.msidecoder.scanner               W  Access denied finding property "vendor.camera.aux.packagelist"
2025-08-16 16:49:22.045  9286-9303  CameraManagerGlobal     com.msidecoder.scanner               W  ignore the torch status update of camera: 3
2025-08-16 16:49:22.074  9286-9318  Camera2CameraImpl       com.msidecoder.scanner               D  {Camera@100fc52[id=0]} Use case androidx.camera.core.Preview-ba5d9b40-8f43-4a90-a16f-7d932f3defe7124048814 ACTIVE
2025-08-16 16:49:22.075  9286-9318  UseCaseAttachState      com.msidecoder.scanner               D  Active and attached use case: [androidx.camera.core.Preview-ba5d9b40-8f43-4a90-a16f-7d932f3defe7124048814] for camera: 0
2025-08-16 16:49:22.077  9286-9318  Camera2CameraImpl       com.msidecoder.scanner               D  {Camera@100fc52[id=0]} Use case androidx.camera.core.ImageAnalysis-43e38970-795f-47bb-a432-b37a7afd4f5a109930345 ACTIVE
2025-08-16 16:49:22.077  9286-9318  UseCaseAttachState      com.msidecoder.scanner               D  Active and attached use case: [androidx.camera.core.Preview-ba5d9b40-8f43-4a90-a16f-7d932f3defe7124048814, androidx.camera.core.ImageAnalysis-43e38970-795f-47bb-a432-b37a7afd4f5a109930345] for camera: 0
2025-08-16 16:49:22.080  9286-9318  UseCaseAttachState      com.msidecoder.scanner               D  Active and attached use case: [androidx.camera.core.Preview-ba5d9b40-8f43-4a90-a16f-7d932f3defe7124048814, androidx.camera.core.ImageAnalysis-43e38970-795f-47bb-a432-b37a7afd4f5a109930345] for camera: 0
2025-08-16 16:49:22.084  9286-9286  DeferrableSurface       com.msidecoder.scanner               D  Surface created[total_surfaces=2, used_surfaces=0](androidx.camera.core.processing.SurfaceEdge$SettableSurface@5988b32}
2025-08-16 16:49:22.088  9286-9318  Camera2CameraImpl       com.msidecoder.scanner               D  {Camera@100fc52[id=0]} Issue capture request
2025-08-16 16:49:22.088  9286-9318  UseCaseAttachState      com.msidecoder.scanner               D  Active and attached use case: [androidx.camera.core.Preview-ba5d9b40-8f43-4a90-a16f-7d932f3defe7124048814, androidx.camera.core.ImageAnalysis-43e38970-795f-47bb-a432-b37a7afd4f5a109930345] for camera: 0
2025-08-16 16:49:22.090  9286-9318  Camera2CameraImpl       com.msidecoder.scanner               D  {Camera@100fc52[id=0]} CameraDevice.onOpened()
2025-08-16 16:49:22.090  9286-9318  Camera2CameraImpl       com.msidecoder.scanner               D  {Camera@100fc52[id=0]} Transitioning camera internal state: OPENING --> OPENED
2025-08-16 16:49:22.090  9286-9318  CameraStateRegistry     com.msidecoder.scanner               D  Recalculating open cameras:
                                                                                                    Camera                                       State                 
                                                                                                    -------------------------------------------------------------------
                                                                                                    Camera@a8e8b9e[id=1]                         UNKNOWN               
                                                                                                    Camera@100fc52[id=0]                         OPEN                  
                                                                                                    -------------------------------------------------------------------
                                                                                                    Open count: 1 (Max allowed: 1)
2025-08-16 16:49:22.091  9286-9318  CameraStateMachine      com.msidecoder.scanner               D  New public camera state CameraState{type=OPEN, error=null} from OPEN and null
2025-08-16 16:49:22.091  9286-9318  CameraStateMachine      com.msidecoder.scanner               D  Publishing new public camera state CameraState{type=OPEN, error=null}
2025-08-16 16:49:22.091  9286-9318  UseCaseAttachState      com.msidecoder.scanner               D  All use case: [androidx.camera.core.Preview-ba5d9b40-8f43-4a90-a16f-7d932f3defe7124048814, androidx.camera.core.ImageAnalysis-43e38970-795f-47bb-a432-b37a7afd4f5a109930345] for camera: 0
2025-08-16 16:49:22.093  9286-9318  UseCaseAttachState      com.msidecoder.scanner               D  Active and attached use case: [androidx.camera.core.Preview-ba5d9b40-8f43-4a90-a16f-7d932f3defe7124048814, androidx.camera.core.ImageAnalysis-43e38970-795f-47bb-a432-b37a7afd4f5a109930345] for camera: 0
2025-08-16 16:49:22.094  9286-9318  Camera2CameraImpl       com.msidecoder.scanner               D  {Camera@100fc52[id=0]} Use case androidx.camera.core.Preview-ba5d9b40-8f43-4a90-a16f-7d932f3defe7124048814 RESET
2025-08-16 16:49:22.095  9286-9318  UseCaseAttachState      com.msidecoder.scanner               D  All use case: [androidx.camera.core.Preview-ba5d9b40-8f43-4a90-a16f-7d932f3defe7124048814, androidx.camera.core.ImageAnalysis-43e38970-795f-47bb-a432-b37a7afd4f5a109930345] for camera: 0
2025-08-16 16:49:22.095  9286-9318  Camera2CameraImpl       com.msidecoder.scanner               D  {Camera@100fc52[id=0]} Resetting Capture Session
2025-08-16 16:49:22.096  9286-9318  Camera2CameraImpl       com.msidecoder.scanner               D  {Camera@100fc52[id=0]} Releasing session in state OPENED
2025-08-16 16:49:22.096  9286-9318  UseCaseAttachState      com.msidecoder.scanner               D  Active and attached use case: [androidx.camera.core.Preview-ba5d9b40-8f43-4a90-a16f-7d932f3defe7124048814, androidx.camera.core.ImageAnalysis-43e38970-795f-47bb-a432-b37a7afd4f5a109930345] for camera: 0
2025-08-16 16:49:22.099  9286-9318  UseCaseAttachState      com.msidecoder.scanner               D  All use case: [androidx.camera.core.Preview-ba5d9b40-8f43-4a90-a16f-7d932f3defe7124048814, androidx.camera.core.ImageAnalysis-43e38970-795f-47bb-a432-b37a7afd4f5a109930345] for camera: 0
2025-08-16 16:49:22.100  9286-9318  Camera2CameraImpl       com.msidecoder.scanner               D  {Camera@100fc52[id=0]} Unable to configure camera cancelled
2025-08-16 16:49:22.100  9286-9318  SyncCaptureSessionBase  com.msidecoder.scanner               D  [androidx.camera.camera2.internal.SynchronizedCaptureSessionBaseImpl@df9ca5c] getSurface...done
2025-08-16 16:49:22.100  9286-9286  SnapshotManager         com.msidecoder.scanner               D  T-101: DEBUG - Returning MsiDebugManager: com.msidecoder.scanner.msi.MsiDebugManager@244b47b
2025-08-16 16:49:22.100  9286-9318  Camera2CameraImpl       com.msidecoder.scanner               D  {Camera@100fc52[id=0]} Posting surface closed
                                                                                                    java.lang.Throwable
                                                                                                      at androidx.camera.camera2.internal.Camera2CameraImpl.postSurfaceClosedError(Camera2CameraImpl.java:1302)
                                                                                                      at androidx.camera.camera2.internal.Camera2CameraImpl$2.onFailure(Camera2CameraImpl.java:1244)
                                                                                                      at androidx.camera.core.impl.utils.futures.Futures$CallbackListener.run(Futures.java:345)
                                                                                                      at androidx.camera.core.impl.utils.executor.SequentialExecutor$QueueWorker.workOnQueue(SequentialExecutor.java:231)
                                                                                                      at androidx.camera.core.impl.utils.executor.SequentialExecutor$QueueWorker.run(SequentialExecutor.java:173)
                                                                                                      at java.util.concurrent.ThreadPoolExecutor.runWorker(ThreadPoolExecutor.java:1156)
                                                                                                      at java.util.concurrent.ThreadPoolExecutor$Worker.run(ThreadPoolExecutor.java:651)
                                                                                                      at java.lang.Thread.run(Thread.java:1119)
2025-08-16 16:49:22.106  9286-9286  DeferrableSurface       com.msidecoder.scanner               D  surface closed,  useCount=0 closed=true androidx.camera.core.processing.SurfaceEdge$SettableSurface@5988b32
2025-08-16 16:49:22.106  9286-9286  DeferrableSurface       com.msidecoder.scanner               D  Surface terminated[total_surfaces=1, used_surfaces=0](androidx.camera.core.processing.SurfaceEdge$SettableSurface@5988b32}
2025-08-16 16:49:22.106  9286-9286  CameraOrientationUtil   com.msidecoder.scanner               D  getRelativeImageRotation: destRotationDegrees=0, sourceRotationDegrees=90, isOppositeFacing=true, result=90
2025-08-16 16:49:22.106  9286-9286  DeferrableSurface       com.msidecoder.scanner               D  Surface created[total_surfaces=2, used_surfaces=0](androidx.camera.core.processing.SurfaceEdge$SettableSurface@827caeb}
2025-08-16 16:49:22.107  9286-9286  DeferrableSurface       com.msidecoder.scanner               D  Surface created[total_surfaces=3, used_surfaces=0](androidx.camera.core.SurfaceRequest$2@a362ac7}
2025-08-16 16:49:22.107  9286-9286  DeferrableSurface       com.msidecoder.scanner               D  New surface in use[total_surfaces=3, used_surfaces=1](androidx.camera.core.SurfaceRequest$2@a362ac7}
2025-08-16 16:49:22.107  9286-9286  DeferrableSurface       com.msidecoder.scanner               D  use count+1, useCount=1 androidx.camera.core.SurfaceRequest$2@a362ac7
2025-08-16 16:49:22.108  9286-9286  CameraOrientationUtil   com.msidecoder.scanner               D  getRelativeImageRotation: destRotationDegrees=0, sourceRotationDegrees=90, isOppositeFacing=true, result=90
2025-08-16 16:49:22.110  9286-9322  Camera2CameraImpl       com.msidecoder.scanner               D  {Camera@100fc52[id=0]} Use case androidx.camera.core.Preview-ba5d9b40-8f43-4a90-a16f-7d932f3defe7124048814 RESET
2025-08-16 16:49:22.110  9286-9286  PreviewView             com.msidecoder.scanner               D  Surface requested by Preview.
2025-08-16 16:49:22.111  9286-9322  UseCaseAttachState      com.msidecoder.scanner               D  All use case: [androidx.camera.core.Preview-ba5d9b40-8f43-4a90-a16f-7d932f3defe7124048814, androidx.camera.core.ImageAnalysis-43e38970-795f-47bb-a432-b37a7afd4f5a109930345] for camera: 0
2025-08-16 16:49:22.111  9286-9322  Camera2CameraImpl       com.msidecoder.scanner               D  {Camera@100fc52[id=0]} Resetting Capture Session
2025-08-16 16:49:22.111  9286-9322  Camera2CameraImpl       com.msidecoder.scanner               D  {Camera@100fc52[id=0]} Releasing session in state OPENED
2025-08-16 16:49:22.112  9286-9322  UseCaseAttachState      com.msidecoder.scanner               D  Active and attached use case: [androidx.camera.core.Preview-ba5d9b40-8f43-4a90-a16f-7d932f3defe7124048814, androidx.camera.core.ImageAnalysis-43e38970-795f-47bb-a432-b37a7afd4f5a109930345] for camera: 0
2025-08-16 16:49:22.113  9286-9286  NtViewRootImpl          com.msidecoder.scanner               D  mPopUpViewOffsets: offset=(0.0, 0.0), scale=(1.0, 1.0)
2025-08-16 16:49:22.113  9286-9286  PreviewView             com.msidecoder.scanner               D  Preview transformation info updated. TransformationInfo{getCropRect=Rect(0, 0 - 1600, 1200), getRotationDegrees=90, getTargetRotation=0, hasCameraTransform=true, getSensorToBufferTransform=Matrix{[1.0, 0.0, 0.0][0.0, 1.0, 0.0][0.0, 0.0, 1.0]}, getMirroring=false}
2025-08-16 16:49:22.113  9286-9286  PreviewTransform        com.msidecoder.scanner               D  Transformation info set: TransformationInfo{getCropRect=Rect(0, 0 - 1600, 1200), getRotationDegrees=90, getTargetRotation=0, hasCameraTransform=true, getSensorToBufferTransform=Matrix{[1.0, 0.0, 0.0][0.0, 1.0, 0.0][0.0, 0.0, 1.0]}, getMirroring=false} 1600x1200 false
2025-08-16 16:49:22.114  9286-9286  CameraOrientationUtil   com.msidecoder.scanner               D  getRelativeImageRotation: destRotationDegrees=0, sourceRotationDegrees=90, isOppositeFacing=true, result=90
2025-08-16 16:49:22.115  9286-9286  SurfaceViewImpl         com.msidecoder.scanner               D  Surface set on Preview.
2025-08-16 16:49:22.119  9286-9322  UseCaseAttachState      com.msidecoder.scanner               D  All use case: [androidx.camera.core.Preview-ba5d9b40-8f43-4a90-a16f-7d932f3defe7124048814, androidx.camera.core.ImageAnalysis-43e38970-795f-47bb-a432-b37a7afd4f5a109930345] for camera: 0
2025-08-16 16:49:22.120  9286-9322  SyncCaptureSessionBase  com.msidecoder.scanner               D  [androidx.camera.camera2.internal.SynchronizedCaptureSessionBaseImpl@9b953b7] getSurface...done
2025-08-16 16:49:22.121  9286-9322  CaptureSession          com.msidecoder.scanner               D  Opening capture session.
2025-08-16 16:49:22.124  9286-9322  DeferrableSurface       com.msidecoder.scanner               D  use count+1, useCount=2 androidx.camera.core.SurfaceRequest$2@a362ac7
2025-08-16 16:49:22.124  9286-9322  DeferrableSurface       com.msidecoder.scanner               D  New surface in use[total_surfaces=3, used_surfaces=2](androidx.camera.core.impl.ImmediateSurface@90960ab}
2025-08-16 16:49:22.124  9286-9322  DeferrableSurface       com.msidecoder.scanner               D  use count+1, useCount=1 androidx.camera.core.impl.ImmediateSurface@90960ab
2025-08-16 16:49:22.200  9286-9286  SnapshotManager         com.msidecoder.scanner               D  T-101: DEBUG - Returning MsiDebugManager: com.msidecoder.scanner.msi.MsiDebugManager@244b47b
2025-08-16 16:49:22.301  9286-9286  SnapshotManager         com.msidecoder.scanner               D  T-101: DEBUG - Returning MsiDebugManager: com.msidecoder.scanner.msi.MsiDebugManager@244b47b
2025-08-16 16:49:22.351  9286-9322  CaptureSession          com.msidecoder.scanner               D  Attempting to send capture request onConfigured
2025-08-16 16:49:22.351  9286-9322  CaptureSession          com.msidecoder.scanner               D  Issuing request for session.
2025-08-16 16:49:22.352  9286-9322  Camera2Cap...estBuilder com.msidecoder.scanner               D  createCaptureRequest
2025-08-16 16:49:22.354  9286-9322  CaptureSession          com.msidecoder.scanner               D  Issuing capture request.
2025-08-16 16:49:22.354  9286-9322  CaptureSession          com.msidecoder.scanner               D  Skipping capture request with invalid surface: androidx.camera.core.SurfaceRequest$2@d5bb4e0
2025-08-16 16:49:22.354  9286-9322  CaptureSession          com.msidecoder.scanner               D  Skipping issuing burst request due to no valid request elements
2025-08-16 16:49:22.354  9286-9322  CaptureSession          com.msidecoder.scanner               D  CameraCaptureSession.onConfigured() mState=OPENED
2025-08-16 16:49:22.354  9286-9322  CaptureSession          com.msidecoder.scanner               D  CameraCaptureSession.onReady() OPENED
2025-08-16 16:49:22.403  9286-9286  SnapshotManager         com.msidecoder.scanner               D  T-101: DEBUG - Returning MsiDebugManager: com.msidecoder.scanner.msi.MsiDebugManager@244b47b
2025-08-16 16:49:22.504  9286-9286  SnapshotManager         com.msidecoder.scanner               D  T-101: DEBUG - Returning MsiDebugManager: com.msidecoder.scanner.msi.MsiDebugManager@244b47b
2025-08-16 16:49:22.594  9286-9286  CameraOrientationUtil   com.msidecoder.scanner               D  getRelativeImageRotation: destRotationDegrees=0, sourceRotationDegrees=90, isOppositeFacing=true, result=90
2025-08-16 16:49:22.602  9286-9318  StreamStateObserver     com.msidecoder.scanner               D  Update Preview stream state to STREAMING
2025-08-16 16:49:22.604  9286-9286  SnapshotManager         com.msidecoder.scanner               D  T-101: DEBUG - Returning MsiDebugManager: com.msidecoder.scanner.msi.MsiDebugManager@244b47b
2025-08-16 16:49:22.625  9286-9313  TransportR...EventStore com.msidecoder.scanner               D  Storing event with priority=VERY_LOW, name=FIREBASE_ML_SDK for destination cct
2025-08-16 16:49:22.628  9286-9313  TransportR...oScheduler com.msidecoder.scanner               D  Upload for context TransportContext(cct, VERY_LOW, MSRodHRwczovL2ZpcmViYXNlbG9nZ2luZy5nb29nbGVhcGlzLmNvbS92MGNjL2xvZy9iYXRjaD9mb3JtYXQ9anNvbl9wcm90bzNc) is already scheduled. Returning...
2025-08-16 16:49:22.631  9286-9286  MLKitScanner            com.msidecoder.scanner               D  ML Kit: no barcodes detected in 17ms
2025-08-16 16:49:22.632  9286-9286  ScannerArbitrator       com.msidecoder.scanner               D  ML Kit no result → trying MSI fallback
2025-08-16 16:49:22.632  9286-9514  MSIScanner              com.msidecoder.scanner               D  T-101: Starting ROI detection 640x480, rotation=90
2025-08-16 16:49:22.632  9286-9514  MsiRoiDetector          com.msidecoder.scanner               D  Starting ROI detection: 640x480, rotation=90
2025-08-16 16:49:22.634  9286-9313  TransportR...EventStore com.msidecoder.scanner               D  Storing event with priority=VERY_LOW, name=FIREBASE_ML_SDK for destination cct
2025-08-16 16:49:22.636  9286-9313  TransportR...oScheduler com.msidecoder.scanner               D  Upload for context TransportContext(cct, VERY_LOW, MSRodHRwczovL2ZpcmViYXNlbG9nZ2luZy5nb29nbGVhcGlzLmNvbS92MGNjL2xvZy9iYXRjaD9mb3JtYXQ9anNvbl9wcm90bzNc) is already scheduled. Returning...
2025-08-16 16:49:22.638  9286-9313  TransportR...EventStore com.msidecoder.scanner               D  Storing event with priority=VERY_LOW, name=FIREBASE_ML_SDK for destination cct
2025-08-16 16:49:22.640  9286-9313  TransportR...oScheduler com.msidecoder.scanner               D  Upload for context TransportContext(cct, VERY_LOW, MSRodHRwczovL2ZpcmViYXNlbG9nZ2luZy5nb29nbGVhcGlzLmNvbS92MGNjL2xvZy9iYXRjaD9mb3JtYXQ9anNvbl9wcm90bzNc) is already scheduled. Returning...
2025-08-16 16:49:22.705  9286-9286  SnapshotManager         com.msidecoder.scanner               D  T-101: DEBUG - Returning MsiDebugManager: com.msidecoder.scanner.msi.MsiDebugManager@244b47b
2025-08-16 16:49:22.805  9286-9286  SnapshotManager         com.msidecoder.scanner               D  T-101: DEBUG - Returning MsiDebugManager: com.msidecoder.scanner.msi.MsiDebugManager@244b47b
2025-08-16 16:49:22.905  9286-9286  SnapshotManager         com.msidecoder.scanner               D  T-101: DEBUG - Returning MsiDebugManager: com.msidecoder.scanner.msi.MsiDebugManager@244b47b
2025-08-16 16:49:22.942  9286-9514  MsiRoiDetector          com.msidecoder.scanner               D  ROI detection completed in 310ms, found 0 candidates
2025-08-16 16:49:22.942  9286-9514  MSIScanner              com.msidecoder.scanner               D  T-101: No ROI candidates found in 310ms
2025-08-16 16:49:22.942  9286-9514  MSIScanner              com.msidecoder.scanner               D  T-101: DEBUG - Adding empty ROI stats to manager: com.msidecoder.scanner.msi.MsiDebugManager@244b47b
2025-08-16 16:49:22.942  9286-9514  MSIScanner              com.msidecoder.scanner               D  T-101: DEBUG - Updating stage to COMPLETE (no candidates)
2025-08-16 16:49:22.943  9286-9514  ScannerArbitrator       com.msidecoder.scanner               D  MSI no result → overall no detection
2025-08-16 16:49:22.951  9286-9286  MLKitScanner            com.msidecoder.scanner               D  ML Kit: no barcodes detected in 7ms
2025-08-16 16:49:22.951  9286-9286  ScannerArbitrator       com.msidecoder.scanner               D  ML Kit no result → trying MSI fallback
2025-08-16 16:49:22.951  9286-9514  MSIScanner              com.msidecoder.scanner               D  T-101: Starting ROI detection 640x480, rotation=90
2025-08-16 16:49:22.951  9286-9514  MsiRoiDetector          com.msidecoder.scanner               D  Starting ROI detection: 640x480, rotation=90
2025-08-16 16:49:22.963  9286-9286  MLKitScanner            com.msidecoder.scanner               D  ML Kit: no barcodes detected in 18ms
2025-08-16 16:49:22.963  9286-9286  ScannerArbitrator       com.msidecoder.scanner               D  ML Kit no result → trying MSI fallback
2025-08-16 16:49:23.006  9286-9286  SnapshotManager         com.msidecoder.scanner               D  T-101: DEBUG - Returning MsiDebugManager: com.msidecoder.scanner.msi.MsiDebugManager@244b47b
2025-08-16 16:49:23.107  9286-9286  SnapshotManager         com.msidecoder.scanner               D  T-101: DEBUG - Returning MsiDebugManager: com.msidecoder.scanner.msi.MsiDebugManager@244b47b
2025-08-16 16:49:23.208  9286-9286  SnapshotManager         com.msidecoder.scanner               D  T-101: DEBUG - Returning MsiDebugManager: com.msidecoder.scanner.msi.MsiDebugManager@244b47b
2025-08-16 16:49:23.287  9286-9514  MsiRoiDetector          com.msidecoder.scanner               D  ROI detection completed in 336ms, found 0 candidates
2025-08-16 16:49:23.287  9286-9514  MSIScanner              com.msidecoder.scanner               D  T-101: No ROI candidates found in 336ms
2025-08-16 16:49:23.287  9286-9514  MSIScanner              com.msidecoder.scanner               D  T-101: DEBUG - Adding empty ROI stats to manager: com.msidecoder.scanner.msi.MsiDebugManager@244b47b
2025-08-16 16:49:23.287  9286-9514  MSIScanner              com.msidecoder.scanner               D  T-101: DEBUG - Updating stage to COMPLETE (no candidates)
2025-08-16 16:49:23.287  9286-9514  ScannerArbitrator       com.msidecoder.scanner               D  MSI no result → overall no detection
2025-08-16 16:49:23.287  9286-9514  MSIScanner              com.msidecoder.scanner               D  T-101: Starting ROI detection 640x480, rotation=90
2025-08-16 16:49:23.287  9286-9514  MsiRoiDetector          com.msidecoder.scanner               D  Starting ROI detection: 640x480, rotation=90
2025-08-16 16:49:23.309  9286-9286  SnapshotManager         com.msidecoder.scanner               D  T-101: DEBUG - Returning MsiDebugManager: com.msidecoder.scanner.msi.MsiDebugManager@244b47b
2025-08-16 16:49:23.410  9286-9286  SnapshotManager         com.msidecoder.scanner               D  T-101: DEBUG - Returning MsiDebugManager: com.msidecoder.scanner.msi.MsiDebugManager@244b47b
2025-08-16 16:49:23.426  9286-9514  MsiRoiDetector          com.msidecoder.scanner               D  ROI detection completed in 139ms, found 0 candidates
2025-08-16 16:49:23.426  9286-9514  MSIScanner              com.msidecoder.scanner               D  T-101: No ROI candidates found in 139ms
2025-08-16 16:49:23.426  9286-9514  MSIScanner              com.msidecoder.scanner               D  T-101: DEBUG - Adding empty ROI stats to manager: com.msidecoder.scanner.msi.MsiDebugManager@244b47b
2025-08-16 16:49:23.426  9286-9514  MSIScanner              com.msidecoder.scanner               D  T-101: DEBUG - Updating stage to COMPLETE (no candidates)
2025-08-16 16:49:23.426  9286-9514  ScannerArbitrator       com.msidecoder.scanner               D  MSI no result → overall no detection
2025-08-16 16:49:23.442  9286-9286  MLKitScanner            com.msidecoder.scanner               D  ML Kit: no barcodes detected in 15ms
2025-08-16 16:49:23.442  9286-9286  ScannerArbitrator       com.msidecoder.scanner               D  ML Kit no result → trying MSI fallback
2025-08-16 16:49:23.443  9286-9514  MSIScanner              com.msidecoder.scanner               D  T-101: Starting ROI detection 640x480, rotation=90
2025-08-16 16:49:23.443  9286-9514  MsiRoiDetector          com.msidecoder.scanner               D  Starting ROI detection: 640x480, rotation=90
2025-08-16 16:49:23.455  9286-9286  MLKitScanner            com.msidecoder.scanner               D  ML Kit: no barcodes detected in 26ms
2025-08-16 16:49:23.455  9286-9286  ScannerArbitrator       com.msidecoder.scanner               D  ML Kit no result → trying MSI fallback
2025-08-16 16:49:23.467  9286-9286  MLKitScanner            com.msidecoder.scanner               D  ML Kit: no barcodes detected in 26ms
2025-08-16 16:49:23.468  9286-9286  ScannerArbitrator       com.msidecoder.scanner               D  ML Kit no result → trying MSI fallback
2025-08-16 16:49:23.510  9286-9286  SnapshotManager         com.msidecoder.scanner               D  T-101: DEBUG - Returning MsiDebugManager: com.msidecoder.scanner.msi.MsiDebugManager@244b47b
2025-08-16 16:49:23.577  9286-9514  MsiRoiDetector          com.msidecoder.scanner               D  ROI detection completed in 134ms, found 0 candidates
2025-08-16 16:49:23.577  9286-9514  MSIScanner              com.msidecoder.scanner               D  T-101: No ROI candidates found in 134ms
2025-08-16 16:49:23.577  9286-9514  MSIScanner              com.msidecoder.scanner               D  T-101: DEBUG - Adding empty ROI stats to manager: com.msidecoder.scanner.msi.MsiDebugManager@244b47b
2025-08-16 16:49:23.577  9286-9514  MSIScanner              com.msidecoder.scanner               D  T-101: DEBUG - Updating stage to COMPLETE (no candidates)
2025-08-16 16:49:23.577  9286-9514  ScannerArbitrator       com.msidecoder.scanner               D  MSI no result → overall no detection
2025-08-16 16:49:23.577  9286-9514  MSIScanner              com.msidecoder.scanner               D  T-101: Starting ROI detection 640x480, rotation=90
2025-08-16 16:49:23.577  9286-9514  MsiRoiDetector          com.msidecoder.scanner               D  Starting ROI detection: 640x480, rotation=90
2025-08-16 16:49:23.611  9286-9286  SnapshotManager         com.msidecoder.scanner               D  T-101: DEBUG - Returning MsiDebugManager: com.msidecoder.scanner.msi.MsiDebugManager@244b47b
2025-08-16 16:49:23.712  9286-9286  SnapshotManager         com.msidecoder.scanner               D  T-101: DEBUG - Returning MsiDebugManager: com.msidecoder.scanner.msi.MsiDebugManager@244b47b
2025-08-16 16:49:23.758  9286-9514  MsiRoiDetector          com.msidecoder.scanner               D  ROI detection completed in 181ms, found 0 candidates
2025-08-16 16:49:23.758  9286-9514  MSIScanner              com.msidecoder.scanner               D  T-101: No ROI candidates found in 181ms
2025-08-16 16:49:23.758  9286-9514  MSIScanner              com.msidecoder.scanner               D  T-101: DEBUG - Adding empty ROI stats to manager: com.msidecoder.scanner.msi.MsiDebugManager@244b47b
2025-08-16 16:49:23.758  9286-9514  MSIScanner              com.msidecoder.scanner               D  T-101: DEBUG - Updating stage to COMPLETE (no candidates)
2025-08-16 16:49:23.758  9286-9514  ScannerArbitrator       com.msidecoder.scanner               D  MSI no result → overall no detection
2025-08-16 16:49:23.758  9286-9514  MSIScanner              com.msidecoder.scanner               D  T-101: Starting ROI detection 640x480, rotation=90
2025-08-16 16:49:23.758  9286-9514  MsiRoiDetector          com.msidecoder.scanner               D  Starting ROI detection: 640x480, rotation=90
2025-08-16 16:49:23.812  9286-9286  SnapshotManager         com.msidecoder.scanner               D  T-101: DEBUG - Returning MsiDebugManager: com.msidecoder.scanner.msi.MsiDebugManager@244b47b
2025-08-16 16:49:23.913  9286-9286  SnapshotManager         com.msidecoder.scanner               D  T-101: DEBUG - Returning MsiDebugManager: com.msidecoder.scanner.msi.MsiDebugManager@244b47b
2025-08-16 16:49:23.922  9286-9514  MsiRoiDetector          com.msidecoder.scanner               D  ROI detection completed in 164ms, found 0 candidates
2025-08-16 16:49:23.922  9286-9514  MSIScanner              com.msidecoder.scanner               D  T-101: No ROI candidates found in 164ms
2025-08-16 16:49:23.922  9286-9514  MSIScanner              com.msidecoder.scanner               D  T-101: DEBUG - Adding empty ROI stats to manager: com.msidecoder.scanner.msi.MsiDebugManager@244b47b
2025-08-16 16:49:23.922  9286-9514  MSIScanner              com.msidecoder.scanner               D  T-101: DEBUG - Updating stage to COMPLETE (no candidates)
2025-08-16 16:49:23.922  9286-9514  ScannerArbitrator       com.msidecoder.scanner               D  MSI no result → overall no detection
2025-08-16 16:49:23.946  9286-9286  MLKitScanner            com.msidecoder.scanner               D  ML Kit: no barcodes detected in 21ms
2025-08-16 16:49:23.946  9286-9286  ScannerArbitrator       com.msidecoder.scanner               D  ML Kit no result → trying MSI fallback
2025-08-16 16:49:23.946  9286-9514  MSIScanner              com.msidecoder.scanner               D  T-101: Starting ROI detection 640x480, rotation=90
2025-08-16 16:49:23.946  9286-9514  MsiRoiDetector          com.msidecoder.scanner               D  Starting ROI detection: 640x480, rotation=90
2025-08-16 16:49:23.959  9286-9286  MLKitScanner            com.msidecoder.scanner               D  ML Kit: no barcodes detected in 32ms
2025-08-16 16:49:23.959  9286-9286  ScannerArbitrator       com.msidecoder.scanner               D  ML Kit no result → trying MSI fallback
2025-08-16 16:49:23.970  9286-9286  MLKitScanner            com.msidecoder.scanner               D  ML Kit: no barcodes detected in 30ms
2025-08-16 16:49:23.970  9286-9286  ScannerArbitrator       com.msidecoder.scanner               D  ML Kit no result → trying MSI fallback
2025-08-16 16:49:24.014  9286-9286  SnapshotManager         com.msidecoder.scanner               D  T-101: DEBUG - Returning MsiDebugManager: com.msidecoder.scanner.msi.MsiDebugManager@244b47b
2025-08-16 16:49:24.090  9286-9514  MsiRoiDetector          com.msidecoder.scanner               D  ROI detection completed in 144ms, found 0 candidates
2025-08-16 16:49:24.090  9286-9514  MSIScanner              com.msidecoder.scanner               D  T-101: No ROI candidates found in 144ms
2025-08-16 16:49:24.090  9286-9514  MSIScanner              com.msidecoder.scanner               D  T-101: DEBUG - Adding empty ROI stats to manager: com.msidecoder.scanner.msi.MsiDebugManager@244b47b
2025-08-16 16:49:24.091  9286-9514  MSIScanner              com.msidecoder.scanner               D  T-101: DEBUG - Updating stage to COMPLETE (no candidates)
2025-08-16 16:49:24.091  9286-9514  ScannerArbitrator       com.msidecoder.scanner               D  MSI no result → overall no detection
2025-08-16 16:49:24.091  9286-9514  MSIScanner              com.msidecoder.scanner               D  T-101: Starting ROI detection 640x480, rotation=90
2025-08-16 16:49:24.091  9286-9514  MsiRoiDetector          com.msidecoder.scanner               D  Starting ROI detection: 640x480, rotation=90
2025-08-16 16:49:24.241  9286-9514  MSIScanner              com.msidecoder.scanner               D  T-101: No ROI candidates found in 150ms
2025-08-16 16:49:24.241  9286-9514  MSIScanner              com.msidecoder.scanner               D  T-101: DEBUG - Adding empty ROI stats to manager: com.msidecoder.scanner.msi.MsiDebugManager@244b47b
2025-08-16 16:49:24.242  9286-9514  MSIScanner              com.msidecoder.scanner               D  T-101: DEBUG - Updating stage to COMPLETE (no candidates)
2025-08-16 16:49:24.242  9286-9514  ScannerArbitrator       com.msidecoder.scanner               D  MSI no result → overall no detection
2025-08-16 16:49:24.242  9286-9514  MSIScanner              com.msidecoder.scanner               D  T-101: Starting ROI detection 640x480, rotation=90
2025-08-16 16:49:24.242  9286-9514  MsiRoiDetector          com.msidecoder.scanner               D  Starting ROI detection: 640x480, rotation=90
2025-08-16 16:49:24.315  9286-9286  SnapshotManager         com.msidecoder.scanner               D  T-101: DEBUG - Returning MsiDebugManager: com.msidecoder.scanner.msi.MsiDebugManager@244b47b
2025-08-16 16:49:24.399  9286-9514  MsiRoiDetector          com.msidecoder.scanner               D  ROI detection completed in 157ms, found 0 candidates
2025-08-16 16:49:24.399  9286-9514  MSIScanner              com.msidecoder.scanner               D  T-101: No ROI candidates found in 157ms
2025-08-16 16:49:24.399  9286-9514  MSIScanner              com.msidecoder.scanner               D  T-101: DEBUG - Adding empty ROI stats to manager: com.msidecoder.scanner.msi.MsiDebugManager@244b47b
2025-08-16 16:49:24.399  9286-9514  MSIScanner              com.msidecoder.scanner               D  T-101: DEBUG - Updating stage to COMPLETE (no candidates)
2025-08-16 16:49:24.399  9286-9514  ScannerArbitrator       com.msidecoder.scanner               D  MSI no result → overall no detection
2025-08-16 16:49:24.415  9286-9286  MLKitScanner            com.msidecoder.scanner               D  ML Kit: no barcodes detected in 15ms
2025-08-16 16:49:24.415  9286-9286  ScannerArbitrator       com.msidecoder.scanner               D  ML Kit no result → trying MSI fallback
2025-08-16 16:49:24.415  9286-9514  MSIScanner              com.msidecoder.scanner               D  T-101: Starting ROI detection 640x480, rotation=90
2025-08-16 16:49:24.415  9286-9514  MsiRoiDetector          com.msidecoder.scanner               D  Starting ROI detection: 640x480, rotation=90
2025-08-16 16:49:24.417  9286-9286  SnapshotManager         com.msidecoder.scanner               D  T-101: DEBUG - Returning MsiDebugManager: com.msidecoder.scanner.msi.MsiDebugManager@244b47b
2025-08-16 16:49:24.429  9286-9286  MLKitScanner            com.msidecoder.scanner               D  ML Kit: no barcodes detected in 27ms
2025-08-16 16:49:24.429  9286-9286  ScannerArbitrator       com.msidecoder.scanner               D  ML Kit no result → trying MSI fallback
2025-08-16 16:49:24.441  9286-9286  MLKitScanner            com.msidecoder.scanner               D  ML Kit: no barcodes detected in 35ms
2025-08-16 16:49:24.441  9286-9286  ScannerArbitrator       com.msidecoder.scanner               D  ML Kit no result → trying MSI fallback
2025-08-16 16:49:24.517  9286-9286  SnapshotManager         com.msidecoder.scanner               D  T-101: DEBUG - Returning MsiDebugManager: com.msidecoder.scanner.msi.MsiDebugManager@244b47b
2025-08-16 16:49:24.575  9286-9514  MsiRoiDetector          com.msidecoder.scanner               D  ROI detection completed in 160ms, found 0 candidates
2025-08-16 16:49:24.575  9286-9514  MSIScanner              com.msidecoder.scanner               D  T-101: No ROI candidates found in 160ms
2025-08-16 16:49:24.575  9286-9514  MSIScanner              com.msidecoder.scanner               D  T-101: DEBUG - Adding empty ROI stats to manager: com.msidecoder.scanner.msi.MsiDebugManager@244b47b
2025-08-16 16:49:24.575  9286-9514  MSIScanner              com.msidecoder.scanner               D  T-101: DEBUG - Updating stage to COMPLETE (no candidates)
2025-08-16 16:49:24.575  9286-9514  ScannerArbitrator       com.msidecoder.scanner               D  MSI no result → overall no detection
2025-08-16 16:49:24.575  9286-9514  MSIScanner              com.msidecoder.scanner               D  T-101: Starting ROI detection 640x480, rotation=90
2025-08-16 16:49:24.575  9286-9514  MsiRoiDetector          com.msidecoder.scanner               D  Starting ROI detection: 640x480, rotation=90
2025-08-16 16:49:24.619  9286-9286  SnapshotManager         com.msidecoder.scanner               D  T-101: DEBUG - Returning MsiDebugManager: com.msidecoder.scanner.msi.MsiDebugManager@244b47b
2025-08-16 16:49:24.720  9286-9286  SnapshotManager         com.msidecoder.scanner               D  T-101: DEBUG - Returning MsiDebugManager: com.msidecoder.scanner.msi.MsiDebugManager@244b47b
2025-08-16 16:49:24.745  9286-9514  MsiRoiDetector          com.msidecoder.scanner               D  ROI detection completed in 170ms, found 0 candidates
2025-08-16 16:49:24.745  9286-9514  MSIScanner              com.msidecoder.scanner               D  T-101: No ROI candidates found in 170ms
2025-08-16 16:49:24.745  9286-9514  MSIScanner              com.msidecoder.scanner               D  T-101: DEBUG - Adding empty ROI stats to manager: com.msidecoder.scanner.msi.MsiDebugManager@244b47b
2025-08-16 16:49:24.745  9286-9514  MSIScanner              com.msidecoder.scanner               D  T-101: DEBUG - Updating stage to COMPLETE (no candidates)
2025-08-16 16:49:24.745  9286-9514  ScannerArbitrator       com.msidecoder.scanner               D  MSI no result → overall no detection
2025-08-16 16:49:24.747  9286-9514  MSIScanner              com.msidecoder.scanner               D  T-101: Starting ROI detection 640x480, rotation=90
2025-08-16 16:49:24.747  9286-9514  MsiRoiDetector          com.msidecoder.scanner               D  Starting ROI detection: 640x480, rotation=90
2025-08-16 16:49:24.780  9286-9286  MLKitScanner            com.msidecoder.scanner               D  ML Kit: no barcodes detected in 34ms
2025-08-16 16:49:24.780  9286-9286  ScannerArbitrator       com.msidecoder.scanner               D  ML Kit no result → trying MSI fallback
2025-08-16 16:49:24.820  9286-9286  SnapshotManager         com.msidecoder.scanner               D  T-101: DEBUG - Returning MsiDebugManager: com.msidecoder.scanner.msi.MsiDebugManager@244b47b
2025-08-16 16:49:24.921  9286-9286  SnapshotManager         com.msidecoder.scanner               D  T-101: DEBUG - Returning MsiDebugManager: com.msidecoder.scanner.msi.MsiDebugManager@244b47b
2025-08-16 16:49:24.929  9286-9514  MsiRoiDetector          com.msidecoder.scanner               D  ROI detection completed in 182ms, found 0 candidates
2025-08-16 16:49:24.929  9286-9514  MSIScanner              com.msidecoder.scanner               D  T-101: No ROI candidates found in 182ms
2025-08-16 16:49:24.929  9286-9514  MSIScanner              com.msidecoder.scanner               D  T-101: DEBUG - Adding empty ROI stats to manager: com.msidecoder.scanner.msi.MsiDebugManager@244b47b
2025-08-16 16:49:24.929  9286-9514  MSIScanner              com.msidecoder.scanner               D  T-101: DEBUG - Updating stage to COMPLETE (no candidates)
2025-08-16 16:49:24.929  9286-9514  ScannerArbitrator       com.msidecoder.scanner               D  MSI no result → overall no detection
2025-08-16 16:49:24.932  9286-9514  MSIScanner              com.msidecoder.scanner               D  T-101: Starting ROI detection 640x480, rotation=90
2025-08-16 16:49:24.932  9286-9514  MsiRoiDetector          com.msidecoder.scanner               D  Starting ROI detection: 640x480, rotation=90
2025-08-16 16:49:24.948  9286-9286  MLKitScanner            com.msidecoder.scanner               D  ML Kit: no barcodes detected in 17ms
2025-08-16 16:49:24.948  9286-9286  ScannerArbitrator       com.msidecoder.scanner               D  ML Kit no result → trying MSI fallback
2025-08-16 16:49:25.022  9286-9286  SnapshotManager         com.msidecoder.scanner               D  T-101: DEBUG - Returning MsiDebugManager: com.msidecoder.scanner.msi.MsiDebugManager@244b47b
2025-08-16 16:49:25.123  9286-9286  SnapshotManager         com.msidecoder.scanner               D  T-101: DEBUG - Returning MsiDebugManager: com.msidecoder.scanner.msi.MsiDebugManager@244b47b
2025-08-16 16:49:25.125  9286-9514  MsiRoiDetector          com.msidecoder.scanner               D  ROI detection completed in 193ms, found 0 candidates
2025-08-16 16:49:25.125  9286-9514  MSIScanner              com.msidecoder.scanner               D  T-101: No ROI candidates found in 193ms
2025-08-16 16:49:25.125  9286-9514  MSIScanner              com.msidecoder.scanner               D  T-101: DEBUG - Adding empty ROI stats to manager: com.msidecoder.scanner.msi.MsiDebugManager@244b47b
2025-08-16 16:49:25.125  9286-9514  MSIScanner              com.msidecoder.scanner               D  T-101: DEBUG - Updating stage to COMPLETE (no candidates)
2025-08-16 16:49:25.125  9286-9514  ScannerArbitrator       com.msidecoder.scanner               D  MSI no result → overall no detection
2025-08-16 16:49:25.128  9286-9514  MSIScanner              com.msidecoder.scanner               D  T-101: Starting ROI detection 640x480, rotation=90
2025-08-16 16:49:25.128  9286-9514  MsiRoiDetector          com.msidecoder.scanner               D  Starting ROI detection: 640x480, rotation=90
2025-08-16 16:49:25.147  9286-9286  MLKitScanner            com.msidecoder.scanner               D  ML Kit: no barcodes detected in 20ms
2025-08-16 16:49:25.147  9286-9286  ScannerArbitrator       com.msidecoder.scanner               D  ML Kit no result → trying MSI fallback
