2025-08-16 16:49:25.224  9286-9286  SnapshotManager         com.msidecoder.scanner               D  T-101: DEBUG - Returning MsiDebugManager: com.msidecoder.scanner.msi.MsiDebugManager@244b47b
2025-08-16 16:49:25.320  9286-9514  MsiRoiDetector          com.msidecoder.scanner               D  ROI detection completed in 192ms, found 0 candidates
2025-08-16 16:49:25.320  9286-9514  MSIScanner              com.msidecoder.scanner               D  T-101: No ROI candidates found in 192ms
2025-08-16 16:49:25.320  9286-9514  MSIScanner              com.msidecoder.scanner               D  T-101: DEBUG - Adding empty ROI stats to manager: com.msidecoder.scanner.msi.MsiDebugManager@244b47b
2025-08-16 16:49:25.320  9286-9514  MSIScanner              com.msidecoder.scanner               D  T-101: DEBUG - Updating stage to COMPLETE (no candidates)
2025-08-16 16:49:25.320  9286-9514  ScannerArbitrator       com.msidecoder.scanner               D  MSI no result → overall no detection
2025-08-16 16:49:25.321  9286-9514  MSIScanner              com.msidecoder.scanner               D  T-101: Starting ROI detection 640x480, rotation=90
2025-08-16 16:49:25.321  9286-9514  MsiRoiDetector          com.msidecoder.scanner               D  Starting ROI detection: 640x480, rotation=90
2025-08-16 16:49:25.325  9286-9286  SnapshotManager         com.msidecoder.scanner               D  T-101: DEBUG - Returning MsiDebugManager: com.msidecoder.scanner.msi.MsiDebugManager@244b47b
2025-08-16 16:49:25.341  9286-9286  MLKitScanner            com.msidecoder.scanner               D  ML Kit: no barcodes detected in 20ms
2025-08-16 16:49:25.341  9286-9286  ScannerArbitrator       com.msidecoder.scanner               D  ML Kit no result → trying MSI fallback
2025-08-16 16:49:25.425  9286-9286  SnapshotManager         com.msidecoder.scanner               D  T-101: DEBUG - Returning MsiDebugManager: com.msidecoder.scanner.msi.MsiDebugManager@244b47b
2025-08-16 16:49:25.514  9286-9514  MsiRoiDetector          com.msidecoder.scanner               D  ROI detection completed in 193ms, found 0 candidates
2025-08-16 16:49:25.514  9286-9514  MSIScanner              com.msidecoder.scanner               D  T-101: No ROI candidates found in 193ms
2025-08-16 16:49:25.514  9286-9514  MSIScanner              com.msidecoder.scanner               D  T-101: DEBUG - Adding empty ROI stats to manager: com.msidecoder.scanner.msi.MsiDebugManager@244b47b
2025-08-16 16:49:25.514  9286-9514  MSIScanner              com.msidecoder.scanner               D  T-101: DEBUG - Updating stage to COMPLETE (no candidates)
2025-08-16 16:49:25.514  9286-9514  ScannerArbitrator       com.msidecoder.scanner               D  MSI no result → overall no detection
2025-08-16 16:49:25.516  9286-9514  MSIScanner              com.msidecoder.scanner               D  T-101: Starting ROI detection 640x480, rotation=90
2025-08-16 16:49:25.516  9286-9514  MsiRoiDetector          com.msidecoder.scanner               D  Starting ROI detection: 640x480, rotation=90
2025-08-16 16:49:25.526  9286-9286  SnapshotManager         com.msidecoder.scanner               D  T-101: DEBUG - Returning MsiDebugManager: com.msidecoder.scanner.msi.MsiDebugManager@244b47b
2025-08-16 16:49:25.541  9286-9286  MLKitScanner            com.msidecoder.scanner               D  ML Kit: no barcodes detected in 26ms
2025-08-16 16:49:25.541  9286-9286  ScannerArbitrator       com.msidecoder.scanner               D  ML Kit no result → trying MSI fallback
2025-08-16 16:49:25.627  9286-9286  SnapshotManager         com.msidecoder.scanner               D  T-101: DEBUG - Returning MsiDebugManager: com.msidecoder.scanner.msi.MsiDebugManager@244b47b
2025-08-16 16:49:25.705  9286-9514  OrientationEstimator    com.msidecoder.scanner               D  Estimating orientation for ROI: 176,60 67x20
2025-08-16 16:49:25.705  9286-9514  OrientationEstimator    com.msidecoder.scanner               D  Structure tensor: Gxx=0,0257, Gyy=0,0428, Gxy=0,0033
2025-08-16 16:49:25.705  9286-9514  OrientationEstimator    com.msidecoder.scanner               D  Orientation estimated: 79,4° in 0ms
2025-08-16 16:49:25.705  9286-9514  MsiRoiDetector          com.msidecoder.scanner               D  ROI detection completed in 189ms, found 1 candidates
2025-08-16 16:49:25.705  9286-9514  MSIScanner              com.msidecoder.scanner               D  T-101: Found 1 ROI candidates, best: 176,60 67x20 score=0.6474721
2025-08-16 16:49:25.705  9286-9514  MSIScanner              com.msidecoder.scanner               D  T-101: DEBUG - Adding ROI stats to manager: com.msidecoder.scanner.msi.MsiDebugManager@244b47b
2025-08-16 16:49:25.705  9286-9514  MsiDebugManager         com.msidecoder.scanner               D  T-101: ROI détecté - sauvegarde pour persistance (1 candidats)
2025-08-16 16:49:25.705  9286-9514  MSIScanner              com.msidecoder.scanner               D  T-101: DEBUG - Updating stage to COMPLETE
2025-08-16 16:49:25.705  9286-9514  MSIScanner              com.msidecoder.scanner               D  T-101: ROI detection completed in 189ms - no decoding yet (Phase 1)
2025-08-16 16:49:25.705  9286-9514  ScannerArbitrator       com.msidecoder.scanner               D  MSI no result → overall no detection
2025-08-16 16:49:25.707  9286-9514  MSIScanner              com.msidecoder.scanner               D  T-101: Starting ROI detection 640x480, rotation=90
2025-08-16 16:49:25.707  9286-9514  MsiRoiDetector          com.msidecoder.scanner               D  Starting ROI detection: 640x480, rotation=90
2025-08-16 16:49:25.720  9286-9286  MLKitScanner            com.msidecoder.scanner               D  ML Kit: no barcodes detected in 14ms
2025-08-16 16:49:25.720  9286-9286  ScannerArbitrator       com.msidecoder.scanner               D  ML Kit no result → trying MSI fallback
2025-08-16 16:49:25.728  9286-9286  SnapshotManager         com.msidecoder.scanner               D  T-101: DEBUG - Returning MsiDebugManager: com.msidecoder.scanner.msi.MsiDebugManager@244b47b
2025-08-16 16:49:25.728  9286-9286  MsiDebugManager         com.msidecoder.scanner               D  T-101: Utilisation ROI persistante (23ms ago)
2025-08-16 16:49:25.828  9286-9286  SnapshotManager         com.msidecoder.scanner               D  T-101: DEBUG - Returning MsiDebugManager: com.msidecoder.scanner.msi.MsiDebugManager@244b47b
2025-08-16 16:49:25.828  9286-9286  MsiDebugManager         com.msidecoder.scanner               D  T-101: Utilisation ROI persistante (123ms ago)
2025-08-16 16:49:25.882  9286-9514  OrientationEstimator    com.msidecoder.scanner               D  Estimating orientation for ROI: 503,27 67x22
2025-08-16 16:49:25.882  9286-9514  OrientationEstimator    com.msidecoder.scanner               D  Structure tensor: Gxx=0,0296, Gyy=0,0210, Gxy=-0,0161
2025-08-16 16:49:25.882  9286-9514  OrientationEstimator    com.msidecoder.scanner               D  Orientation estimated: -37,5° in 0ms
2025-08-16 16:49:25.882  9286-9514  MsiRoiDetector          com.msidecoder.scanner               D  ROI detection completed in 175ms, found 1 candidates
2025-08-16 16:49:25.882  9286-9514  MSIScanner              com.msidecoder.scanner               D  T-101: Found 1 ROI candidates, best: 503,27 67x22 score=0.61784923
2025-08-16 16:49:25.882  9286-9514  MSIScanner              com.msidecoder.scanner               D  T-101: DEBUG - Adding ROI stats to manager: com.msidecoder.scanner.msi.MsiDebugManager@244b47b
2025-08-16 16:49:25.882  9286-9514  MsiDebugManager         com.msidecoder.scanner               D  T-101: ROI détecté - sauvegarde pour persistance (1 candidats)
2025-08-16 16:49:25.882  9286-9514  MSIScanner              com.msidecoder.scanner               D  T-101: DEBUG - Updating stage to COMPLETE
2025-08-16 16:49:25.882  9286-9514  MSIScanner              com.msidecoder.scanner               D  T-101: ROI detection completed in 175ms - no decoding yet (Phase 1)
2025-08-16 16:49:25.882  9286-9514  ScannerArbitrator       com.msidecoder.scanner               D  MSI no result → overall no detection
2025-08-16 16:49:25.885  9286-9514  MSIScanner              com.msidecoder.scanner               D  T-101: Starting ROI detection 640x480, rotation=90
2025-08-16 16:49:25.885  9286-9514  MsiRoiDetector          com.msidecoder.scanner               D  Starting ROI detection: 640x480, rotation=90
2025-08-16 16:49:25.899  9286-9286  MLKitScanner            com.msidecoder.scanner               D  ML Kit: no barcodes detected in 15ms
2025-08-16 16:49:25.899  9286-9286  ScannerArbitrator       com.msidecoder.scanner               D  ML Kit no result → trying MSI fallback
2025-08-16 16:49:25.928  9286-9286  SnapshotManager         com.msidecoder.scanner               D  T-101: DEBUG - Returning MsiDebugManager: com.msidecoder.scanner.msi.MsiDebugManager@244b47b
2025-08-16 16:49:25.928  9286-9286  MsiDebugManager         com.msidecoder.scanner               D  T-101: Utilisation ROI persistante (46ms ago)
2025-08-16 16:49:26.028  9286-9286  SnapshotManager         com.msidecoder.scanner               D  T-101: DEBUG - Returning MsiDebugManager: com.msidecoder.scanner.msi.MsiDebugManager@244b47b
2025-08-16 16:49:26.029  9286-9286  MsiDebugManager         com.msidecoder.scanner               D  T-101: Utilisation ROI persistante (146ms ago)
2025-08-16 16:49:26.062  9286-9514  OrientationEstimator    com.msidecoder.scanner               D  Estimating orientation for ROI: 546,444 94x23
2025-08-16 16:49:26.062  9286-9514  OrientationEstimator    com.msidecoder.scanner               D  Structure tensor: Gxx=0,0336, Gyy=0,0197, Gxy=-0,0191
2025-08-16 16:49:26.062  9286-9514  OrientationEstimator    com.msidecoder.scanner               D  Orientation estimated: -35,0° in 1ms
2025-08-16 16:49:26.062  9286-9514  MsiRoiDetector          com.msidecoder.scanner               D  ROI detection completed in 177ms, found 1 candidates
2025-08-16 16:49:26.062  9286-9514  MSIScanner              com.msidecoder.scanner               D  T-101: Found 1 ROI candidates, best: 546,444 94x23 score=0.72252905
2025-08-16 16:49:26.062  9286-9514  MSIScanner              com.msidecoder.scanner               D  T-101: DEBUG - Adding ROI stats to manager: com.msidecoder.scanner.msi.MsiDebugManager@244b47b
2025-08-16 16:49:26.062  9286-9514  MsiDebugManager         com.msidecoder.scanner               D  T-101: ROI détecté - sauvegarde pour persistance (1 candidats)
2025-08-16 16:49:26.062  9286-9514  MSIScanner              com.msidecoder.scanner               D  T-101: DEBUG - Updating stage to COMPLETE
2025-08-16 16:49:26.062  9286-9514  MSIScanner              com.msidecoder.scanner               D  T-101: ROI detection completed in 177ms - no decoding yet (Phase 1)
2025-08-16 16:49:26.062  9286-9514  ScannerArbitrator       com.msidecoder.scanner               D  MSI no result → overall no detection
2025-08-16 16:49:26.065  9286-9514  MSIScanner              com.msidecoder.scanner               D  T-101: Starting ROI detection 640x480, rotation=90
2025-08-16 16:49:26.065  9286-9514  MsiRoiDetector          com.msidecoder.scanner               D  Starting ROI detection: 640x480, rotation=90
2025-08-16 16:49:26.081  9286-9286  MLKitScanner            com.msidecoder.scanner               D  ML Kit: no barcodes detected in 17ms
2025-08-16 16:49:26.081  9286-9286  ScannerArbitrator       com.msidecoder.scanner               D  ML Kit no result → trying MSI fallback
2025-08-16 16:49:26.129  9286-9286  SnapshotManager         com.msidecoder.scanner               D  T-101: DEBUG - Returning MsiDebugManager: com.msidecoder.scanner.msi.MsiDebugManager@244b47b
2025-08-16 16:49:26.129  9286-9286  MsiDebugManager         com.msidecoder.scanner               D  T-101: Utilisation ROI persistante (67ms ago)
2025-08-16 16:49:26.230  9286-9286  SnapshotManager         com.msidecoder.scanner               D  T-101: DEBUG - Returning MsiDebugManager: com.msidecoder.scanner.msi.MsiDebugManager@244b47b
2025-08-16 16:49:26.230  9286-9286  MsiDebugManager         com.msidecoder.scanner               D  T-101: Utilisation ROI persistante (168ms ago)
2025-08-16 16:49:26.255  9286-9514  OrientationEstimator    com.msidecoder.scanner               D  Estimating orientation for ROI: 465,1 116x29
2025-08-16 16:49:26.256  9286-9514  OrientationEstimator    com.msidecoder.scanner               D  Structure tensor: Gxx=0,0289, Gyy=0,0199, Gxy=-0,0133
2025-08-16 16:49:26.256  9286-9514  OrientationEstimator    com.msidecoder.scanner               D  Orientation estimated: -35,7° in 1ms
2025-08-16 16:49:26.256  9286-9514  OrientationEstimator    com.msidecoder.scanner               D  Estimating orientation for ROI: 183,1 118x24
2025-08-16 16:49:26.256  9286-9514  OrientationEstimator    com.msidecoder.scanner               D  Structure tensor: Gxx=0,0270, Gyy=0,0132, Gxy=-0,0124
2025-08-16 16:49:26.256  9286-9514  OrientationEstimator    com.msidecoder.scanner               D  Orientation estimated: -30,5° in 0ms
2025-08-16 16:49:26.256  9286-9514  MsiRoiDetector          com.msidecoder.scanner               D  ROI detection completed in 191ms, found 2 candidates
2025-08-16 16:49:26.256  9286-9514  MSIScanner              com.msidecoder.scanner               D  T-101: Found 2 ROI candidates, best: 465,1 116x29 score=0.7126269
2025-08-16 16:49:26.256  9286-9514  MSIScanner              com.msidecoder.scanner               D  T-101: DEBUG - Adding ROI stats to manager: com.msidecoder.scanner.msi.MsiDebugManager@244b47b
2025-08-16 16:49:26.256  9286-9514  MsiDebugManager         com.msidecoder.scanner               D  T-101: ROI détecté - sauvegarde pour persistance (2 candidats)
2025-08-16 16:49:26.256  9286-9514  MSIScanner              com.msidecoder.scanner               D  T-101: DEBUG - Updating stage to COMPLETE
2025-08-16 16:49:26.256  9286-9514  MSIScanner              com.msidecoder.scanner               D  T-101: ROI detection completed in 191ms - no decoding yet (Phase 1)
2025-08-16 16:49:26.256  9286-9514  ScannerArbitrator       com.msidecoder.scanner               D  MSI no result → overall no detection
2025-08-16 16:49:26.258  9286-9514  MSIScanner              com.msidecoder.scanner               D  T-101: Starting ROI detection 640x480, rotation=90
2025-08-16 16:49:26.258  9286-9514  MsiRoiDetector          com.msidecoder.scanner               D  Starting ROI detection: 640x480, rotation=90
2025-08-16 16:49:26.271  9286-9286  MLKitScanner            com.msidecoder.scanner               D  ML Kit: no barcodes detected in 14ms
2025-08-16 16:49:26.271  9286-9286  ScannerArbitrator       com.msidecoder.scanner               D  ML Kit no result → trying MSI fallback
2025-08-16 16:49:26.330  9286-9286  SnapshotManager         com.msidecoder.scanner               D  T-101: DEBUG - Returning MsiDebugManager: com.msidecoder.scanner.msi.MsiDebugManager@244b47b
2025-08-16 16:49:26.330  9286-9286  MsiDebugManager         com.msidecoder.scanner               D  T-101: Utilisation ROI persistante (74ms ago)
2025-08-16 16:49:26.431  9286-9286  SnapshotManager         com.msidecoder.scanner               D  T-101: DEBUG - Returning MsiDebugManager: com.msidecoder.scanner.msi.MsiDebugManager@244b47b
2025-08-16 16:49:26.431  9286-9286  MsiDebugManager         com.msidecoder.scanner               D  T-101: Utilisation ROI persistante (175ms ago)
2025-08-16 16:49:26.452  9286-9514  OrientationEstimator    com.msidecoder.scanner               D  Estimating orientation for ROI: 191,61 97x25
2025-08-16 16:49:26.452  9286-9514  OrientationEstimator    com.msidecoder.scanner               D  Structure tensor: Gxx=0,0265, Gyy=0,0559, Gxy=0,0122
2025-08-16 16:49:26.453  9286-9514  OrientationEstimator    com.msidecoder.scanner               D  Orientation estimated: 70,2° in 0ms
2025-08-16 16:49:26.453  9286-9514  OrientationEstimator    com.msidecoder.scanner               D  Estimating orientation for ROI: 237,10 88x23
2025-08-16 16:49:26.453  9286-9514  OrientationEstimator    com.msidecoder.scanner               D  Structure tensor: Gxx=0,0365, Gyy=0,0176, Gxy=-0,0157
2025-08-16 16:49:26.453  9286-9514  OrientationEstimator    com.msidecoder.scanner               D  Orientation estimated: -29,5° in 0ms
2025-08-16 16:49:26.453  9286-9514  OrientationEstimator    com.msidecoder.scanner               D  Estimating orientation for ROI: 473,4 108x30
2025-08-16 16:49:26.453  9286-9514  OrientationEstimator    com.msidecoder.scanner               D  Structure tensor: Gxx=0,0282, Gyy=0,0190, Gxy=-0,0131
2025-08-16 16:49:26.453  9286-9514  OrientationEstimator    com.msidecoder.scanner               D  Orientation estimated: -35,3° in 0ms
2025-08-16 16:49:26.453  9286-9514  MsiRoiDetector          com.msidecoder.scanner               D  ROI detection completed in 195ms, found 3 candidates
2025-08-16 16:49:26.453  9286-9514  MSIScanner              com.msidecoder.scanner               D  T-101: Found 3 ROI candidates, best: 191,61 97x25 score=0.7029302
2025-08-16 16:49:26.453  9286-9514  MSIScanner              com.msidecoder.scanner               D  T-101: DEBUG - Adding ROI stats to manager: com.msidecoder.scanner.msi.MsiDebugManager@244b47b
2025-08-16 16:49:26.453  9286-9514  MsiDebugManager         com.msidecoder.scanner               D  T-101: ROI détecté - sauvegarde pour persistance (3 candidats)
2025-08-16 16:49:26.453  9286-9514  MSIScanner              com.msidecoder.scanner               D  T-101: DEBUG - Updating stage to COMPLETE
2025-08-16 16:49:26.453  9286-9514  MSIScanner              com.msidecoder.scanner               D  T-101: ROI detection completed in 195ms - no decoding yet (Phase 1)
2025-08-16 16:49:26.453  9286-9514  ScannerArbitrator       com.msidecoder.scanner               D  MSI no result → overall no detection
2025-08-16 16:49:26.455  9286-9514  MSIScanner              com.msidecoder.scanner               D  T-101: Starting ROI detection 640x480, rotation=90
2025-08-16 16:49:26.455  9286-9514  MsiRoiDetector          com.msidecoder.scanner               D  Starting ROI detection: 640x480, rotation=90
2025-08-16 16:49:26.477  9286-9286  MLKitScanner            com.msidecoder.scanner               D  ML Kit: no barcodes detected in 23ms
2025-08-16 16:49:26.477  9286-9286  ScannerArbitrator       com.msidecoder.scanner               D  ML Kit no result → trying MSI fallback
2025-08-16 16:49:26.531  9286-9286  SnapshotManager         com.msidecoder.scanner               D  T-101: DEBUG - Returning MsiDebugManager: com.msidecoder.scanner.msi.MsiDebugManager@244b47b
2025-08-16 16:49:26.531  9286-9286  MsiDebugManager         com.msidecoder.scanner               D  T-101: Utilisation ROI persistante (78ms ago)
2025-08-16 16:49:26.631  9286-9286  SnapshotManager         com.msidecoder.scanner               D  T-101: DEBUG - Returning MsiDebugManager: com.msidecoder.scanner.msi.MsiDebugManager@244b47b
2025-08-16 16:49:26.632  9286-9286  MsiDebugManager         com.msidecoder.scanner               D  T-101: Utilisation ROI persistante (179ms ago)
2025-08-16 16:49:26.637  9286-9514  OrientationEstimator    com.msidecoder.scanner               D  Estimating orientation for ROI: 244,12 79x23
2025-08-16 16:49:26.637  9286-9514  OrientationEstimator    com.msidecoder.scanner               D  Structure tensor: Gxx=0,0383, Gyy=0,0182, Gxy=-0,0163
2025-08-16 16:49:26.637  9286-9514  OrientationEstimator    com.msidecoder.scanner               D  Orientation estimated: -29,2° in 0ms
2025-08-16 16:49:26.637  9286-9514  OrientationEstimator    com.msidecoder.scanner               D  Estimating orientation for ROI: 558,150 82x27
2025-08-16 16:49:26.637  9286-9514  OrientationEstimator    com.msidecoder.scanner               D  Structure tensor: Gxx=0,0305, Gyy=0,0208, Gxy=-0,0175
2025-08-16 16:49:26.637  9286-9514  OrientationEstimator    com.msidecoder.scanner               D  Orientation estimated: -37,3° in 0ms
2025-08-16 16:49:26.637  9286-9514  MsiRoiDetector          com.msidecoder.scanner               D  ROI detection completed in 182ms, found 2 candidates
2025-08-16 16:49:26.638  9286-9514  MSIScanner              com.msidecoder.scanner               D  T-101: Found 2 ROI candidates, best: 244,12 79x23 score=0.659941
2025-08-16 16:49:26.638  9286-9514  MSIScanner              com.msidecoder.scanner               D  T-101: DEBUG - Adding ROI stats to manager: com.msidecoder.scanner.msi.MsiDebugManager@244b47b
2025-08-16 16:49:26.638  9286-9514  MsiDebugManager         com.msidecoder.scanner               D  T-101: ROI détecté - sauvegarde pour persistance (2 candidats)
2025-08-16 16:49:26.638  9286-9514  MSIScanner              com.msidecoder.scanner               D  T-101: DEBUG - Updating stage to COMPLETE
2025-08-16 16:49:26.638  9286-9514  MSIScanner              com.msidecoder.scanner               D  T-101: ROI detection completed in 182ms - no decoding yet (Phase 1)
2025-08-16 16:49:26.638  9286-9514  ScannerArbitrator       com.msidecoder.scanner               D  MSI no result → overall no detection
2025-08-16 16:49:26.640  9286-9514  MSIScanner              com.msidecoder.scanner               D  T-101: Starting ROI detection 640x480, rotation=90
2025-08-16 16:49:26.640  9286-9514  MsiRoiDetector          com.msidecoder.scanner               D  Starting ROI detection: 640x480, rotation=90
2025-08-16 16:49:26.655  9286-9286  MLKitScanner            com.msidecoder.scanner               D  ML Kit: no barcodes detected in 16ms
2025-08-16 16:49:26.655  9286-9286  ScannerArbitrator       com.msidecoder.scanner               D  ML Kit no result → trying MSI fallback
2025-08-16 16:49:26.732  9286-9286  SnapshotManager         com.msidecoder.scanner               D  T-101: DEBUG - Returning MsiDebugManager: com.msidecoder.scanner.msi.MsiDebugManager@244b47b
2025-08-16 16:49:26.732  9286-9286  MsiDebugManager         com.msidecoder.scanner               D  T-101: Utilisation ROI persistante (94ms ago)
2025-08-16 16:49:26.826  9286-9514  OrientationEstimator    com.msidecoder.scanner               D  Estimating orientation for ROI: 559,42 81x24
2025-08-16 16:49:26.826  9286-9514  OrientationEstimator    com.msidecoder.scanner               D  Structure tensor: Gxx=0,0262, Gyy=0,0195, Gxy=-0,0117
2025-08-16 16:49:26.826  9286-9514  OrientationEstimator    com.msidecoder.scanner               D  Orientation estimated: -37,0° in 0ms
2025-08-16 16:49:26.827  9286-9514  OrientationEstimator    com.msidecoder.scanner               D  Estimating orientation for ROI: 557,315 63x20
2025-08-16 16:49:26.827  9286-9514  OrientationEstimator    com.msidecoder.scanner               D  Structure tensor: Gxx=0,0317, Gyy=0,0206, Gxy=-0,0188
2025-08-16 16:49:26.827  9286-9514  OrientationEstimator    com.msidecoder.scanner               D  Orientation estimated: -36,8° in 0ms
2025-08-16 16:49:26.827  9286-9514  MsiRoiDetector          com.msidecoder.scanner               D  ROI detection completed in 187ms, found 2 candidates
2025-08-16 16:49:26.827  9286-9514  MSIScanner              com.msidecoder.scanner               D  T-101: Found 2 ROI candidates, best: 559,42 81x24 score=0.6490192
2025-08-16 16:49:26.827  9286-9514  MSIScanner              com.msidecoder.scanner               D  T-101: DEBUG - Adding ROI stats to manager: com.msidecoder.scanner.msi.MsiDebugManager@244b47b
2025-08-16 16:49:26.827  9286-9514  MsiDebugManager         com.msidecoder.scanner               D  T-101: ROI détecté - sauvegarde pour persistance (2 candidats)
2025-08-16 16:49:26.827  9286-9514  MSIScanner              com.msidecoder.scanner               D  T-101: DEBUG - Updating stage to COMPLETE
2025-08-16 16:49:26.827  9286-9514  MSIScanner              com.msidecoder.scanner               D  T-101: ROI detection completed in 187ms - no decoding yet (Phase 1)
2025-08-16 16:49:26.827  9286-9514  ScannerArbitrator       com.msidecoder.scanner               D  MSI no result → overall no detection
2025-08-16 16:49:26.829  9286-9514  MSIScanner              com.msidecoder.scanner               D  T-101: Starting ROI detection 640x480, rotation=90
2025-08-16 16:49:26.829  9286-9514  MsiRoiDetector          com.msidecoder.scanner               D  Starting ROI detection: 640x480, rotation=90
2025-08-16 16:49:26.833  9286-9286  SnapshotManager         com.msidecoder.scanner               D  T-101: DEBUG - Returning MsiDebugManager: com.msidecoder.scanner.msi.MsiDebugManager@244b47b
2025-08-16 16:49:26.833  9286-9286  MsiDebugManager         com.msidecoder.scanner               D  T-101: Utilisation ROI persistante (6ms ago)
2025-08-16 16:49:26.844  9286-9286  MLKitScanner            com.msidecoder.scanner               D  ML Kit: no barcodes detected in 16ms
2025-08-16 16:49:26.845  9286-9286  ScannerArbitrator       com.msidecoder.scanner               D  ML Kit no result → trying MSI fallback
2025-08-16 16:49:26.933  9286-9286  SnapshotManager         com.msidecoder.scanner               D  T-101: DEBUG - Returning MsiDebugManager: com.msidecoder.scanner.msi.MsiDebugManager@244b47b
2025-08-16 16:49:26.933  9286-9286  MsiDebugManager         com.msidecoder.scanner               D  T-101: Utilisation ROI persistante (106ms ago)
2025-08-16 16:49:27.026  9286-9514  OrientationEstimator    com.msidecoder.scanner               D  Estimating orientation for ROI: 190,54 98x26
2025-08-16 16:49:27.026  9286-9514  OrientationEstimator    com.msidecoder.scanner               D  Structure tensor: Gxx=0,0262, Gyy=0,0548, Gxy=0,0113
2025-08-16 16:49:27.026  9286-9514  OrientationEstimator    com.msidecoder.scanner               D  Orientation estimated: 70,9° in 0ms
2025-08-16 16:49:27.026  9286-9514  OrientationEstimator    com.msidecoder.scanner               D  Estimating orientation for ROI: 485,1 92x26
2025-08-16 16:49:27.026  9286-9514  OrientationEstimator    com.msidecoder.scanner               D  Structure tensor: Gxx=0,0319, Gyy=0,0199, Gxy=-0,0149
2025-08-16 16:49:27.027  9286-9514  OrientationEstimator    com.msidecoder.scanner               D  Orientation estimated: -34,1° in 1ms
2025-08-16 16:49:27.027  9286-9514  MsiRoiDetector          com.msidecoder.scanner               D  ROI detection completed in 198ms, found 2 candidates
2025-08-16 16:49:27.027  9286-9514  MSIScanner              com.msidecoder.scanner               D  T-101: Found 2 ROI candidates, best: 190,54 98x26 score=0.69145155
2025-08-16 16:49:27.027  9286-9514  MSIScanner              com.msidecoder.scanner               D  T-101: DEBUG - Adding ROI stats to manager: com.msidecoder.scanner.msi.MsiDebugManager@244b47b
2025-08-16 16:49:27.027  9286-9514  MsiDebugManager         com.msidecoder.scanner               D  T-101: ROI détecté - sauvegarde pour persistance (2 candidats)
2025-08-16 16:49:27.027  9286-9514  MSIScanner              com.msidecoder.scanner               D  T-101: DEBUG - Updating stage to COMPLETE
2025-08-16 16:49:27.027  9286-9514  MSIScanner              com.msidecoder.scanner               D  T-101: ROI detection completed in 198ms - no decoding yet (Phase 1)
2025-08-16 16:49:27.027  9286-9514  ScannerArbitrator       com.msidecoder.scanner               D  MSI no result → overall no detection
2025-08-16 16:49:27.029  9286-9514  MSIScanner              com.msidecoder.scanner               D  T-101: Starting ROI detection 640x480, rotation=90
2025-08-16 16:49:27.029  9286-9514  MsiRoiDetector          com.msidecoder.scanner               D  Starting ROI detection: 640x480, rotation=90
2025-08-16 16:49:27.034  9286-9286  SnapshotManager         com.msidecoder.scanner               D  T-101: DEBUG - Returning MsiDebugManager: com.msidecoder.scanner.msi.MsiDebugManager@244b47b
2025-08-16 16:49:27.034  9286-9286  MsiDebugManager         com.msidecoder.scanner               D  T-101: Utilisation ROI persistante (7ms ago)
2025-08-16 16:49:27.053  9286-9286  MLKitScanner            com.msidecoder.scanner               D  ML Kit: no barcodes detected in 24ms
2025-08-16 16:49:27.053  9286-9286  ScannerArbitrator       com.msidecoder.scanner               D  ML Kit no result → trying MSI fallback
2025-08-16 16:49:27.135  9286-9286  SnapshotManager         com.msidecoder.scanner               D  T-101: DEBUG - Returning MsiDebugManager: com.msidecoder.scanner.msi.MsiDebugManager@244b47b
2025-08-16 16:49:27.135  9286-9286  MsiDebugManager         com.msidecoder.scanner               D  T-101: Utilisation ROI persistante (108ms ago)
2025-08-16 16:49:27.218  9286-9514  OrientationEstimator    com.msidecoder.scanner               D  Estimating orientation for ROI: 148,46 141x26
2025-08-16 16:49:27.218  9286-9514  OrientationEstimator    com.msidecoder.scanner               D  Structure tensor: Gxx=0,0258, Gyy=0,0402, Gxy=0,0039
2025-08-16 16:49:27.218  9286-9514  OrientationEstimator    com.msidecoder.scanner               D  Orientation estimated: 75,8° in 0ms
2025-08-16 16:49:27.218  9286-9514  OrientationEstimator    com.msidecoder.scanner               D  Estimating orientation for ROI: 513,77 72x23
2025-08-16 16:49:27.218  9286-9514  OrientationEstimator    com.msidecoder.scanner               D  Structure tensor: Gxx=0,0317, Gyy=0,0209, Gxy=-0,0175
2025-08-16 16:49:27.219  9286-9514  OrientationEstimator    com.msidecoder.scanner               D  Orientation estimated: -36,5° in 1ms
2025-08-16 16:49:27.219  9286-9514  MsiRoiDetector          com.msidecoder.scanner               D  ROI detection completed in 190ms, found 2 candidates
2025-08-16 16:49:27.219  9286-9514  MSIScanner              com.msidecoder.scanner               D  T-101: Found 2 ROI candidates, best: 148,46 141x26 score=0.855045
2025-08-16 16:49:27.219  9286-9514  MSIScanner              com.msidecoder.scanner               D  T-101: DEBUG - Adding ROI stats to manager: com.msidecoder.scanner.msi.MsiDebugManager@244b47b
2025-08-16 16:49:27.219  9286-9514  MsiDebugManager         com.msidecoder.scanner               D  T-101: ROI détecté - sauvegarde pour persistance (2 candidats)
2025-08-16 16:49:27.219  9286-9514  MSIScanner              com.msidecoder.scanner               D  T-101: DEBUG - Updating stage to COMPLETE
2025-08-16 16:49:27.219  9286-9514  MSIScanner              com.msidecoder.scanner               D  T-101: ROI detection completed in 190ms - no decoding yet (Phase 1)
2025-08-16 16:49:27.219  9286-9514  ScannerArbitrator       com.msidecoder.scanner               D  MSI no result → overall no detection
2025-08-16 16:49:27.221  9286-9514  MSIScanner              com.msidecoder.scanner               D  T-101: Starting ROI detection 640x480, rotation=90
2025-08-16 16:49:27.221  9286-9514  MsiRoiDetector          com.msidecoder.scanner               D  Starting ROI detection: 640x480, rotation=90
2025-08-16 16:49:27.230  9286-9286  MSIScanner              com.msidecoder.scanner               D  Stopping scanner
2025-08-16 16:49:27.231  9286-9286  DeferrableSurface       com.msidecoder.scanner               D  surface closed,  useCount=1 closed=true androidx.camera.core.impl.ImmediateSurface@90960ab
2025-08-16 16:49:27.231  9286-9286  MSIScanner              com.msidecoder.scanner               D  Scanner stopped - ImageAnalysis unbound
2025-08-16 16:49:27.233  9286-9322  Camera2CameraImpl       com.msidecoder.scanner               D  {Camera@100fc52[id=0]} Use cases [androidx.camera.core.ImageAnalysis-43e38970-795f-47bb-a432-b37a7afd4f5a109930345] now DETACHED for camera
2025-08-16 16:49:27.235  9286-9322  UseCaseAttachState      com.msidecoder.scanner               D  All use case: [androidx.camera.core.Preview-ba5d9b40-8f43-4a90-a16f-7d932f3defe7124048814] for camera: 0
2025-08-16 16:49:27.237  9286-9322  UseCaseAttachState      com.msidecoder.scanner               D  Active and attached use case: [androidx.camera.core.Preview-ba5d9b40-8f43-4a90-a16f-7d932f3defe7124048814] for camera: 0
2025-08-16 16:49:27.241  9286-9322  CaptureSession          com.msidecoder.scanner               D  Attempting to submit CaptureRequest after setting
2025-08-16 16:49:27.241  9286-9322  CaptureSession          com.msidecoder.scanner               D  Issuing request for session.
2025-08-16 16:49:27.243  9286-9322  Camera2Cap...estBuilder com.msidecoder.scanner               D  createCaptureRequest
2025-08-16 16:49:27.244  9286-9286  SnapshotManager         com.msidecoder.scanner               D  T-101: DEBUG - Returning MsiDebugManager: com.msidecoder.scanner.msi.MsiDebugManager@244b47b
2025-08-16 16:49:27.244  9286-9286  MsiDebugManager         com.msidecoder.scanner               D  T-101: Utilisation ROI persistante (25ms ago)
2025-08-16 16:49:27.246  9286-9322  Camera2CameraImpl       com.msidecoder.scanner               D  {Camera@100fc52[id=0]} Resetting Capture Session
2025-08-16 16:49:27.256  9286-9286  MLKitScanner            com.msidecoder.scanner               D  ML Kit: no barcodes detected in 36ms
2025-08-16 16:49:27.256  9286-9286  ScannerArbitrator       com.msidecoder.scanner               D  ML Kit no result → trying MSI fallback
2025-08-16 16:49:27.266  9286-9322  Camera2CameraImpl       com.msidecoder.scanner               D  {Camera@100fc52[id=0]} Releasing session in state OPENED
2025-08-16 16:49:27.267  9286-9322  UseCaseAttachState      com.msidecoder.scanner               D  All use case: [androidx.camera.core.Preview-ba5d9b40-8f43-4a90-a16f-7d932f3defe7124048814] for camera: 0
2025-08-16 16:49:27.268  9286-9322  CaptureSession          com.msidecoder.scanner               D  onSessionFinished()
2025-08-16 16:49:27.268  9286-9322  SyncCaptureSessionBase  com.msidecoder.scanner               D  [androidx.camera.camera2.internal.SynchronizedCaptureSessionBaseImpl@5afa869] getSurface...done
2025-08-16 16:49:27.268  9286-9322  CaptureSession          com.msidecoder.scanner               D  Opening capture session.
2025-08-16 16:49:27.270  9286-9322  DeferrableSurface       com.msidecoder.scanner               D  use count+1, useCount=3 androidx.camera.core.SurfaceRequest$2@a362ac7
2025-08-16 16:49:27.344  9286-9286  SnapshotManager         com.msidecoder.scanner               D  T-101: DEBUG - Returning MsiDebugManager: com.msidecoder.scanner.msi.MsiDebugManager@244b47b
2025-08-16 16:49:27.344  9286-9286  MsiDebugManager         com.msidecoder.scanner               D  T-101: Utilisation ROI persistante (125ms ago)
2025-08-16 16:49:27.404  9286-9514  MsiRoiDetector          com.msidecoder.scanner               D  ROI detection completed in 183ms, found 0 candidates
2025-08-16 16:49:27.404  9286-9514  MSIScanner              com.msidecoder.scanner               D  T-101: No ROI candidates found in 183ms
2025-08-16 16:49:27.404  9286-9514  MSIScanner              com.msidecoder.scanner               D  T-101: DEBUG - Adding empty ROI stats to manager: com.msidecoder.scanner.msi.MsiDebugManager@244b47b
2025-08-16 16:49:27.404  9286-9514  MSIScanner              com.msidecoder.scanner               D  T-101: DEBUG - Updating stage to COMPLETE (no candidates)
2025-08-16 16:49:27.404  9286-9514  ScannerArbitrator       com.msidecoder.scanner               D  MSI no result → overall no detection
2025-08-16 16:49:27.405  9286-9514  MSIScanner              com.msidecoder.scanner               D  T-101: Starting ROI detection 640x480, rotation=90
2025-08-16 16:49:27.405  9286-9514  MsiRoiDetector          com.msidecoder.scanner               D  Starting ROI detection: 640x480, rotation=90
2025-08-16 16:49:27.444  9286-9286  SnapshotManager         com.msidecoder.scanner               D  T-101: DEBUG - Returning MsiDebugManager: com.msidecoder.scanner.msi.MsiDebugManager@244b47b
2025-08-16 16:49:27.444  9286-9286  MsiDebugManager         com.msidecoder.scanner               D  T-101: Utilisation ROI persistante (225ms ago)
2025-08-16 16:49:27.545  9286-9286  SnapshotManager         com.msidecoder.scanner               D  T-101: DEBUG - Returning MsiDebugManager: com.msidecoder.scanner.msi.MsiDebugManager@244b47b
2025-08-16 16:49:27.545  9286-9286  MsiDebugManager         com.msidecoder.scanner               D  T-101: Utilisation ROI persistante (326ms ago)
2025-08-16 16:49:27.608  9286-9514  OrientationEstimator    com.msidecoder.scanner               D  Estimating orientation for ROI: 81,453 91x26
2025-08-16 16:49:27.609  9286-9514  OrientationEstimator    com.msidecoder.scanner               D  Structure tensor: Gxx=0,0275, Gyy=0,0116, Gxy=-0,0092
2025-08-16 16:49:27.609  9286-9514  OrientationEstimator    com.msidecoder.scanner               D  Orientation estimated: -24,6° in 1ms
2025-08-16 16:49:27.609  9286-9514  OrientationEstimator    com.msidecoder.scanner               D  Estimating orientation for ROI: 157,47 78x24
2025-08-16 16:49:27.609  9286-9514  OrientationEstimator    com.msidecoder.scanner               D  Structure tensor: Gxx=0,0273, Gyy=0,0137, Gxy=-0,0122
2025-08-16 16:49:27.609  9286-9514  OrientationEstimator    com.msidecoder.scanner               D  Orientation estimated: -30,4° in 0ms
2025-08-16 16:49:27.609  9286-9514  MsiRoiDetector          com.msidecoder.scanner               D  ROI detection completed in 204ms, found 2 candidates
2025-08-16 16:49:27.609  9286-9514  MSIScanner              com.msidecoder.scanner               D  T-101: Found 2 ROI candidates, best: 81,453 91x26 score=0.66109556
2025-08-16 16:49:27.609  9286-9514  MSIScanner              com.msidecoder.scanner               D  T-101: DEBUG - Adding ROI stats to manager: com.msidecoder.scanner.msi.MsiDebugManager@244b47b
2025-08-16 16:49:27.609  9286-9514  MsiDebugManager         com.msidecoder.scanner               D  T-101: ROI détecté - sauvegarde pour persistance (2 candidats)
2025-08-16 16:49:27.609  9286-9514  MSIScanner              com.msidecoder.scanner               D  T-101: DEBUG - Updating stage to COMPLETE
2025-08-16 16:49:27.609  9286-9514  MSIScanner              com.msidecoder.scanner               D  T-101: ROI detection completed in 204ms - no decoding yet (Phase 1)
2025-08-16 16:49:27.609  9286-9514  ScannerArbitrator       com.msidecoder.scanner               D  MSI no result → overall no detection
2025-08-16 16:49:27.645  9286-9286  SnapshotManager         com.msidecoder.scanner               D  T-101: DEBUG - Returning MsiDebugManager: com.msidecoder.scanner.msi.MsiDebugManager@244b47b
2025-08-16 16:49:27.746  9286-9286  SnapshotManager         com.msidecoder.scanner               D  T-101: DEBUG - Returning MsiDebugManager: com.msidecoder.scanner.msi.MsiDebugManager@244b47b
2025-08-16 16:49:27.806  9286-9322  DeferrableSurface       com.msidecoder.scanner               D  use count-1,  useCount=2 closed=false androidx.camera.core.SurfaceRequest$2@a362ac7
2025-08-16 16:49:27.806  9286-9322  DeferrableSurface       com.msidecoder.scanner               D  use count-1,  useCount=0 closed=true androidx.camera.core.impl.ImmediateSurface@90960ab
2025-08-16 16:49:27.806  9286-9322  DeferrableSurface       com.msidecoder.scanner               D  Surface no longer in use[total_surfaces=3, used_surfaces=1](androidx.camera.core.impl.ImmediateSurface@90960ab}
2025-08-16 16:49:27.806  9286-9322  DeferrableSurface       com.msidecoder.scanner               D  Surface terminated[total_surfaces=2, used_surfaces=1](androidx.camera.core.impl.ImmediateSurface@90960ab}
2025-08-16 16:49:27.807  9286-9322  CaptureSession          com.msidecoder.scanner               D  Attempting to send capture request onConfigured
2025-08-16 16:49:27.807  9286-9322  CaptureSession          com.msidecoder.scanner               D  Issuing request for session.
2025-08-16 16:49:27.807  9286-9322  Camera2Cap...estBuilder com.msidecoder.scanner               D  createCaptureRequest
2025-08-16 16:49:27.810  9286-9322  CaptureSession          com.msidecoder.scanner               D  CameraCaptureSession.onConfigured() mState=OPENED
2025-08-16 16:49:27.810  9286-9322  CaptureSession          com.msidecoder.scanner               D  CameraCaptureSession.onReady() OPENED
2025-08-16 16:49:27.818  9286-9318  CaptureSession          com.msidecoder.scanner               D  CameraCaptureSession.onReady() OPENED
2025-08-16 16:49:27.846  9286-9286  SnapshotManager         com.msidecoder.scanner               D  T-101: DEBUG - Returning MsiDebugManager: com.msidecoder.scanner.msi.MsiDebugManager@244b47b
2025-08-16 16:49:27.946  9286-9286  SnapshotManager         com.msidecoder.scanner               D  T-101: DEBUG - Returning MsiDebugManager: com.msidecoder.scanner.msi.MsiDebugManager@244b47b
2025-08-16 16:49:28.047  9286-9286  SnapshotManager         com.msidecoder.scanner               D  T-101: DEBUG - Returning MsiDebugManager: com.msidecoder.scanner.msi.MsiDebugManager@244b47b
2025-08-16 16:49:28.148  9286-9286  SnapshotManager         com.msidecoder.scanner               D  T-101: DEBUG - Returning MsiDebugManager: com.msidecoder.scanner.msi.MsiDebugManager@244b47b
2025-08-16 16:49:28.249  9286-9286  SnapshotManager         com.msidecoder.scanner               D  T-101: DEBUG - Returning MsiDebugManager: com.msidecoder.scanner.msi.MsiDebugManager@244b47b
2025-08-16 16:49:28.350  9286-9286  SnapshotManager         com.msidecoder.scanner               D  T-101: DEBUG - Returning MsiDebugManager: com.msidecoder.scanner.msi.MsiDebugManager@244b47b
2025-08-16 16:49:28.451  9286-9286  SnapshotManager         com.msidecoder.scanner               D  T-101: DEBUG - Returning MsiDebugManager: com.msidecoder.scanner.msi.MsiDebugManager@244b47b
2025-08-16 16:49:28.551  9286-9286  SnapshotManager         com.msidecoder.scanner               D  T-101: DEBUG - Returning MsiDebugManager: com.msidecoder.scanner.msi.MsiDebugManager@244b47b
2025-08-16 16:49:28.651  9286-9286  SnapshotManager         com.msidecoder.scanner               D  T-101: DEBUG - Returning MsiDebugManager: com.msidecoder.scanner.msi.MsiDebugManager@244b47b
2025-08-16 16:49:28.751  9286-9286  SnapshotManager         com.msidecoder.scanner               D  T-101: DEBUG - Returning MsiDebugManager: com.msidecoder.scanner.msi.MsiDebugManager@244b47b
2025-08-16 16:49:28.851  9286-9286  SnapshotManager         com.msidecoder.scanner               D  T-101: DEBUG - Returning MsiDebugManager: com.msidecoder.scanner.msi.MsiDebugManager@244b47b
2025-08-16 16:49:28.953  9286-9286  SnapshotManager         com.msidecoder.scanner               D  T-101: DEBUG - Returning MsiDebugManager: com.msidecoder.scanner.msi.MsiDebugManager@244b47b
2025-08-16 16:49:29.053  9286-9286  SnapshotManager         com.msidecoder.scanner               D  T-101: DEBUG - Returning MsiDebugManager: com.msidecoder.scanner.msi.MsiDebugManager@244b47b
2025-08-16 16:49:29.155  9286-9286  SnapshotManager         com.msidecoder.scanner               D  T-101: DEBUG - Returning MsiDebugManager: com.msidecoder.scanner.msi.MsiDebugManager@244b47b
2025-08-16 16:49:29.255  9286-9286  SnapshotManager         com.msidecoder.scanner               D  T-101: DEBUG - Returning MsiDebugManager: com.msidecoder.scanner.msi.MsiDebugManager@244b47b
2025-08-16 16:49:29.355  9286-9286  SnapshotManager         com.msidecoder.scanner               D  T-101: DEBUG - Returning MsiDebugManager: com.msidecoder.scanner.msi.MsiDebugManager@244b47b
2025-08-16 16:49:29.455  9286-9286  SnapshotManager         com.msidecoder.scanner               D  T-101: DEBUG - Returning MsiDebugManager: com.msidecoder.scanner.msi.MsiDebugManager@244b47b
2025-08-16 16:49:29.555  9286-9286  SnapshotManager         com.msidecoder.scanner               D  T-101: DEBUG - Returning MsiDebugManager: com.msidecoder.scanner.msi.MsiDebugManager@244b47b
2025-08-16 16:49:29.656  9286-9286  SnapshotManager         com.msidecoder.scanner               D  T-101: DEBUG - Returning MsiDebugManager: com.msidecoder.scanner.msi.MsiDebugManager@244b47b
2025-08-16 16:49:29.757  9286-9286  SnapshotManager         com.msidecoder.scanner               D  T-101: DEBUG - Returning MsiDebugManager: com.msidecoder.scanner.msi.MsiDebugManager@244b47b
2025-08-16 16:49:29.858  9286-9286  SnapshotManager         com.msidecoder.scanner               D  T-101: DEBUG - Returning MsiDebugManager: com.msidecoder.scanner.msi.MsiDebugManager@244b47b
2025-08-16 16:49:29.959  9286-9286  SnapshotManager         com.msidecoder.scanner               D  T-101: DEBUG - Returning MsiDebugManager: com.msidecoder.scanner.msi.MsiDebugManager@244b47b
2025-08-16 16:49:30.060  9286-9286  SnapshotManager         com.msidecoder.scanner               D  T-101: DEBUG - Returning MsiDebugManager: com.msidecoder.scanner.msi.MsiDebugManager@244b47b
2025-08-16 16:49:30.161  9286-9286  SnapshotManager         com.msidecoder.scanner               D  T-101: DEBUG - Returning MsiDebugManager: com.msidecoder.scanner.msi.MsiDebugManager@244b47b
2025-08-16 16:49:30.262  9286-9286  SnapshotManager         com.msidecoder.scanner               D  T-101: DEBUG - Returning MsiDebugManager: com.msidecoder.scanner.msi.MsiDebugManager@244b47b
2025-08-16 16:49:30.363  9286-9286  SnapshotManager         com.msidecoder.scanner               D  T-101: DEBUG - Returning MsiDebugManager: com.msidecoder.scanner.msi.MsiDebugManager@244b47b
2025-08-16 16:49:30.464  9286-9286  SnapshotManager         com.msidecoder.scanner               D  T-101: DEBUG - Returning MsiDebugManager: com.msidecoder.scanner.msi.MsiDebugManager@244b47b
2025-08-16 16:49:30.564  9286-9286  SnapshotManager         com.msidecoder.scanner               D  T-101: DEBUG - Returning MsiDebugManager: com.msidecoder.scanner.msi.MsiDebugManager@244b47b
2025-08-16 16:49:30.665  9286-9286  SnapshotManager         com.msidecoder.scanner               D  T-101: DEBUG - Returning MsiDebugManager: com.msidecoder.scanner.msi.MsiDebugManager@244b47b
2025-08-16 16:49:30.766  9286-9286  SnapshotManager         com.msidecoder.scanner               D  T-101: DEBUG - Returning MsiDebugManager: com.msidecoder.scanner.msi.MsiDebugManager@244b47b
2025-08-16 16:49:30.867  9286-9286  SnapshotManager         com.msidecoder.scanner               D  T-101: DEBUG - Returning MsiDebugManager: com.msidecoder.scanner.msi.MsiDebugManager@244b47b
2025-08-16 16:49:30.967  9286-9286  SnapshotManager         com.msidecoder.scanner               D  T-101: DEBUG - Returning MsiDebugManager: com.msidecoder.scanner.msi.MsiDebugManager@244b47b
2025-08-16 16:49:31.068  9286-9286  SnapshotManager         com.msidecoder.scanner               D  T-101: DEBUG - Returning MsiDebugManager: com.msidecoder.scanner.msi.MsiDebugManager@244b47b
2025-08-16 16:49:31.169  9286-9286  SnapshotManager         com.msidecoder.scanner               D  T-101: DEBUG - Returning MsiDebugManager: com.msidecoder.scanner.msi.MsiDebugManager@244b47b
2025-08-16 16:49:31.270  9286-9286  SnapshotManager         com.msidecoder.scanner               D  T-101: DEBUG - Returning MsiDebugManager: com.msidecoder.scanner.msi.MsiDebugManager@244b47b
