--------- beginning of kernel
--------- beginning of main
--------- beginning of system
---------------------------- PROCESS STARTED (17992) for package com.msidecoder.scanner ----------------------------
2025-08-15 15:48:16.447 17992-17992 nativeloader            com.msidecoder.scanner               D  Configuring clns-7 for other apk /data/app/~~i72Ett5RyvxfnBH2mDSwjA==/com.msidecoder.scanner-mk8RDf78eazAbhuXvqM44g==/base.apk. target_sdk_version=34, uses_libraries=, library_path=/data/app/~~i72Ett5RyvxfnBH2mDSwjA==/com.msidecoder.scanner-mk8RDf78eazAbhuXvqM44g==/lib/arm64:/data/app/~~i72Ett5RyvxfnBH2mDSwjA==/com.msidecoder.scanner-mk8RDf78eazAbhuXvqM44g==/base.apk!/lib/arm64-v8a, permitted_path=/data:/mnt/expand:/data/user/0/com.msidecoder.scanner
2025-08-15 15:48:16.454 17992-17992 Perf                    com.msidecoder.scanner               I  Connecting to perf service.
2025-08-15 15:48:16.458 17992-17992 GraphicsEnvironment     com.msidecoder.scanner               V  Currently set values for:
2025-08-15 15:48:16.458 17992-17992 GraphicsEnvironment     com.msidecoder.scanner               V    angle_gl_driver_selection_pkgs=[com.android.angle, com.linecorp.b612.android, com.campmobile.snow, com.google.android.apps.tachyon]
2025-08-15 15:48:16.458 17992-17992 GraphicsEnvironment     com.msidecoder.scanner               V    angle_gl_driver_selection_values=[angle, native, native, native]
2025-08-15 15:48:16.458 17992-17992 GraphicsEnvironment     com.msidecoder.scanner               V  com.msidecoder.scanner is not listed in per-application setting
2025-08-15 15:48:16.458 17992-17992 GraphicsEnvironment     com.msidecoder.scanner               V  Updatable production driver is not supported on the device.
2025-08-15 15:48:16.513 17992-17992 AppCompatDelegate       com.msidecoder.scanner               D  Checking for metadata for AppLocalesMetadataHolderService : Service not found
2025-08-15 15:48:16.564 17992-17992 decoder.scanner         com.msidecoder.scanner               I  hiddenapi: Accessing hidden method Landroid/view/View;->computeFitSystemWindows(Landroid/graphics/Rect;Landroid/graphics/Rect;)Z (runtime_flags=0, domain=platform, api=unsupported) from Landroidx/appcompat/widget/ViewUtils; (domain=app) using reflection: allowed
2025-08-15 15:48:16.564 17992-17992 decoder.scanner         com.msidecoder.scanner               I  hiddenapi: Accessing hidden method Landroid/view/ViewGroup;->makeOptionalFitsSystemWindows()V (runtime_flags=0, domain=platform, api=unsupported) from Landroidx/appcompat/widget/ViewUtils; (domain=app) using reflection: allowed
2025-08-15 15:48:16.579 17992-18018 CameraManagerGlobal     com.msidecoder.scanner               I  Connecting to camera service
2025-08-15 15:48:16.583 17992-18018 libc                    com.msidecoder.scanner               W  Access denied finding property "vendor.camera.aux.packagelist"
2025-08-15 15:48:16.583 17992-18018 libc                    com.msidecoder.scanner               W  Access denied finding property "vendor.camera.aux.packagelist"
2025-08-15 15:48:16.583 17992-18018 libc                    com.msidecoder.scanner               W  Access denied finding property "vendor.camera.aux.packagelist"
2025-08-15 15:48:16.583 17992-18018 CameraManagerGlobal     com.msidecoder.scanner               W  [soar.cts] ignore the status update of camera: 2
2025-08-15 15:48:16.583 17992-18018 libc                    com.msidecoder.scanner               W  Access denied finding property "vendor.camera.aux.packagelist"
2025-08-15 15:48:16.583 17992-18018 CameraManagerGlobal     com.msidecoder.scanner               W  [soar.cts] ignore the status update of camera: 3
2025-08-15 15:48:16.584 17992-18018 libc                    com.msidecoder.scanner               W  Access denied finding property "vendor.camera.aux.packagelist"
2025-08-15 15:48:16.585 17992-18003 libc                    com.msidecoder.scanner               W  Access denied finding property "vendor.camera.aux.packagelist"
2025-08-15 15:48:16.585 17992-18003 libc                    com.msidecoder.scanner               W  Access denied finding property "vendor.camera.aux.packagelist"
2025-08-15 15:48:16.585 17992-18003 CameraManagerGlobal     com.msidecoder.scanner               W  ignore the torch status update of camera: 2
2025-08-15 15:48:16.585 17992-18003 libc                    com.msidecoder.scanner               W  Access denied finding property "vendor.camera.aux.packagelist"
2025-08-15 15:48:16.585 17992-18003 CameraManagerGlobal     com.msidecoder.scanner               W  ignore the torch status update of camera: 3
2025-08-15 15:48:16.600 17992-18018 CameraRepository        com.msidecoder.scanner               D  Added camera: 0
2025-08-15 15:48:16.614 17992-18018 Camera2CameraInfo       com.msidecoder.scanner               I  Device Level: INFO_SUPPORTED_HARDWARE_LEVEL_3
2025-08-15 15:48:16.618 17992-18018 CameraRepository        com.msidecoder.scanner               D  Added camera: 1
2025-08-15 15:48:16.619 17992-18018 Camera2CameraInfo       com.msidecoder.scanner               I  Device Level: INFO_SUPPORTED_HARDWARE_LEVEL_3
2025-08-15 15:48:16.620 17992-18018 CameraValidator         com.msidecoder.scanner               D  Verifying camera lens facing on Spacewar, lensFacingInteger: null
2025-08-15 15:48:16.623 17992-17992 libc                    com.msidecoder.scanner               W  Access denied finding property "vendor.display.enable_optimal_refresh_rate"
2025-08-15 15:48:16.623 17992-17992 libc                    com.msidecoder.scanner               W  Access denied finding property "vendor.gpp.create_frc_extension"
2025-08-15 15:48:16.619 17992-17992 decoder.scanner         com.msidecoder.scanner               W  type=1400 audit(0.0:1254): avc:  denied  { read } for  name="u:object_r:vendor_display_prop:s0" dev="tmpfs" ino=1465 scontext=u:r:untrusted_app:s0:c72,c256,c512,c768 tcontext=u:object_r:vendor_display_prop:s0 tclass=file permissive=0 app=com.msidecoder.scanner
2025-08-15 15:48:16.625 17992-17992 NtViewRootImpl          com.msidecoder.scanner               D  mPopUpViewOffsets: offset=(0.0, 0.0), scale=(1.0, 1.0)
2025-08-15 15:48:16.626 17992-18014 AdrenoGLES-0            com.msidecoder.scanner               I  QUALCOMM build                   : 923a446bf8, I23d7d7df15
                                                                                                    Build Date                       : 09/05/24
                                                                                                    OpenGL ES Shader Compiler Version: EV031.35.01.12
                                                                                                    Local Branch                     : 
                                                                                                    Remote Branch                    : refs/tags/AU_LINUX_ANDROID_LA.UM.9.14.11.00.00.571.148
                                                                                                    Remote Branch                    : NONE
                                                                                                    Reconstruct Branch               : NOTHING
2025-08-15 15:48:16.626 17992-18014 AdrenoGLES-0            com.msidecoder.scanner               I  Build Config                     : S P 10.0.7 AArch64
2025-08-15 15:48:16.626 17992-18014 AdrenoGLES-0            com.msidecoder.scanner               I  Driver Path                      : /vendor/lib64/egl/libGLESv2_adreno.so
2025-08-15 15:48:16.631 17992-18014 AdrenoGLES-0            com.msidecoder.scanner               I  PFP: 0x016dc094, ME: 0x00000000
2025-08-15 15:48:16.697 17992-17992 MSIScanner              com.msidecoder.scanner               D  Setting ImageAnalysis analyzer
2025-08-15 15:48:16.697 17992-17992 MSIScanner              com.msidecoder.scanner               D  Binding use cases: Preview + ImageAnalysis
2025-08-15 15:48:16.710 17992-17992 CameraOrientationUtil   com.msidecoder.scanner               D  getRelativeImageRotation: destRotationDegrees=0, sourceRotationDegrees=90, isOppositeFacing=true, result=90
2025-08-15 15:48:16.711 17992-17992 CameraOrientationUtil   com.msidecoder.scanner               D  getRelativeImageRotation: destRotationDegrees=0, sourceRotationDegrees=90, isOppositeFacing=true, result=90
2025-08-15 15:48:16.727 17992-17992 DynamicRangeResolver    com.msidecoder.scanner               D  Resolved dynamic range for use case androidx.camera.core.Preview-235e84d6-b5e6-4ae4-9e6a-db0b28efbc07 to no compatible HDR dynamic ranges.
                                                                                                    DynamicRange@505bbb2{encoding=UNSPECIFIED, bitDepth=0}
                                                                                                    ->
                                                                                                    DynamicRange@aa919bd{encoding=SDR, bitDepth=8}
2025-08-15 15:48:16.734 17992-17992 CameraOrientationUtil   com.msidecoder.scanner               D  getRelativeImageRotation: destRotationDegrees=0, sourceRotationDegrees=90, isOppositeFacing=true, result=90
2025-08-15 15:48:16.735 17992-17992 DeferrableSurface       com.msidecoder.scanner               D  Surface created[total_surfaces=1, used_surfaces=0](androidx.camera.core.processing.SurfaceEdge$SettableSurface@dc4605f}
2025-08-15 15:48:16.738 17992-17992 DeferrableSurface       com.msidecoder.scanner               D  Surface created[total_surfaces=2, used_surfaces=0](androidx.camera.core.SurfaceRequest$2@78a37b}
2025-08-15 15:48:16.739 17992-17992 DeferrableSurface       com.msidecoder.scanner               D  New surface in use[total_surfaces=2, used_surfaces=1](androidx.camera.core.SurfaceRequest$2@78a37b}
2025-08-15 15:48:16.739 17992-17992 DeferrableSurface       com.msidecoder.scanner               D  use count+1, useCount=1 androidx.camera.core.SurfaceRequest$2@78a37b
2025-08-15 15:48:16.740 17992-17992 CameraOrientationUtil   com.msidecoder.scanner               D  getRelativeImageRotation: destRotationDegrees=0, sourceRotationDegrees=90, isOppositeFacing=true, result=90
2025-08-15 15:48:16.744 17992-17992 CompatChangeReporter    com.msidecoder.scanner               D  Compat change id reported: 236825255; UID 10072; state: ENABLED
2025-08-15 15:48:16.744 17992-17992 libc                    com.msidecoder.scanner               W  Access denied finding property "vendor.display.enable_optimal_refresh_rate"
2025-08-15 15:48:16.744 17992-17992 libc                    com.msidecoder.scanner               W  Access denied finding property "vendor.gpp.create_frc_extension"
2025-08-15 15:48:16.743 17992-17992 decoder.scanner         com.msidecoder.scanner               W  type=1400 audit(0.0:1255): avc:  denied  { read } for  name="u:object_r:vendor_display_prop:s0" dev="tmpfs" ino=1465 scontext=u:r:untrusted_app:s0:c72,c256,c512,c768 tcontext=u:object_r:vendor_display_prop:s0 tclass=file permissive=0 app=com.msidecoder.scanner
2025-08-15 15:48:16.745 17992-17992 CameraOrientationUtil   com.msidecoder.scanner               D  getRelativeImageRotation: destRotationDegrees=0, sourceRotationDegrees=90, isOppositeFacing=true, result=90
2025-08-15 15:48:16.746 17992-17992 libc                    com.msidecoder.scanner               W  Access denied finding property "vendor.display.enable_optimal_refresh_rate"
2025-08-15 15:48:16.746 17992-17992 libc                    com.msidecoder.scanner               W  Access denied finding property "vendor.gpp.create_frc_extension"
2025-08-15 15:48:16.743 17992-17992 decoder.scanner         com.msidecoder.scanner               W  type=1400 audit(0.0:1256): avc:  denied  { read } for  name="u:object_r:vendor_display_prop:s0" dev="tmpfs" ino=1465 scontext=u:r:untrusted_app:s0:c72,c256,c512,c768 tcontext=u:object_r:vendor_display_prop:s0 tclass=file permissive=0 app=com.msidecoder.scanner
2025-08-15 15:48:16.746 17992-17992 CameraOrientationUtil   com.msidecoder.scanner               D  getRelativeImageRotation: destRotationDegrees=0, sourceRotationDegrees=90, isOppositeFacing=true, result=90
2025-08-15 15:48:16.747 17992-17992 DeferrableSurface       com.msidecoder.scanner               D  Surface created[total_surfaces=3, used_surfaces=1](androidx.camera.core.impl.ImmediateSurface@1bf2344}
2025-08-15 15:48:16.750 17992-18018 Camera2CameraImpl       com.msidecoder.scanner               D  {Camera@7ce6e1c[id=0]} Use case androidx.camera.core.Preview-235e84d6-b5e6-4ae4-9e6a-db0b28efbc07209656666 ACTIVE
2025-08-15 15:48:16.750 17992-17992 MSIScanner              com.msidecoder.scanner               D  Use cases bound successfully
2025-08-15 15:48:16.751 17992-18018 UseCaseAttachState      com.msidecoder.scanner               D  Active and attached use case: [] for camera: 0
2025-08-15 15:48:16.753 17992-18018 Camera2CameraImpl       com.msidecoder.scanner               D  {Camera@7ce6e1c[id=0]} Use case androidx.camera.core.ImageAnalysis-e1fcb8d7-d0aa-45c0-b55a-ca7c9c3ce1ea235946379 ACTIVE
2025-08-15 15:48:16.753 17992-18018 UseCaseAttachState      com.msidecoder.scanner               D  Active and attached use case: [] for camera: 0
2025-08-15 15:48:16.753 17992-17992 PreviewView             com.msidecoder.scanner               D  Surface requested by Preview.
2025-08-15 15:48:16.756 17992-18018 Camera2CameraImpl       com.msidecoder.scanner               D  {Camera@7ce6e1c[id=0]} Use cases [androidx.camera.core.Preview-235e84d6-b5e6-4ae4-9e6a-db0b28efbc07209656666, androidx.camera.core.ImageAnalysis-e1fcb8d7-d0aa-45c0-b55a-ca7c9c3ce1ea235946379] now ATTACHED
2025-08-15 15:48:16.757 17992-18018 UseCaseAttachState      com.msidecoder.scanner               D  All use case: [androidx.camera.core.Preview-235e84d6-b5e6-4ae4-9e6a-db0b28efbc07209656666, androidx.camera.core.ImageAnalysis-e1fcb8d7-d0aa-45c0-b55a-ca7c9c3ce1ea235946379] for camera: 0
2025-08-15 15:48:16.758 17992-18018 UseCaseAttachState      com.msidecoder.scanner               D  Active and attached use case: [androidx.camera.core.Preview-235e84d6-b5e6-4ae4-9e6a-db0b28efbc07209656666, androidx.camera.core.ImageAnalysis-e1fcb8d7-d0aa-45c0-b55a-ca7c9c3ce1ea235946379] for camera: 0
2025-08-15 15:48:16.758 17992-17992 NtViewRootImpl          com.msidecoder.scanner               D  mPopUpViewOffsets: offset=(0.0, 0.0), scale=(1.0, 1.0)
2025-08-15 15:48:16.762 17992-18018 Camera2CameraImpl       com.msidecoder.scanner               D  {Camera@7ce6e1c[id=0]} Resetting Capture Session
2025-08-15 15:48:16.762 17992-18018 Camera2CameraImpl       com.msidecoder.scanner               D  {Camera@7ce6e1c[id=0]} Releasing session in state INITIALIZED
2025-08-15 15:48:16.764 17992-18018 Camera2CameraImpl       com.msidecoder.scanner               D  {Camera@7ce6e1c[id=0]} Attempting to force open the camera.
2025-08-15 15:48:16.765 17992-18018 CameraStateRegistry     com.msidecoder.scanner               D  tryOpenCamera(Camera@7ce6e1c[id=0]) [Available Cameras: 1, Already Open: false (Previous state: null)] --> SUCCESS
2025-08-15 15:48:16.765 17992-18018 CameraStateRegistry     com.msidecoder.scanner               D  Recalculating open cameras:
                                                                                                    Camera                                       State                 
                                                                                                    -------------------------------------------------------------------
                                                                                                    Camera@7ce6e1c[id=0]                         OPENING               
                                                                                                    Camera@c6eb3a1[id=1]                         UNKNOWN               
                                                                                                    -------------------------------------------------------------------
                                                                                                    Open count: 1 (Max allowed: 1)
2025-08-15 15:48:16.765 17992-18018 Camera2CameraImpl       com.msidecoder.scanner               D  {Camera@7ce6e1c[id=0]} Opening camera.
2025-08-15 15:48:16.765 17992-18018 Camera2CameraImpl       com.msidecoder.scanner               D  {Camera@7ce6e1c[id=0]} Transitioning camera internal state: INITIALIZED --> OPENING
2025-08-15 15:48:16.766 17992-17992 libc                    com.msidecoder.scanner               W  Access denied finding property "vendor.display.enable_optimal_refresh_rate"
2025-08-15 15:48:16.763 17992-17992 decoder.scanner         com.msidecoder.scanner               W  type=1400 audit(0.0:1257): avc:  denied  { read } for  name="u:object_r:vendor_display_prop:s0" dev="tmpfs" ino=1465 scontext=u:r:untrusted_app:s0:c72,c256,c512,c768 tcontext=u:object_r:vendor_display_prop:s0 tclass=file permissive=0 app=com.msidecoder.scanner
2025-08-15 15:48:16.766 17992-17992 libc                    com.msidecoder.scanner               W  Access denied finding property "vendor.gpp.create_frc_extension"
2025-08-15 15:48:16.766 17992-18018 CameraStateMachine      com.msidecoder.scanner               D  New public camera state CameraState{type=OPENING, error=null} from OPENING and null
2025-08-15 15:48:16.766 17992-18018 CameraStateMachine      com.msidecoder.scanner               D  Publishing new public camera state CameraState{type=OPENING, error=null}
2025-08-15 15:48:16.766 17992-17992 SurfaceViewImpl         com.msidecoder.scanner               D  Surface created.
2025-08-15 15:48:16.766 17992-17992 SurfaceViewImpl         com.msidecoder.scanner               D  Surface changed. Size: 1600x1200
2025-08-15 15:48:16.766 17992-18018 UseCaseAttachState      com.msidecoder.scanner               D  All use case: [androidx.camera.core.Preview-235e84d6-b5e6-4ae4-9e6a-db0b28efbc07209656666, androidx.camera.core.ImageAnalysis-e1fcb8d7-d0aa-45c0-b55a-ca7c9c3ce1ea235946379] for camera: 0
2025-08-15 15:48:16.767 17992-17992 SurfaceView             com.msidecoder.scanner               I  surfaceview vote min fps
2025-08-15 15:48:16.773 17992-17992 PreviewView             com.msidecoder.scanner               D  Preview transformation info updated. TransformationInfo{getCropRect=Rect(0, 0 - 1600, 1200), getRotationDegrees=90, getTargetRotation=0, hasCameraTransform=true, getSensorToBufferTransform=Matrix{[1.0, 0.0, 0.0][0.0, 1.0, 0.0][0.0, 0.0, 1.0]}, getMirroring=false}
2025-08-15 15:48:16.773 17992-17992 PreviewTransform        com.msidecoder.scanner               D  Transformation info set: TransformationInfo{getCropRect=Rect(0, 0 - 1600, 1200), getRotationDegrees=90, getTargetRotation=0, hasCameraTransform=true, getSensorToBufferTransform=Matrix{[1.0, 0.0, 0.0][0.0, 1.0, 0.0][0.0, 0.0, 1.0]}, getMirroring=false} 1600x1200 false
2025-08-15 15:48:16.774 17992-17992 CameraOrientationUtil   com.msidecoder.scanner               D  getRelativeImageRotation: destRotationDegrees=0, sourceRotationDegrees=90, isOppositeFacing=true, result=90
2025-08-15 15:48:16.774 17992-17992 SurfaceViewImpl         com.msidecoder.scanner               D  Surface set on Preview.
2025-08-15 15:48:16.776 17992-18018 libc                    com.msidecoder.scanner               W  Access denied finding property "persist.vendor.camera.privapp.list"
2025-08-15 15:48:16.778  1826-11670 CameraService           cameraserver                         E  CameraService::connect call (PID 17992 "com.msidecoder.scanner", camera ID 0) and Camera API version 2
2025-08-15 15:48:16.788 17992-18003 libc                    com.msidecoder.scanner               W  Access denied finding property "vendor.camera.aux.packagelist"
2025-08-15 15:48:16.788 17992-18003 CameraManagerGlobal     com.msidecoder.scanner               E  Camera 3 is not present. Ignore physical camera status change
2025-08-15 15:48:16.788 17992-18003 libc                    com.msidecoder.scanner               W  Access denied finding property "vendor.camera.aux.packagelist"
2025-08-15 15:48:16.789 17992-18003 libc                    com.msidecoder.scanner               W  Access denied finding property "vendor.camera.aux.packagelist"
2025-08-15 15:48:16.789 17992-18003 CameraManagerGlobal     com.msidecoder.scanner               W  ignore the torch status update of camera: 2
2025-08-15 15:48:16.791 17992-18003 libc                    com.msidecoder.scanner               W  Access denied finding property "vendor.camera.aux.packagelist"
2025-08-15 15:48:16.791 17992-18003 CameraManagerGlobal     com.msidecoder.scanner               W  ignore the torch status update of camera: 3
2025-08-15 15:48:16.803 17992-17992 CameraOrientationUtil   com.msidecoder.scanner               D  getRelativeImageRotation: destRotationDegrees=0, sourceRotationDegrees=90, isOppositeFacing=true, result=90
2025-08-15 15:48:16.821 17992-18018 Camera2CameraImpl       com.msidecoder.scanner               D  {Camera@7ce6e1c[id=0]} Use case androidx.camera.core.Preview-235e84d6-b5e6-4ae4-9e6a-db0b28efbc07209656666 ACTIVE
2025-08-15 15:48:16.822 17992-18018 UseCaseAttachState      com.msidecoder.scanner               D  Active and attached use case: [androidx.camera.core.Preview-235e84d6-b5e6-4ae4-9e6a-db0b28efbc07209656666, androidx.camera.core.ImageAnalysis-e1fcb8d7-d0aa-45c0-b55a-ca7c9c3ce1ea235946379] for camera: 0
2025-08-15 15:48:16.825 17992-18018 Camera2CameraImpl       com.msidecoder.scanner               D  {Camera@7ce6e1c[id=0]} Use case androidx.camera.core.ImageAnalysis-e1fcb8d7-d0aa-45c0-b55a-ca7c9c3ce1ea235946379 ACTIVE
2025-08-15 15:48:16.825 17992-18018 UseCaseAttachState      com.msidecoder.scanner               D  Active and attached use case: [androidx.camera.core.Preview-235e84d6-b5e6-4ae4-9e6a-db0b28efbc07209656666, androidx.camera.core.ImageAnalysis-e1fcb8d7-d0aa-45c0-b55a-ca7c9c3ce1ea235946379] for camera: 0
2025-08-15 15:48:16.828 17992-18018 Camera2CameraImpl       com.msidecoder.scanner               D  {Camera@7ce6e1c[id=0]} CameraDevice.onOpened()
2025-08-15 15:48:16.828 17992-18018 Camera2CameraImpl       com.msidecoder.scanner               D  {Camera@7ce6e1c[id=0]} Transitioning camera internal state: OPENING --> OPENED
2025-08-15 15:48:16.828 17992-18018 CameraStateRegistry     com.msidecoder.scanner               D  Recalculating open cameras:
                                                                                                    Camera                                       State                 
                                                                                                    -------------------------------------------------------------------
                                                                                                    Camera@7ce6e1c[id=0]                         OPEN                  
                                                                                                    Camera@c6eb3a1[id=1]                         UNKNOWN               
                                                                                                    -------------------------------------------------------------------
                                                                                                    Open count: 1 (Max allowed: 1)
2025-08-15 15:48:16.829 17992-18018 CameraStateMachine      com.msidecoder.scanner               D  New public camera state CameraState{type=OPEN, error=null} from OPEN and null
2025-08-15 15:48:16.829 17992-18018 CameraStateMachine      com.msidecoder.scanner               D  Publishing new public camera state CameraState{type=OPEN, error=null}
2025-08-15 15:48:16.829 17992-18018 UseCaseAttachState      com.msidecoder.scanner               D  All use case: [androidx.camera.core.Preview-235e84d6-b5e6-4ae4-9e6a-db0b28efbc07209656666, androidx.camera.core.ImageAnalysis-e1fcb8d7-d0aa-45c0-b55a-ca7c9c3ce1ea235946379] for camera: 0
2025-08-15 15:48:16.832 17992-18018 UseCaseAttachState      com.msidecoder.scanner               D  Active and attached use case: [androidx.camera.core.Preview-235e84d6-b5e6-4ae4-9e6a-db0b28efbc07209656666, androidx.camera.core.ImageAnalysis-e1fcb8d7-d0aa-45c0-b55a-ca7c9c3ce1ea235946379] for camera: 0
2025-08-15 15:48:16.834 17992-18018 SyncCaptureSessionBase  com.msidecoder.scanner               D  [androidx.camera.camera2.internal.SynchronizedCaptureSessionBaseImpl@e67237] getSurface...done
2025-08-15 15:48:16.834 17992-18018 CaptureSession          com.msidecoder.scanner               D  Opening capture session.
2025-08-15 15:48:16.838 17992-18018 DeferrableSurface       com.msidecoder.scanner               D  use count+1, useCount=2 androidx.camera.core.SurfaceRequest$2@78a37b
2025-08-15 15:48:16.838 17992-18018 DeferrableSurface       com.msidecoder.scanner               D  New surface in use[total_surfaces=3, used_surfaces=2](androidx.camera.core.impl.ImmediateSurface@1bf2344}
2025-08-15 15:48:16.838 17992-18018 DeferrableSurface       com.msidecoder.scanner               D  use count+1, useCount=1 androidx.camera.core.impl.ImmediateSurface@1bf2344
2025-08-15 15:48:17.041 17992-18018 CaptureSession          com.msidecoder.scanner               D  Attempting to send capture request onConfigured
2025-08-15 15:48:17.041 17992-18018 CaptureSession          com.msidecoder.scanner               D  Issuing request for session.
2025-08-15 15:48:17.042 17992-18018 Camera2Cap...estBuilder com.msidecoder.scanner               D  createCaptureRequest
2025-08-15 15:48:17.045 17992-18018 CaptureSession          com.msidecoder.scanner               D  CameraCaptureSession.onConfigured() mState=OPENED
2025-08-15 15:48:17.045 17992-18018 CaptureSession          com.msidecoder.scanner               D  CameraCaptureSession.onReady() OPENED
2025-08-15 15:48:17.105 17992-18028 InteractionJankMonitor  com.msidecoder.scanner               W  Initializing without READ_DEVICE_CONFIG permission. enabled=false, interval=1, missedFrameThreshold=3, frameTimeThreshold=64, package=com.msidecoder.scanner
2025-08-15 15:48:17.126 17992-17998 decoder.scanner         com.msidecoder.scanner               I  Compiler allocated 5160KB to compile void android.view.ViewRootImpl.performTraversals()
2025-08-15 15:48:17.313 17992-18021 StreamStateObserver     com.msidecoder.scanner               D  Update Preview stream state to STREAMING
2025-08-15 15:48:17.322 17992-18145 MSIScanner              com.msidecoder.scanner               D  processFrame called
--------- beginning of crash
2025-08-15 15:48:17.352 17992-18145 AndroidRuntime          com.msidecoder.scanner               E  FATAL EXCEPTION: pool-2-thread-1
                                                                                                    Process: com.msidecoder.scanner, PID: 17992
                                                                                                    java.lang.ArrayIndexOutOfBoundsException: length=153599; index=153600
                                                                                                        at com.msidecoder.scanner.camera.YuvToNv21Converter.convertOptimized(YuvToNv21Converter.kt:92)
                                                                                                        at com.msidecoder.scanner.MainActivity.processFrame(MainActivity.kt:140)
                                                                                                        at com.msidecoder.scanner.MainActivity.bindCameraUseCases$lambda$6$lambda$5(MainActivity.kt:109)
                                                                                                        at com.msidecoder.scanner.MainActivity.$r8$lambda$w7w05O7ynVsieqXUWajC5sw5LiM(Unknown Source:0)
                                                                                                        at com.msidecoder.scanner.MainActivity$$ExternalSyntheticLambda0.analyze(D8$$SyntheticClass:0)
                                                                                                        at androidx.camera.core.ImageAnalysis.lambda$setAnalyzer$2(ImageAnalysis.java:528)
                                                                                                        at androidx.camera.core.ImageAnalysis$$ExternalSyntheticLambda2.analyze(D8$$SyntheticClass:0)
                                                                                                        at androidx.camera.core.ImageAnalysisAbstractAnalyzer.lambda$analyzeImage$0$androidx-camera-core-ImageAnalysisAbstractAnalyzer(ImageAnalysisAbstractAnalyzer.java:286)
                                                                                                        at androidx.camera.core.ImageAnalysisAbstractAnalyzer$$ExternalSyntheticLambda0.run(D8$$SyntheticClass:0)
                                                                                                        at java.util.concurrent.ThreadPoolExecutor.runWorker(ThreadPoolExecutor.java:1156)
                                                                                                        at java.util.concurrent.ThreadPoolExecutor$Worker.run(ThreadPoolExecutor.java:651)
                                                                                                        at java.lang.Thread.run(Thread.java:1119)
2025-08-15 15:48:17.371 17992-18145 Process                 com.msidecoder.scanner               I  Sending signal. PID: 17992 SIG: 9
---------------------------- PROCESS ENDED (17992) for package com.msidecoder.scanner ----------------------------
