2025-08-21 20:19:14.535  9310-9310  MSIScanner              com.msidecoder.scanner               D  Starting scanner with MlKitAnalyzer
2025-08-21 20:19:14.538  9310-9350  Camera2CameraImpl       com.msidecoder.scanner               D  {Camera@136f736[id=0]} Use case androidx.camera.core.ImageAnalysis-567f4429-f74c-4be6-a6ea-a347e15a40d6108290696 ACTIVE
2025-08-21 20:19:14.545  9310-9350  UseCaseAttachState      com.msidecoder.scanner               D  Active and attached use case: [androidx.camera.core.ImageCapture-10d14615-29cf-439b-a2d8-9f704fa4cf4b14189866, androidx.camera.core.Preview-7feae112-f9bc-45f2-86d9-eff51358f92b192658965, androidx.camera.core.ImageAnalysis-567f4429-f74c-4be6-a6ea-a347e15a40d6108290696] for camera: 0
2025-08-21 20:19:14.552  9310-9350  CaptureSession          com.msidecoder.scanner               D  Attempting to submit CaptureRequest after setting
2025-08-21 20:19:14.552  9310-9350  CaptureSession          com.msidecoder.scanner               D  Issuing request for session.
2025-08-21 20:19:14.552  9310-9350  Camera2Cap...estBuilder com.msidecoder.scanner               D  createCaptureRequest
2025-08-21 20:19:14.554  9310-9310  DeferrableSurface       com.msidecoder.scanner               D  surface closed,  useCount=1 closed=true androidx.camera.core.impl.ImmediateSurface@6ee5046
2025-08-21 20:19:14.559  9310-9350  Camera2CameraImpl       com.msidecoder.scanner               D  {Camera@136f736[id=0]} Use cases [androidx.camera.core.ImageAnalysis-567f4429-f74c-4be6-a6ea-a347e15a40d6108290696] now DETACHED for camera
2025-08-21 20:19:14.560  9310-9350  UseCaseAttachState      com.msidecoder.scanner               D  All use case: [androidx.camera.core.ImageCapture-10d14615-29cf-439b-a2d8-9f704fa4cf4b14189866, androidx.camera.core.Preview-7feae112-f9bc-45f2-86d9-eff51358f92b192658965] for camera: 0
2025-08-21 20:19:14.560  9310-9350  Camera2CameraImpl       com.msidecoder.scanner               D  No need to remove a previous mMeteringRepeating, SessionConfig Surfaces: 2, CaptureConfig Surfaces: 1
2025-08-21 20:19:14.561  9310-9350  UseCaseAttachState      com.msidecoder.scanner               D  Active and attached use case: [androidx.camera.core.ImageCapture-10d14615-29cf-439b-a2d8-9f704fa4cf4b14189866, androidx.camera.core.Preview-7feae112-f9bc-45f2-86d9-eff51358f92b192658965] for camera: 0
2025-08-21 20:19:14.562  9310-9350  CaptureSession          com.msidecoder.scanner               D  Attempting to submit CaptureRequest after setting
2025-08-21 20:19:14.562  9310-9350  CaptureSession          com.msidecoder.scanner               D  Issuing request for session.
2025-08-21 20:19:14.562  9310-9350  Camera2Cap...estBuilder com.msidecoder.scanner               D  createCaptureRequest
2025-08-21 20:19:14.567  9310-9350  Camera2CameraImpl       com.msidecoder.scanner               D  {Camera@136f736[id=0]} Resetting Capture Session
2025-08-21 20:19:14.567  9310-9350  SyncCaptureSessionImpl  com.msidecoder.scanner               D  [androidx.camera.camera2.internal.SynchronizedCaptureSessionImpl@8960c08] Session call close()
2025-08-21 20:19:14.567  9310-9350  Camera2CameraImpl       com.msidecoder.scanner               D  {Camera@136f736[id=0]} Releasing session in state OPENED
2025-08-21 20:19:14.569  9310-9350  UseCaseAttachState      com.msidecoder.scanner               D  All use case: [androidx.camera.core.ImageCapture-10d14615-29cf-439b-a2d8-9f704fa4cf4b14189866, androidx.camera.core.Preview-7feae112-f9bc-45f2-86d9-eff51358f92b192658965] for camera: 0
2025-08-21 20:19:14.570  9310-9350  Camera2CameraImpl       com.msidecoder.scanner               D  {Camera@136f736[id=0]} Use case androidx.camera.core.Preview-7feae112-f9bc-45f2-86d9-eff51358f92b192658965 UPDATED
2025-08-21 20:19:14.571  9310-9350  UseCaseAttachState      com.msidecoder.scanner               D  Active and attached use case: [androidx.camera.core.ImageCapture-10d14615-29cf-439b-a2d8-9f704fa4cf4b14189866, androidx.camera.core.Preview-7feae112-f9bc-45f2-86d9-eff51358f92b192658965] for camera: 0
2025-08-21 20:19:14.573  9310-9350  Camera2CameraImpl       com.msidecoder.scanner               D  {Camera@136f736[id=0]} Use case androidx.camera.core.ImageCapture-10d14615-29cf-439b-a2d8-9f704fa4cf4b14189866 UPDATED
2025-08-21 20:19:14.574  9310-9350  UseCaseAttachState      com.msidecoder.scanner               D  Active and attached use case: [androidx.camera.core.ImageCapture-10d14615-29cf-439b-a2d8-9f704fa4cf4b14189866, androidx.camera.core.Preview-7feae112-f9bc-45f2-86d9-eff51358f92b192658965] for camera: 0
2025-08-21 20:19:14.575  9310-9350  SyncCaptureSessionImpl  com.msidecoder.scanner               D  [androidx.camera.camera2.internal.SynchronizedCaptureSessionImpl@8960c08] Session call super.close()
2025-08-21 20:19:14.575  9310-9310  CameraQuirks            com.msidecoder.scanner               D  camera2 CameraQuirks = 
2025-08-21 20:19:14.580  9310-9310  decoder.scanner         com.msidecoder.scanner               W  type=1400 audit(0.0:3614): avc:  denied  { read } for  name="u:object_r:vendor_display_prop:s0" dev="tmpfs" ino=12796 scontext=u:r:untrusted_app:s0:c72,c256,c512,c768 tcontext=u:object_r:vendor_display_prop:s0 tclass=file permissive=0 app=com.msidecoder.scanner
2025-08-21 20:19:14.580  9310-9310  decoder.scanner         com.msidecoder.scanner               W  type=1400 audit(0.0:3615): avc:  denied  { read } for  name="u:object_r:vendor_display_prop:s0" dev="tmpfs" ino=12796 scontext=u:r:untrusted_app:s0:c72,c256,c512,c768 tcontext=u:object_r:vendor_display_prop:s0 tclass=file permissive=0 app=com.msidecoder.scanner
2025-08-21 20:19:14.583  9310-9310  libc                    com.msidecoder.scanner               W  Access denied finding property "vendor.display.enable_optimal_refresh_rate"
2025-08-21 20:19:14.583  9310-9310  libc                    com.msidecoder.scanner               W  Access denied finding property "vendor.gpp.create_frc_extension"
2025-08-21 20:19:14.583  9310-9310  libc                    com.msidecoder.scanner               W  Access denied finding property "vendor.display.enable_optimal_refresh_rate"
2025-08-21 20:19:14.583  9310-9310  libc                    com.msidecoder.scanner               W  Access denied finding property "vendor.gpp.create_frc_extension"
2025-08-21 20:19:14.584  9310-9310  DeferrableSurface       com.msidecoder.scanner               D  Surface created[total_surfaces=5, used_surfaces=3](androidx.camera.core.impl.ImmediateSurface@47b27e9}
2025-08-21 20:19:14.587  9310-9310  MSIScanner              com.msidecoder.scanner               D  Scanner started - MlKitAnalyzer enabled
2025-08-21 20:19:14.609  9310-9350  Camera2CameraImpl       com.msidecoder.scanner               D  {Camera@136f736[id=0]} Use case androidx.camera.core.Preview-7feae112-f9bc-45f2-86d9-eff51358f92b192658965 UPDATED
2025-08-21 20:19:14.609  9310-9350  UseCaseAttachState      com.msidecoder.scanner               D  Active and attached use case: [androidx.camera.core.ImageCapture-10d14615-29cf-439b-a2d8-9f704fa4cf4b14189866, androidx.camera.core.Preview-7feae112-f9bc-45f2-86d9-eff51358f92b192658965] for camera: 0
2025-08-21 20:19:14.610  9310-9350  Camera2CameraImpl       com.msidecoder.scanner               D  {Camera@136f736[id=0]} Use case androidx.camera.core.ImageCapture-10d14615-29cf-439b-a2d8-9f704fa4cf4b14189866 UPDATED
2025-08-21 20:19:14.610  9310-9350  UseCaseAttachState      com.msidecoder.scanner               D  Active and attached use case: [androidx.camera.core.ImageCapture-10d14615-29cf-439b-a2d8-9f704fa4cf4b14189866, androidx.camera.core.Preview-7feae112-f9bc-45f2-86d9-eff51358f92b192658965] for camera: 0
2025-08-21 20:19:14.611  9310-9350  Camera2CameraImpl       com.msidecoder.scanner               D  {Camera@136f736[id=0]} Use cases [androidx.camera.core.ImageAnalysis-be602554-09f7-4c2f-9592-b3bd38b4c36096247958] now ATTACHED
2025-08-21 20:19:14.612  9310-9350  UseCaseAttachState      com.msidecoder.scanner               D  All use case: [androidx.camera.core.ImageCapture-10d14615-29cf-439b-a2d8-9f704fa4cf4b14189866, androidx.camera.core.Preview-7feae112-f9bc-45f2-86d9-eff51358f92b192658965, androidx.camera.core.ImageAnalysis-be602554-09f7-4c2f-9592-b3bd38b4c36096247958] for camera: 0
2025-08-21 20:19:14.612  9310-9350  UseCaseAttachState      com.msidecoder.scanner               D  Active and attached use case: [androidx.camera.core.ImageCapture-10d14615-29cf-439b-a2d8-9f704fa4cf4b14189866, androidx.camera.core.Preview-7feae112-f9bc-45f2-86d9-eff51358f92b192658965] for camera: 0
2025-08-21 20:19:14.613  9310-9350  Camera2CameraImpl       com.msidecoder.scanner               D  {Camera@136f736[id=0]} Resetting Capture Session
2025-08-21 20:19:14.613  9310-9350  Camera2CameraImpl       com.msidecoder.scanner               D  {Camera@136f736[id=0]} Releasing session in state OPENED
2025-08-21 20:19:14.613  9310-9350  UseCaseAttachState      com.msidecoder.scanner               D  All use case: [androidx.camera.core.ImageCapture-10d14615-29cf-439b-a2d8-9f704fa4cf4b14189866, androidx.camera.core.Preview-7feae112-f9bc-45f2-86d9-eff51358f92b192658965, androidx.camera.core.ImageAnalysis-be602554-09f7-4c2f-9592-b3bd38b4c36096247958] for camera: 0
2025-08-21 20:19:14.614  9310-9350  Camera2CameraImpl       com.msidecoder.scanner               D  {Camera@136f736[id=0]} Use case androidx.camera.core.ImageAnalysis-be602554-09f7-4c2f-9592-b3bd38b4c36096247958 ACTIVE
2025-08-21 20:19:14.614  9310-9350  UseCaseAttachState      com.msidecoder.scanner               D  Active and attached use case: [androidx.camera.core.ImageCapture-10d14615-29cf-439b-a2d8-9f704fa4cf4b14189866, androidx.camera.core.Preview-7feae112-f9bc-45f2-86d9-eff51358f92b192658965, androidx.camera.core.ImageAnalysis-be602554-09f7-4c2f-9592-b3bd38b4c36096247958] for camera: 0
2025-08-21 20:19:14.615  9310-9350  CaptureSession          com.msidecoder.scanner               D  onSessionFinished()
2025-08-21 20:19:14.615  9310-9350  SyncCaptureSessionBase  com.msidecoder.scanner               D  [androidx.camera.camera2.internal.SynchronizedCaptureSessionImpl@91cff4a] getSurface done with results: [Surface(name=null mNativeObject=-5476376669301566688)/@0x71a74c7, Surface(name=null mNativeObject=-5476376669301531808)/@0x27a5c8d]
2025-08-21 20:19:14.615  9310-9350  Camera2CameraImpl       com.msidecoder.scanner               D  {Camera@136f736[id=0]} Unable to configure camera cancelled
2025-08-21 20:19:14.616  9310-9350  SyncCaptureSessionBase  com.msidecoder.scanner               D  [androidx.camera.camera2.internal.SynchronizedCaptureSessionImpl@bb3c616] getSurface done with results: [Surface(name=null mNativeObject=-5476376669301566688)/@0x71a74c7, Surface(name=null mNativeObject=-5476376669301531808)/@0x27a5c8d, Surface(name=null mNativeObject=-5476376669301418448)/@0x3274fd8]
2025-08-21 20:19:14.616  9310-9350  CaptureSession          com.msidecoder.scanner               D  Opening capture session.
2025-08-21 20:19:14.616  9310-9350  Camera2Cap...estBuilder com.msidecoder.scanner               D  template type = 1
2025-08-21 20:19:14.618  9310-9350  SyncCaptureSessionImpl  com.msidecoder.scanner               D  [androidx.camera.camera2.internal.SynchronizedCaptureSessionImpl@bb3c616] start openCaptureSession
2025-08-21 20:19:14.618  9310-9350  DeferrableSurface       com.msidecoder.scanner               D  use count+1, useCount=3 androidx.camera.core.SurfaceRequest$2@2895685
2025-08-21 20:19:14.618  9310-9350  DeferrableSurface       com.msidecoder.scanner               D  use count+1, useCount=2 androidx.camera.core.impl.ImmediateSurface@2f23294
2025-08-21 20:19:14.618  9310-9350  DeferrableSurface       com.msidecoder.scanner               D  New surface in use[total_surfaces=5, used_surfaces=4](androidx.camera.core.impl.ImmediateSurface@47b27e9}
2025-08-21 20:19:14.618  9310-9350  DeferrableSurface       com.msidecoder.scanner               D  use count+1, useCount=1 androidx.camera.core.impl.ImmediateSurface@47b27e9
2025-08-21 20:19:15.443  9310-9350  SyncCaptureSessionImpl  com.msidecoder.scanner               D  [androidx.camera.camera2.internal.SynchronizedCaptureSessionImpl@bb3c616] Session onConfigured()
2025-08-21 20:19:15.443  9310-9350  DeferrableSurface       com.msidecoder.scanner               D  use count-1,  useCount=2 closed=false androidx.camera.core.SurfaceRequest$2@2895685
2025-08-21 20:19:15.443  9310-9350  DeferrableSurface       com.msidecoder.scanner               D  use count-1,  useCount=1 closed=false androidx.camera.core.impl.ImmediateSurface@2f23294
2025-08-21 20:19:15.443  9310-9350  DeferrableSurface       com.msidecoder.scanner               D  use count-1,  useCount=0 closed=true androidx.camera.core.impl.ImmediateSurface@6ee5046
2025-08-21 20:19:15.444  9310-9350  DeferrableSurface       com.msidecoder.scanner               D  Surface no longer in use[total_surfaces=5, used_surfaces=3](androidx.camera.core.impl.ImmediateSurface@6ee5046}
2025-08-21 20:19:15.444  9310-9350  DeferrableSurface       com.msidecoder.scanner               D  Surface terminated[total_surfaces=4, used_surfaces=3](androidx.camera.core.impl.ImmediateSurface@6ee5046}
2025-08-21 20:19:15.444  9310-9350  CaptureSession          com.msidecoder.scanner               D  Attempting to send capture request onConfigured
2025-08-21 20:19:15.444  9310-9350  CaptureSession          com.msidecoder.scanner               D  Issuing request for session.
2025-08-21 20:19:15.444  9310-9350  Camera2Cap...estBuilder com.msidecoder.scanner               D  createCaptureRequest
2025-08-21 20:19:15.454  9310-9350  CaptureSession          com.msidecoder.scanner               D  CameraCaptureSession.onConfigured() mState=OPENED
2025-08-21 20:19:15.454  9310-9350  CaptureSession          com.msidecoder.scanner               D  CameraCaptureSession.onReady() OPENED
2025-08-21 20:19:15.467  9310-9346  SyncCaptureSessionImpl  com.msidecoder.scanner               D  [androidx.camera.camera2.internal.SynchronizedCaptureSessionImpl@8960c08] onClosed()
2025-08-21 20:19:15.471  9310-9350  CaptureSession          com.msidecoder.scanner               D  CameraCaptureSession.onReady() OPENED
2025-08-21 20:19:15.668  9310-9310  MlKitAnalyzer           com.msidecoder.scanner               D  Sensor-to-target transformation is null.
2025-08-21 20:19:15.680  9310-9310  MlKitAnalyzer           com.msidecoder.scanner               D  Sensor-to-target transformation is null.
2025-08-21 20:19:15.736  9310-9310  MlKitAnalyzer           com.msidecoder.scanner               D  Sensor-to-target transformation is null.
2025-08-21 20:19:15.772  9310-9310  MlKitAnalyzer           com.msidecoder.scanner               D  Sensor-to-target transformation is null.
2025-08-21 20:19:15.804  9310-9310  MlKitAnalyzer           com.msidecoder.scanner               D  Sensor-to-target transformation is null.
2025-08-21 20:19:15.838  9310-9310  MlKitAnalyzer           com.msidecoder.scanner               D  Sensor-to-target transformation is null.
2025-08-21 20:19:15.872  9310-9310  MlKitAnalyzer           com.msidecoder.scanner               D  Sensor-to-target transformation is null.
2025-08-21 20:19:15.904  9310-9310  MlKitAnalyzer           com.msidecoder.scanner               D  Sensor-to-target transformation is null.
2025-08-21 20:19:15.943  9310-9310  MlKitAnalyzer           com.msidecoder.scanner               D  Sensor-to-target transformation is null.
2025-08-21 20:19:15.974  9310-9310  MlKitAnalyzer           com.msidecoder.scanner               D  Sensor-to-target transformation is null.
2025-08-21 20:19:16.006  9310-9310  MlKitAnalyzer           com.msidecoder.scanner               D  Sensor-to-target transformation is null.
2025-08-21 20:19:16.042  9310-9310  MlKitAnalyzer           com.msidecoder.scanner               D  Sensor-to-target transformation is null.
2025-08-21 20:19:16.072  9310-9310  MlKitAnalyzer           com.msidecoder.scanner               D  Sensor-to-target transformation is null.
2025-08-21 20:19:16.103  9310-9310  MlKitAnalyzer           com.msidecoder.scanner               D  Sensor-to-target transformation is null.
2025-08-21 20:19:16.139  9310-9310  MlKitAnalyzer           com.msidecoder.scanner               D  Sensor-to-target transformation is null.
2025-08-21 20:19:16.172  9310-9310  MlKitAnalyzer           com.msidecoder.scanner               D  Sensor-to-target transformation is null.
2025-08-21 20:19:16.205  9310-9310  MlKitAnalyzer           com.msidecoder.scanner               D  Sensor-to-target transformation is null.
2025-08-21 20:19:16.239  9310-9310  MlKitAnalyzer           com.msidecoder.scanner               D  Sensor-to-target transformation is null.
2025-08-21 20:19:16.274  9310-9310  MlKitAnalyzer           com.msidecoder.scanner               D  Sensor-to-target transformation is null.
2025-08-21 20:19:16.308  9310-9310  MlKitAnalyzer           com.msidecoder.scanner               D  Sensor-to-target transformation is null.
2025-08-21 20:19:16.342  9310-9310  MlKitAnalyzer           com.msidecoder.scanner               D  Sensor-to-target transformation is null.
2025-08-21 20:19:16.371  9310-9310  MlKitAnalyzer           com.msidecoder.scanner               D  Sensor-to-target transformation is null.
2025-08-21 20:19:16.404  9310-9310  MlKitAnalyzer           com.msidecoder.scanner               D  Sensor-to-target transformation is null.
2025-08-21 20:19:16.457  9310-9310  MlKitAnalyzer           com.msidecoder.scanner               D  Sensor-to-target transformation is null.
2025-08-21 20:19:16.478  9310-9310  MlKitAnalyzer           com.msidecoder.scanner               D  Sensor-to-target transformation is null.
2025-08-21 20:19:16.503  9310-9310  MlKitAnalyzer           com.msidecoder.scanner               D  Sensor-to-target transformation is null.
2025-08-21 20:19:16.535  9310-9310  MlKitAnalyzer           com.msidecoder.scanner               D  Sensor-to-target transformation is null.
2025-08-21 20:19:16.570  9310-9310  MlKitAnalyzer           com.msidecoder.scanner               D  Sensor-to-target transformation is null.
2025-08-21 20:19:16.604  9310-9310  MlKitAnalyzer           com.msidecoder.scanner               D  Sensor-to-target transformation is null.
2025-08-21 20:19:16.638  9310-9310  MlKitAnalyzer           com.msidecoder.scanner               D  Sensor-to-target transformation is null.
2025-08-21 20:19:16.678  9310-9310  MlKitAnalyzer           com.msidecoder.scanner               D  Sensor-to-target transformation is null.
2025-08-21 20:19:16.702  9310-9310  MlKitAnalyzer           com.msidecoder.scanner               D  Sensor-to-target transformation is null.
2025-08-21 20:19:16.771  9310-9310  MlKitAnalyzer           com.msidecoder.scanner               D  Sensor-to-target transformation is null.
2025-08-21 20:19:16.806  9310-9310  MlKitAnalyzer           com.msidecoder.scanner               D  Sensor-to-target transformation is null.
2025-08-21 20:19:16.843  9310-9310  MlKitAnalyzer           com.msidecoder.scanner               D  Sensor-to-target transformation is null.
2025-08-21 20:19:16.868  9310-9310  MlKitAnalyzer           com.msidecoder.scanner               D  Sensor-to-target transformation is null.
2025-08-21 20:19:16.902  9310-9310  MlKitAnalyzer           com.msidecoder.scanner               D  Sensor-to-target transformation is null.
2025-08-21 20:19:16.941  9310-9310  MlKitAnalyzer           com.msidecoder.scanner               D  Sensor-to-target transformation is null.
2025-08-21 20:19:16.974  9310-9310  MlKitAnalyzer           com.msidecoder.scanner               D  Sensor-to-target transformation is null.
2025-08-21 20:19:17.003  9310-9310  MlKitAnalyzer           com.msidecoder.scanner               D  Sensor-to-target transformation is null.
2025-08-21 20:19:17.047  9310-9310  MlKitAnalyzer           com.msidecoder.scanner               D  Sensor-to-target transformation is null.
2025-08-21 20:19:17.070  9310-9310  MlKitAnalyzer           com.msidecoder.scanner               D  Sensor-to-target transformation is null.
2025-08-21 20:19:17.103  9310-9310  MlKitAnalyzer           com.msidecoder.scanner               D  Sensor-to-target transformation is null.
2025-08-21 20:19:17.132  9310-9310  MlKitAnalyzer           com.msidecoder.scanner               D  Sensor-to-target transformation is null.
2025-08-21 20:19:17.167  9310-9310  MlKitAnalyzer           com.msidecoder.scanner               D  Sensor-to-target transformation is null.
2025-08-21 20:19:17.200  9310-9310  MlKitAnalyzer           com.msidecoder.scanner               D  Sensor-to-target transformation is null.
2025-08-21 20:19:17.249  9310-9310  MlKitAnalyzer           com.msidecoder.scanner               D  Sensor-to-target transformation is null.
2025-08-21 20:19:17.269  9310-9310  MlKitAnalyzer           com.msidecoder.scanner               D  Sensor-to-target transformation is null.
2025-08-21 20:19:17.301  9310-9310  MlKitAnalyzer           com.msidecoder.scanner               D  Sensor-to-target transformation is null.
2025-08-21 20:19:17.348  9310-9310  MlKitAnalyzer           com.msidecoder.scanner               D  Sensor-to-target transformation is null.
2025-08-21 20:19:17.374  9310-9310  MlKitAnalyzer           com.msidecoder.scanner               D  Sensor-to-target transformation is null.
2025-08-21 20:19:17.400  9310-9310  MlKitAnalyzer           com.msidecoder.scanner               D  Sensor-to-target transformation is null.
2025-08-21 20:19:17.451  9310-9310  MlKitAnalyzer           com.msidecoder.scanner               D  Sensor-to-target transformation is null.
2025-08-21 20:19:17.472  9310-9310  MlKitAnalyzer           com.msidecoder.scanner               D  Sensor-to-target transformation is null.
2025-08-21 20:19:17.504  9310-9310  MlKitAnalyzer           com.msidecoder.scanner               D  Sensor-to-target transformation is null.
2025-08-21 20:19:17.546  9310-9310  MlKitAnalyzer           com.msidecoder.scanner               D  Sensor-to-target transformation is null.
2025-08-21 20:19:17.568  9310-9310  MlKitAnalyzer           com.msidecoder.scanner               D  Sensor-to-target transformation is null.
2025-08-21 20:19:17.599  9310-9310  MlKitAnalyzer           com.msidecoder.scanner               D  Sensor-to-target transformation is null.
2025-08-21 20:19:17.654  9310-9310  MlKitAnalyzer           com.msidecoder.scanner               D  Sensor-to-target transformation is null.
2025-08-21 20:19:17.670  9310-9310  MlKitAnalyzer           com.msidecoder.scanner               D  Sensor-to-target transformation is null.
2025-08-21 20:19:17.699  9310-9310  MlKitAnalyzer           com.msidecoder.scanner               D  Sensor-to-target transformation is null.
2025-08-21 20:19:17.747  9310-9310  MlKitAnalyzer           com.msidecoder.scanner               D  Sensor-to-target transformation is null.
2025-08-21 20:19:17.782  9310-9310  MlKitAnalyzer           com.msidecoder.scanner               D  Sensor-to-target transformation is null.
2025-08-21 20:19:17.798  9310-9310  MlKitAnalyzer           com.msidecoder.scanner               D  Sensor-to-target transformation is null.
2025-08-21 20:19:17.832  9310-9310  MlKitAnalyzer           com.msidecoder.scanner               D  Sensor-to-target transformation is null.
2025-08-21 20:19:17.884  9310-9310  MlKitAnalyzer           com.msidecoder.scanner               D  Sensor-to-target transformation is null.
2025-08-21 20:19:17.900  9310-9310  MlKitAnalyzer           com.msidecoder.scanner               D  Sensor-to-target transformation is null.
2025-08-21 20:19:17.929  9310-9310  MlKitAnalyzer           com.msidecoder.scanner               D  Sensor-to-target transformation is null.
2025-08-21 20:19:17.966  9310-9310  MlKitAnalyzer           com.msidecoder.scanner               D  Sensor-to-target transformation is null.
2025-08-21 20:19:17.998  9310-9310  MlKitAnalyzer           com.msidecoder.scanner               D  Sensor-to-target transformation is null.
2025-08-21 20:19:18.031  9310-9310  MlKitAnalyzer           com.msidecoder.scanner               D  Sensor-to-target transformation is null.
2025-08-21 20:19:18.063  9310-9310  MlKitAnalyzer           com.msidecoder.scanner               D  Sensor-to-target transformation is null.
2025-08-21 20:19:18.102  9310-9310  MlKitAnalyzer           com.msidecoder.scanner               D  Sensor-to-target transformation is null.
2025-08-21 20:19:18.135  9310-9310  MlKitAnalyzer           com.msidecoder.scanner               D  Sensor-to-target transformation is null.
2025-08-21 20:19:18.184  9310-9310  MlKitAnalyzer           com.msidecoder.scanner               D  Sensor-to-target transformation is null.
2025-08-21 20:19:18.203  9310-9310  MlKitAnalyzer           com.msidecoder.scanner               D  Sensor-to-target transformation is null.
2025-08-21 20:19:18.232  9310-9310  MlKitAnalyzer           com.msidecoder.scanner               D  Sensor-to-target transformation is null.
2025-08-21 20:19:18.261  9310-9310  MlKitAnalyzer           com.msidecoder.scanner               D  Sensor-to-target transformation is null.
2025-08-21 20:19:18.320  9310-9310  MlKitAnalyzer           com.msidecoder.scanner               D  Sensor-to-target transformation is null.
2025-08-21 20:19:18.335  9310-9310  MlKitAnalyzer           com.msidecoder.scanner               D  Sensor-to-target transformation is null.
2025-08-21 20:19:18.361  9310-9310  MlKitAnalyzer           com.msidecoder.scanner               D  Sensor-to-target transformation is null.
2025-08-21 20:19:18.400  9310-9310  MlKitAnalyzer           com.msidecoder.scanner               D  Sensor-to-target transformation is null.
2025-08-21 20:19:18.436  9310-9310  MlKitAnalyzer           com.msidecoder.scanner               D  Sensor-to-target transformation is null.
2025-08-21 20:19:18.464  9310-9310  MlKitAnalyzer           com.msidecoder.scanner               D  Sensor-to-target transformation is null.
2025-08-21 20:19:18.520  9310-9310  MlKitAnalyzer           com.msidecoder.scanner               D  Sensor-to-target transformation is null.
2025-08-21 20:19:18.531  9310-9310  MlKitAnalyzer           com.msidecoder.scanner               D  Sensor-to-target transformation is null.
2025-08-21 20:19:18.565  9310-9310  MlKitAnalyzer           com.msidecoder.scanner               D  Sensor-to-target transformation is null.
2025-08-21 20:19:18.595  9310-9310  MlKitAnalyzer           com.msidecoder.scanner               D  Sensor-to-target transformation is null.
2025-08-21 20:19:18.628  9310-9310  MlKitAnalyzer           com.msidecoder.scanner               D  Sensor-to-target transformation is null.
2025-08-21 20:19:18.664  9310-9310  MlKitAnalyzer           com.msidecoder.scanner               D  Sensor-to-target transformation is null.
2025-08-21 20:19:18.702  9310-9310  MlKitAnalyzer           com.msidecoder.scanner               D  Sensor-to-target transformation is null.
2025-08-21 20:19:18.727  9310-9310  MlKitAnalyzer           com.msidecoder.scanner               D  Sensor-to-target transformation is null.
2025-08-21 20:19:18.761  9310-9310  MlKitAnalyzer           com.msidecoder.scanner               D  Sensor-to-target transformation is null.
2025-08-21 20:19:18.796  9310-9310  MlKitAnalyzer           com.msidecoder.scanner               D  Sensor-to-target transformation is null.
2025-08-21 20:19:18.828  9310-9310  MlKitAnalyzer           com.msidecoder.scanner               D  Sensor-to-target transformation is null.
2025-08-21 20:19:18.870  9310-9310  MlKitAnalyzer           com.msidecoder.scanner               D  Sensor-to-target transformation is null.
2025-08-21 20:19:18.896  9310-9310  MlKitAnalyzer           com.msidecoder.scanner               D  Sensor-to-target transformation is null.
2025-08-21 20:19:18.954  9310-9310  MlKitAnalyzer           com.msidecoder.scanner               D  Sensor-to-target transformation is null.
2025-08-21 20:19:18.973  9310-9310  MlKitAnalyzer           com.msidecoder.scanner               D  Sensor-to-target transformation is null.
2025-08-21 20:19:18.995  9310-9310  MlKitAnalyzer           com.msidecoder.scanner               D  Sensor-to-target transformation is null.
2025-08-21 20:19:19.040  9310-9310  MlKitAnalyzer           com.msidecoder.scanner               D  Sensor-to-target transformation is null.
2025-08-21 20:19:19.063  9310-9310  MlKitAnalyzer           com.msidecoder.scanner               D  Sensor-to-target transformation is null.
2025-08-21 20:19:19.110  9310-9310  MlKitAnalyzer           com.msidecoder.scanner               D  Sensor-to-target transformation is null.
2025-08-21 20:19:19.125  9310-9310  MlKitAnalyzer           com.msidecoder.scanner               D  Sensor-to-target transformation is null.
2025-08-21 20:19:19.164  9310-9310  MlKitAnalyzer           com.msidecoder.scanner               D  Sensor-to-target transformation is null.
2025-08-21 20:19:19.198  9310-9310  MlKitAnalyzer           com.msidecoder.scanner               D  Sensor-to-target transformation is null.
2025-08-21 20:19:19.228  9310-9310  MlKitAnalyzer           com.msidecoder.scanner               D  Sensor-to-target transformation is null.
2025-08-21 20:19:19.264  9310-9310  MlKitAnalyzer           com.msidecoder.scanner               D  Sensor-to-target transformation is null.
2025-08-21 20:19:19.294  9310-9310  MlKitAnalyzer           com.msidecoder.scanner               D  Sensor-to-target transformation is null.
2025-08-21 20:19:19.329  9310-9310  MlKitAnalyzer           com.msidecoder.scanner               D  Sensor-to-target transformation is null.
2025-08-21 20:19:19.362  9310-9310  MlKitAnalyzer           com.msidecoder.scanner               D  Sensor-to-target transformation is null.
2025-08-21 20:19:19.393  9310-9310  MlKitAnalyzer           com.msidecoder.scanner               D  Sensor-to-target transformation is null.
2025-08-21 20:19:19.426  9310-9310  MlKitAnalyzer           com.msidecoder.scanner               D  Sensor-to-target transformation is null.
2025-08-21 20:19:19.467  9310-9310  MlKitAnalyzer           com.msidecoder.scanner               D  Sensor-to-target transformation is null.
2025-08-21 20:19:19.498  9310-9310  MlKitAnalyzer           com.msidecoder.scanner               D  Sensor-to-target transformation is null.
2025-08-21 20:19:19.525  9310-9310  MlKitAnalyzer           com.msidecoder.scanner               D  Sensor-to-target transformation is null.
2025-08-21 20:19:19.564  9310-9310  MlKitAnalyzer           com.msidecoder.scanner               D  Sensor-to-target transformation is null.
2025-08-21 20:19:19.598  9310-9310  MlKitAnalyzer           com.msidecoder.scanner               D  Sensor-to-target transformation is null.
2025-08-21 20:19:19.628  9310-9310  MlKitAnalyzer           com.msidecoder.scanner               D  Sensor-to-target transformation is null.
2025-08-21 20:19:19.663  9310-9310  MlKitAnalyzer           com.msidecoder.scanner               D  Sensor-to-target transformation is null.
2025-08-21 20:19:19.692  9310-9310  MlKitAnalyzer           com.msidecoder.scanner               D  Sensor-to-target transformation is null.
2025-08-21 20:19:19.725  9310-9310  MlKitAnalyzer           com.msidecoder.scanner               D  Sensor-to-target transformation is null.
2025-08-21 20:19:19.771  9310-9310  MlKitAnalyzer           com.msidecoder.scanner               D  Sensor-to-target transformation is null.
2025-08-21 20:19:19.790  9310-9310  MlKitAnalyzer           com.msidecoder.scanner               D  Sensor-to-target transformation is null.
2025-08-21 20:19:19.836  9310-9310  MlKitAnalyzer           com.msidecoder.scanner               D  Sensor-to-target transformation is null.
2025-08-21 20:19:19.864  9310-9310  MlKitAnalyzer           com.msidecoder.scanner               D  Sensor-to-target transformation is null.
2025-08-21 20:19:19.895  9310-9310  MlKitAnalyzer           com.msidecoder.scanner               D  Sensor-to-target transformation is null.
2025-08-21 20:19:19.926  9310-9310  MlKitAnalyzer           com.msidecoder.scanner               D  Sensor-to-target transformation is null.
2025-08-21 20:19:19.964  9310-9310  MlKitAnalyzer           com.msidecoder.scanner               D  Sensor-to-target transformation is null.
2025-08-21 20:19:19.992  9310-9310  MlKitAnalyzer           com.msidecoder.scanner               D  Sensor-to-target transformation is null.
2025-08-21 20:19:20.031  9310-9310  MlKitAnalyzer           com.msidecoder.scanner               D  Sensor-to-target transformation is null.
2025-08-21 20:19:20.063  9310-9310  MlKitAnalyzer           com.msidecoder.scanner               D  Sensor-to-target transformation is null.
2025-08-21 20:19:20.090  9310-9310  MlKitAnalyzer           com.msidecoder.scanner               D  Sensor-to-target transformation is null.
2025-08-21 20:19:20.121  9310-9310  MlKitAnalyzer           com.msidecoder.scanner               D  Sensor-to-target transformation is null.
2025-08-21 20:19:20.162  9310-9310  MlKitAnalyzer           com.msidecoder.scanner               D  Sensor-to-target transformation is null.
2025-08-21 20:19:20.193  9310-9310  MlKitAnalyzer           com.msidecoder.scanner               D  Sensor-to-target transformation is null.
2025-08-21 20:19:20.224  9310-9310  MlKitAnalyzer           com.msidecoder.scanner               D  Sensor-to-target transformation is null.
2025-08-21 20:19:20.258  9310-9310  MlKitAnalyzer           com.msidecoder.scanner               D  Sensor-to-target transformation is null.
2025-08-21 20:19:20.294  9310-9310  MlKitAnalyzer           com.msidecoder.scanner               D  Sensor-to-target transformation is null.
2025-08-21 20:19:20.337  9310-9310  MlKitAnalyzer           com.msidecoder.scanner               D  Sensor-to-target transformation is null.
2025-08-21 20:19:20.357  9310-9310  MlKitAnalyzer           com.msidecoder.scanner               D  Sensor-to-target transformation is null.
2025-08-21 20:19:20.392  9310-9310  MlKitAnalyzer           com.msidecoder.scanner               D  Sensor-to-target transformation is null.
2025-08-21 20:19:20.423  9310-9310  MlKitAnalyzer           com.msidecoder.scanner               D  Sensor-to-target transformation is null.
2025-08-21 20:19:20.458  9310-9310  MlKitAnalyzer           com.msidecoder.scanner               D  Sensor-to-target transformation is null.
2025-08-21 20:19:20.489  9310-9310  MlKitAnalyzer           com.msidecoder.scanner               D  Sensor-to-target transformation is null.
2025-08-21 20:19:20.524  9310-9310  MlKitAnalyzer           com.msidecoder.scanner               D  Sensor-to-target transformation is null.
2025-08-21 20:19:20.556  9310-9310  MlKitAnalyzer           com.msidecoder.scanner               D  Sensor-to-target transformation is null.
2025-08-21 20:19:20.588  9310-9310  MlKitAnalyzer           com.msidecoder.scanner               D  Sensor-to-target transformation is null.
2025-08-21 20:19:20.624  9310-9310  MlKitAnalyzer           com.msidecoder.scanner               D  Sensor-to-target transformation is null.
2025-08-21 20:19:20.654  9310-9310  MlKitAnalyzer           com.msidecoder.scanner               D  Sensor-to-target transformation is null.
2025-08-21 20:19:20.692  9310-9310  MlKitAnalyzer           com.msidecoder.scanner               D  Sensor-to-target transformation is null.
2025-08-21 20:19:20.723  9310-9310  MlKitAnalyzer           com.msidecoder.scanner               D  Sensor-to-target transformation is null.
2025-08-21 20:19:20.755  9310-9310  MlKitAnalyzer           com.msidecoder.scanner               D  Sensor-to-target transformation is null.
2025-08-21 20:19:20.803  9310-9310  MlKitAnalyzer           com.msidecoder.scanner               D  Sensor-to-target transformation is null.
2025-08-21 20:19:20.827  9310-9310  MlKitAnalyzer           com.msidecoder.scanner               D  Sensor-to-target transformation is null.
2025-08-21 20:19:20.860  9310-9310  MlKitAnalyzer           com.msidecoder.scanner               D  Sensor-to-target transformation is null.
2025-08-21 20:19:20.888  9310-9310  MlKitAnalyzer           com.msidecoder.scanner               D  Sensor-to-target transformation is null.
2025-08-21 20:19:20.957  9310-9310  MlKitAnalyzer           com.msidecoder.scanner               D  Sensor-to-target transformation is null.
2025-08-21 20:19:21.015  9310-9310  MlKitAnalyzer           com.msidecoder.scanner               D  Sensor-to-target transformation is null.
2025-08-21 20:19:21.027  9310-9310  MlKitAnalyzer           com.msidecoder.scanner               D  Sensor-to-target transformation is null.
2025-08-21 20:19:21.091  9310-9310  MlKitAnalyzer           com.msidecoder.scanner               D  Sensor-to-target transformation is null.
2025-08-21 20:19:21.122  9310-9310  MlKitAnalyzer           com.msidecoder.scanner               D  Sensor-to-target transformation is null.
2025-08-21 20:19:21.155  9310-9310  MlKitAnalyzer           com.msidecoder.scanner               D  Sensor-to-target transformation is null.
2025-08-21 20:19:21.188  9310-9310  MlKitAnalyzer           com.msidecoder.scanner               D  Sensor-to-target transformation is null.
2025-08-21 20:19:21.222  9310-9310  MlKitAnalyzer           com.msidecoder.scanner               D  Sensor-to-target transformation is null.
2025-08-21 20:19:21.254  9310-9310  MlKitAnalyzer           com.msidecoder.scanner               D  Sensor-to-target transformation is null.
2025-08-21 20:19:21.288  9310-9310  MlKitAnalyzer           com.msidecoder.scanner               D  Sensor-to-target transformation is null.
2025-08-21 20:19:21.317  9310-9310  MlKitAnalyzer           com.msidecoder.scanner               D  Sensor-to-target transformation is null.
2025-08-21 20:19:21.355  9310-9310  MlKitAnalyzer           com.msidecoder.scanner               D  Sensor-to-target transformation is null.
2025-08-21 20:19:21.387  9310-9310  MlKitAnalyzer           com.msidecoder.scanner               D  Sensor-to-target transformation is null.
2025-08-21 20:19:21.427  9310-9310  MlKitAnalyzer           com.msidecoder.scanner               D  Sensor-to-target transformation is null.
2025-08-21 20:19:21.451  9310-9310  MlKitAnalyzer           com.msidecoder.scanner               D  Sensor-to-target transformation is null.
2025-08-21 20:19:21.483  9310-9310  MlKitAnalyzer           com.msidecoder.scanner               D  Sensor-to-target transformation is null.
2025-08-21 20:19:21.521  9310-9310  MlKitAnalyzer           com.msidecoder.scanner               D  Sensor-to-target transformation is null.
2025-08-21 20:19:21.556  9310-9310  MlKitAnalyzer           com.msidecoder.scanner               D  Sensor-to-target transformation is null.
2025-08-21 20:19:21.587  9310-9310  MlKitAnalyzer           com.msidecoder.scanner               D  Sensor-to-target transformation is null.
2025-08-21 20:19:21.623  9310-9310  MlKitAnalyzer           com.msidecoder.scanner               D  Sensor-to-target transformation is null.
2025-08-21 20:19:21.652  9310-9310  MlKitAnalyzer           com.msidecoder.scanner               D  Sensor-to-target transformation is null.
2025-08-21 20:19:21.697  9310-9310  MlKitAnalyzer           com.msidecoder.scanner               D  Sensor-to-target transformation is null.
2025-08-21 20:19:21.719  9310-9310  MlKitAnalyzer           com.msidecoder.scanner               D  Sensor-to-target transformation is null.
2025-08-21 20:19:21.763  9310-9310  MlKitAnalyzer           com.msidecoder.scanner               D  Sensor-to-target transformation is null.
2025-08-21 20:19:21.796  9310-9310  MlKitAnalyzer           com.msidecoder.scanner               D  Sensor-to-target transformation is null.
2025-08-21 20:19:21.841  9310-9310  MlKitAnalyzer           com.msidecoder.scanner               D  Sensor-to-target transformation is null.
2025-08-21 20:19:21.854  9310-9310  MlKitAnalyzer           com.msidecoder.scanner               D  Sensor-to-target transformation is null.
2025-08-21 20:19:21.901  9310-9310  MlKitAnalyzer           com.msidecoder.scanner               D  Sensor-to-target transformation is null.
2025-08-21 20:19:21.922  9310-9310  MlKitAnalyzer           com.msidecoder.scanner               D  Sensor-to-target transformation is null.
2025-08-21 20:19:21.951  9310-9310  MlKitAnalyzer           com.msidecoder.scanner               D  Sensor-to-target transformation is null.
2025-08-21 20:19:21.974  9310-9310  MSIScanner              com.msidecoder.scanner               D  Stopping scanner
2025-08-21 20:19:21.976  9310-9346  Camera2CameraImpl       com.msidecoder.scanner               D  {Camera@136f736[id=0]} Use case androidx.camera.core.ImageAnalysis-be602554-09f7-4c2f-9592-b3bd38b4c36096247958 INACTIVE
2025-08-21 20:19:21.976  9310-9310  DeferrableSurface       com.msidecoder.scanner               D  surface closed,  useCount=1 closed=true androidx.camera.core.impl.ImmediateSurface@47b27e9
2025-08-21 20:19:21.978  9310-9346  UseCaseAttachState      com.msidecoder.scanner               D  Active and attached use case: [androidx.camera.core.ImageCapture-10d14615-29cf-439b-a2d8-9f704fa4cf4b14189866, androidx.camera.core.Preview-7feae112-f9bc-45f2-86d9-eff51358f92b192658965] for camera: 0
2025-08-21 20:19:21.985  9310-9346  CaptureSession          com.msidecoder.scanner               D  Attempting to submit CaptureRequest after setting
2025-08-21 20:19:21.985  9310-9346  CaptureSession          com.msidecoder.scanner               D  Issuing request for session.
2025-08-21 20:19:21.985  9310-9346  Camera2Cap...estBuilder com.msidecoder.scanner               D  createCaptureRequest
2025-08-21 20:19:21.991  9310-9310  CameraQuirks            com.msidecoder.scanner               D  camera2 CameraQuirks = 
2025-08-21 20:19:21.991  9310-9346  Camera2CameraImpl       com.msidecoder.scanner               D  {Camera@136f736[id=0]} Use cases [androidx.camera.core.ImageAnalysis-be602554-09f7-4c2f-9592-b3bd38b4c36096247958] now DETACHED for camera
2025-08-21 20:19:21.992  9310-9346  UseCaseAttachState      com.msidecoder.scanner               D  All use case: [androidx.camera.core.ImageCapture-10d14615-29cf-439b-a2d8-9f704fa4cf4b14189866, androidx.camera.core.Preview-7feae112-f9bc-45f2-86d9-eff51358f92b192658965] for camera: 0
2025-08-21 20:19:21.992  9310-9346  Camera2CameraImpl       com.msidecoder.scanner               D  No need to remove a previous mMeteringRepeating, SessionConfig Surfaces: 2, CaptureConfig Surfaces: 1
2025-08-21 20:19:21.992  9310-9346  UseCaseAttachState      com.msidecoder.scanner               D  Active and attached use case: [androidx.camera.core.ImageCapture-10d14615-29cf-439b-a2d8-9f704fa4cf4b14189866, androidx.camera.core.Preview-7feae112-f9bc-45f2-86d9-eff51358f92b192658965] for camera: 0
2025-08-21 20:19:21.994  9310-9310  libc                    com.msidecoder.scanner               W  Access denied finding property "vendor.display.enable_optimal_refresh_rate"
2025-08-21 20:19:21.994  9310-9310  libc                    com.msidecoder.scanner               W  Access denied finding property "vendor.gpp.create_frc_extension"
2025-08-21 20:19:21.992  9310-9310  decoder.scanner         com.msidecoder.scanner               W  type=1400 audit(0.0:3619): avc:  denied  { read } for  name="u:object_r:vendor_display_prop:s0" dev="tmpfs" ino=12796 scontext=u:r:untrusted_app:s0:c72,c256,c512,c768 tcontext=u:object_r:vendor_display_prop:s0 tclass=file permissive=0 app=com.msidecoder.scanner
2025-08-21 20:19:21.994  9310-9346  CaptureSession          com.msidecoder.scanner               D  Attempting to submit CaptureRequest after setting
2025-08-21 20:19:21.994  9310-9346  CaptureSession          com.msidecoder.scanner               D  Issuing request for session.
2025-08-21 20:19:21.994  9310-9346  Camera2Cap...estBuilder com.msidecoder.scanner               D  createCaptureRequest
2025-08-21 20:19:21.994  9310-9310  libc                    com.msidecoder.scanner               W  Access denied finding property "vendor.display.enable_optimal_refresh_rate"
2025-08-21 20:19:21.995  9310-9310  libc                    com.msidecoder.scanner               W  Access denied finding property "vendor.gpp.create_frc_extension"
2025-08-21 20:19:21.996  9310-9310  DeferrableSurface       com.msidecoder.scanner               D  Surface created[total_surfaces=5, used_surfaces=3](androidx.camera.core.impl.ImmediateSurface@8079645}
2025-08-21 20:19:21.997  9310-9310  MSIScanner              com.msidecoder.scanner               D  Scanner stopped - MlKitAnalyzer cleared
2025-08-21 20:19:21.992  9310-9310  decoder.scanner         com.msidecoder.scanner               W  type=1400 audit(0.0:3620): avc:  denied  { read } for  name="u:object_r:vendor_display_prop:s0" dev="tmpfs" ino=12796 scontext=u:r:untrusted_app:s0:c72,c256,c512,c768 tcontext=u:object_r:vendor_display_prop:s0 tclass=file permissive=0 app=com.msidecoder.scanner
2025-08-21 20:19:22.008  9310-9346  Camera2CameraImpl       com.msidecoder.scanner               D  {Camera@136f736[id=0]} Resetting Capture Session
2025-08-21 20:19:22.009  9310-9346  SyncCaptureSessionImpl  com.msidecoder.scanner               D  [androidx.camera.camera2.internal.SynchronizedCaptureSessionImpl@bb3c616] Session call close()
2025-08-21 20:19:22.009  9310-9346  Camera2CameraImpl       com.msidecoder.scanner               D  {Camera@136f736[id=0]} Releasing session in state OPENED
2025-08-21 20:19:22.010  9310-9346  UseCaseAttachState      com.msidecoder.scanner               D  All use case: [androidx.camera.core.ImageCapture-10d14615-29cf-439b-a2d8-9f704fa4cf4b14189866, androidx.camera.core.Preview-7feae112-f9bc-45f2-86d9-eff51358f92b192658965] for camera: 0
2025-08-21 20:19:22.011  9310-9346  Camera2CameraImpl       com.msidecoder.scanner               D  {Camera@136f736[id=0]} Use case androidx.camera.core.Preview-7feae112-f9bc-45f2-86d9-eff51358f92b192658965 UPDATED
2025-08-21 20:19:22.012  9310-9346  UseCaseAttachState      com.msidecoder.scanner               D  Active and attached use case: [androidx.camera.core.ImageCapture-10d14615-29cf-439b-a2d8-9f704fa4cf4b14189866, androidx.camera.core.Preview-7feae112-f9bc-45f2-86d9-eff51358f92b192658965] for camera: 0
2025-08-21 20:19:22.013  9310-9346  Camera2CameraImpl       com.msidecoder.scanner               D  {Camera@136f736[id=0]} Use case androidx.camera.core.ImageCapture-10d14615-29cf-439b-a2d8-9f704fa4cf4b14189866 UPDATED
2025-08-21 20:19:22.013  9310-9346  UseCaseAttachState      com.msidecoder.scanner               D  Active and attached use case: [androidx.camera.core.ImageCapture-10d14615-29cf-439b-a2d8-9f704fa4cf4b14189866, androidx.camera.core.Preview-7feae112-f9bc-45f2-86d9-eff51358f92b192658965] for camera: 0
2025-08-21 20:19:22.015  9310-9346  Camera2CameraImpl       com.msidecoder.scanner               D  {Camera@136f736[id=0]} Use case androidx.camera.core.Preview-7feae112-f9bc-45f2-86d9-eff51358f92b192658965 UPDATED
2025-08-21 20:19:22.015  9310-9346  UseCaseAttachState      com.msidecoder.scanner               D  Active and attached use case: [androidx.camera.core.ImageCapture-10d14615-29cf-439b-a2d8-9f704fa4cf4b14189866, androidx.camera.core.Preview-7feae112-f9bc-45f2-86d9-eff51358f92b192658965] for camera: 0
2025-08-21 20:19:22.016  9310-9346  Camera2CameraImpl       com.msidecoder.scanner               D  {Camera@136f736[id=0]} Use case androidx.camera.core.ImageCapture-10d14615-29cf-439b-a2d8-9f704fa4cf4b14189866 UPDATED
2025-08-21 20:19:22.017  9310-9346  UseCaseAttachState      com.msidecoder.scanner               D  Active and attached use case: [androidx.camera.core.ImageCapture-10d14615-29cf-439b-a2d8-9f704fa4cf4b14189866, androidx.camera.core.Preview-7feae112-f9bc-45f2-86d9-eff51358f92b192658965] for camera: 0
2025-08-21 20:19:22.018  9310-9346  Camera2CameraImpl       com.msidecoder.scanner               D  {Camera@136f736[id=0]} Use cases [androidx.camera.core.ImageAnalysis-deeec57d-d9ed-4dcc-9847-f068d1598fae109902478] now ATTACHED
2025-08-21 20:19:22.018  9310-9346  UseCaseAttachState      com.msidecoder.scanner               D  All use case: [androidx.camera.core.ImageCapture-10d14615-29cf-439b-a2d8-9f704fa4cf4b14189866, androidx.camera.core.Preview-7feae112-f9bc-45f2-86d9-eff51358f92b192658965, androidx.camera.core.ImageAnalysis-deeec57d-d9ed-4dcc-9847-f068d1598fae109902478] for camera: 0
2025-08-21 20:19:22.019  9310-9346  UseCaseAttachState      com.msidecoder.scanner               D  Active and attached use case: [androidx.camera.core.ImageCapture-10d14615-29cf-439b-a2d8-9f704fa4cf4b14189866, androidx.camera.core.Preview-7feae112-f9bc-45f2-86d9-eff51358f92b192658965] for camera: 0
2025-08-21 20:19:22.020  9310-9346  Camera2CameraImpl       com.msidecoder.scanner               D  {Camera@136f736[id=0]} Resetting Capture Session
2025-08-21 20:19:22.020  9310-9346  Camera2CameraImpl       com.msidecoder.scanner               D  {Camera@136f736[id=0]} Releasing session in state OPENED
2025-08-21 20:19:22.021  9310-9346  UseCaseAttachState      com.msidecoder.scanner               D  All use case: [androidx.camera.core.ImageCapture-10d14615-29cf-439b-a2d8-9f704fa4cf4b14189866, androidx.camera.core.Preview-7feae112-f9bc-45f2-86d9-eff51358f92b192658965, androidx.camera.core.ImageAnalysis-deeec57d-d9ed-4dcc-9847-f068d1598fae109902478] for camera: 0
2025-08-21 20:19:22.021  9310-9346  Camera2CameraImpl       com.msidecoder.scanner               D  {Camera@136f736[id=0]} Use case androidx.camera.core.ImageAnalysis-deeec57d-d9ed-4dcc-9847-f068d1598fae109902478 INACTIVE
