2025-08-15 17:12:43.667 28668-28697 CaptureSession          com.msidecoder.scanner               D  onSessionFinished()
2025-08-15 17:12:43.681 28668-28681 BufferQueueProducer     com.msidecoder.scanner               E  [SurfaceView[com.msidecoder.scanner/com.msidecoder.scanner.MainActivity]#3(BLAST Consumer)3](id:6ffc00000003,api:4,p:1826,c:28668) cancelBuffer: BufferQueue has been abandoned
2025-08-15 17:12:43.682 28668-28681 BufferQueueProducer     com.msidecoder.scanner               E  [SurfaceView[com.msidecoder.scanner/com.msidecoder.scanner.MainActivity]#3(BLAST Consumer)3](id:6ffc00000003,api:4,p:1826,c:28668) cancelBuffer: BufferQueue has been abandoned
2025-08-15 17:12:43.683 28668-28681 BufferQueueProducer     com.msidecoder.scanner               E  [SurfaceView[com.msidecoder.scanner/com.msidecoder.scanner.MainActivity]#3(BLAST Consumer)3](id:6ffc00000003,api:4,p:1826,c:28668) cancelBuffer: BufferQueue has been abandoned
2025-08-15 17:12:43.687 28668-28697 BufferQueueProducer     com.msidecoder.scanner               E  [SurfaceView[com.msidecoder.scanner/com.msidecoder.scanner.MainActivity]#3(BLAST Consumer)3](id:6ffc00000003,api:4,p:1826,c:28668) cancelBuffer: BufferQueue has been abandoned
2025-08-15 17:12:43.796 28668-28681 libc                    com.msidecoder.scanner               W  Access denied finding property "vendor.camera.aux.packagelist"
2025-08-15 17:12:43.796 28668-28681 libc                    com.msidecoder.scanner               W  Access denied finding property "vendor.camera.aux.packagelist"
2025-08-15 17:12:43.797 28668-28681 CameraManagerGlobal     com.msidecoder.scanner               W  ignore the torch status update of camera: 2
2025-08-15 17:12:43.797 28668-29127 libc                    com.msidecoder.scanner               W  Access denied finding property "vendor.camera.aux.packagelist"
2025-08-15 17:12:43.798 28668-29127 CameraManagerGlobal     com.msidecoder.scanner               W  ignore the torch status update of camera: 3
2025-08-15 17:12:43.803 28668-29127 CameraManagerGlobal     com.msidecoder.scanner               E  Camera 3 is not present. Ignore physical camera status change
2025-08-15 17:12:43.804 28668-29127 libc                    com.msidecoder.scanner               W  Access denied finding property "vendor.camera.aux.packagelist"
2025-08-15 17:12:43.807 28668-28697 UseCaseAttachState      com.msidecoder.scanner               D  Active and attached use case: [] for camera: 0
2025-08-15 17:12:43.809 28668-28697 DeferrableSurface       com.msidecoder.scanner               D  use count-1,  useCount=0 closed=true androidx.camera.core.SurfaceRequest$2@fc935fd
2025-08-15 17:12:43.810 28668-28697 DeferrableSurface       com.msidecoder.scanner               D  Surface no longer in use[total_surfaces=1, used_surfaces=0](androidx.camera.core.SurfaceRequest$2@fc935fd}
2025-08-15 17:12:43.810 28668-28697 DeferrableSurface       com.msidecoder.scanner               D  Surface terminated[total_surfaces=0, used_surfaces=0](androidx.camera.core.SurfaceRequest$2@fc935fd}
2025-08-15 17:12:43.811 28668-28668 SurfaceViewImpl         com.msidecoder.scanner               D  Safe to release surface.
2025-08-15 17:12:43.811 28668-28697 Camera2CameraImpl       com.msidecoder.scanner               D  {Camera@d53e574[id=0]} CameraDevice.onClosed()
2025-08-15 17:12:43.811 28668-28697 Camera2CameraImpl       com.msidecoder.scanner               D  {Camera@d53e574[id=0]} Transitioning camera internal state: CLOSING --> INITIALIZED
2025-08-15 17:12:43.812 28668-28697 CameraStateRegistry     com.msidecoder.scanner               D  Recalculating open cameras:
                                                                                                    Camera                                       State                 
                                                                                                    -------------------------------------------------------------------
                                                                                                    Camera@d53e574[id=0]                         CLOSED                
                                                                                                    Camera@d24e399[id=1]                         UNKNOWN               
                                                                                                    -------------------------------------------------------------------
                                                                                                    Open count: 0 (Max allowed: 1)
2025-08-15 17:12:43.812 28668-28697 CameraStateMachine      com.msidecoder.scanner               D  New public camera state CameraState{type=CLOSED, error=null} from CLOSED and null
2025-08-15 17:12:43.812 28668-28697 CameraStateMachine      com.msidecoder.scanner               D  Publishing new public camera state CameraState{type=CLOSED, error=null}
2025-08-15 17:12:44.619 28668-28668 MSIScanner              com.msidecoder.scanner               D  === ON RESUME ===
2025-08-15 17:12:44.619 28668-28668 MSIScanner              com.msidecoder.scanner               D  CameraControlsManager state on resume: CameraControlsState(torchEnabled=false, zoomLevel=ZOOM_3X, zoomType=DIGITAL)
2025-08-15 17:12:44.619 28668-28668 MSIScanner              com.msidecoder.scanner               D  Applying zoom on resume: 3.0
2025-08-15 17:12:44.619 28668-28694 Camera2CameraImpl       com.msidecoder.scanner               D  {Camera@d53e574[id=0]} Use cases [androidx.camera.core.Preview-413e12e2-086c-4b66-a717-3c5aa10a061e182414645] now ATTACHED
2025-08-15 17:12:44.619 28668-28668 MSIScanner              com.msidecoder.scanner               D  === ON RESUME COMPLETE ===
2025-08-15 17:12:44.621 28668-28694 UseCaseAttachState      com.msidecoder.scanner               D  All use case: [androidx.camera.core.Preview-413e12e2-086c-4b66-a717-3c5aa10a061e182414645] for camera: 0
2025-08-15 17:12:44.624 28668-28694 UseCaseAttachState      com.msidecoder.scanner               D  Active and attached use case: [] for camera: 0
2025-08-15 17:12:44.625 28668-28694 Camera2CameraImpl       com.msidecoder.scanner               D  {Camera@d53e574[id=0]} Resetting Capture Session
2025-08-15 17:12:44.625 28668-28694 Camera2CameraImpl       com.msidecoder.scanner               D  {Camera@d53e574[id=0]} Releasing session in state INITIALIZED
2025-08-15 17:12:44.625 28668-28694 Camera2CameraImpl       com.msidecoder.scanner               D  {Camera@d53e574[id=0]} Attempting to force open the camera.
2025-08-15 17:12:44.626 28668-28694 CameraStateRegistry     com.msidecoder.scanner               D  tryOpenCamera(Camera@d53e574[id=0]) [Available Cameras: 1, Already Open: false (Previous state: CLOSED)] --> SUCCESS
2025-08-15 17:12:44.626 28668-28694 CameraStateRegistry     com.msidecoder.scanner               D  Recalculating open cameras:
                                                                                                    Camera                                       State                 
                                                                                                    -------------------------------------------------------------------
                                                                                                    Camera@d53e574[id=0]                         OPENING               
                                                                                                    Camera@d24e399[id=1]                         UNKNOWN               
                                                                                                    -------------------------------------------------------------------
                                                                                                    Open count: 1 (Max allowed: 1)
2025-08-15 17:12:44.626 28668-28694 Camera2CameraImpl       com.msidecoder.scanner               D  {Camera@d53e574[id=0]} Opening camera.
2025-08-15 17:12:44.626 28668-28694 Camera2CameraImpl       com.msidecoder.scanner               D  {Camera@d53e574[id=0]} Transitioning camera internal state: INITIALIZED --> OPENING
2025-08-15 17:12:44.626 28668-28694 CameraStateMachine      com.msidecoder.scanner               D  New public camera state CameraState{type=OPENING, error=null} from OPENING and null
2025-08-15 17:12:44.626 28668-28694 CameraStateMachine      com.msidecoder.scanner               D  Publishing new public camera state CameraState{type=OPENING, error=null}
2025-08-15 17:12:44.626 28668-28694 UseCaseAttachState      com.msidecoder.scanner               D  All use case: [androidx.camera.core.Preview-413e12e2-086c-4b66-a717-3c5aa10a061e182414645] for camera: 0
2025-08-15 17:12:44.630 28668-28694 libc                    com.msidecoder.scanner               W  Access denied finding property "persist.vendor.camera.privapp.list"
2025-08-15 17:12:44.631  1826-11474 CameraService           cameraserver                         E  CameraService::connect call (PID 28668 "com.msidecoder.scanner", camera ID 0) and Camera API version 2
2025-08-15 17:12:44.633 28668-28668 libc                    com.msidecoder.scanner               W  Access denied finding property "vendor.display.enable_optimal_refresh_rate"
2025-08-15 17:12:44.634 28668-28668 libc                    com.msidecoder.scanner               W  Access denied finding property "vendor.gpp.create_frc_extension"
2025-08-15 17:12:44.631 28668-28668 decoder.scanner         com.msidecoder.scanner               W  type=1400 audit(0.0:2087): avc:  denied  { read } for  name="u:object_r:vendor_display_prop:s0" dev="tmpfs" ino=1465 scontext=u:r:untrusted_app:s0:c72,c256,c512,c768 tcontext=u:object_r:vendor_display_prop:s0 tclass=file permissive=0 app=com.msidecoder.scanner
2025-08-15 17:12:44.637 28668-28668 libc                    com.msidecoder.scanner               W  Access denied finding property "vendor.display.enable_optimal_refresh_rate"
2025-08-15 17:12:44.637 28668-28668 libc                    com.msidecoder.scanner               W  Access denied finding property "vendor.gpp.create_frc_extension"
2025-08-15 17:12:44.637 28668-28668 SurfaceViewImpl         com.msidecoder.scanner               D  Surface created.
2025-08-15 17:12:44.637 28668-28668 SurfaceViewImpl         com.msidecoder.scanner               D  Surface changed. Size: 1600x1200
2025-08-15 17:12:44.635 28668-28668 decoder.scanner         com.msidecoder.scanner               W  type=1400 audit(0.0:2088): avc:  denied  { read } for  name="u:object_r:vendor_display_prop:s0" dev="tmpfs" ino=1465 scontext=u:r:untrusted_app:s0:c72,c256,c512,c768 tcontext=u:object_r:vendor_display_prop:s0 tclass=file permissive=0 app=com.msidecoder.scanner
2025-08-15 17:12:44.638 28668-28668 SurfaceView             com.msidecoder.scanner               I  surfaceview vote min fps
2025-08-15 17:12:44.640 28668-28681 libc                    com.msidecoder.scanner               W  Access denied finding property "vendor.camera.aux.packagelist"
2025-08-15 17:12:44.640 28668-28681 CameraManagerGlobal     com.msidecoder.scanner               E  Camera 3 is not present. Ignore physical camera status change
2025-08-15 17:12:44.641 28668-28681 libc                    com.msidecoder.scanner               W  Access denied finding property "vendor.camera.aux.packagelist"
2025-08-15 17:12:44.641 28668-28681 libc                    com.msidecoder.scanner               W  Access denied finding property "vendor.camera.aux.packagelist"
2025-08-15 17:12:44.641 28668-28681 CameraManagerGlobal     com.msidecoder.scanner               W  ignore the torch status update of camera: 2
2025-08-15 17:12:44.642 28668-28681 libc                    com.msidecoder.scanner               W  Access denied finding property "vendor.camera.aux.packagelist"
2025-08-15 17:12:44.642 28668-28681 CameraManagerGlobal     com.msidecoder.scanner               W  ignore the torch status update of camera: 3
2025-08-15 17:12:44.654 28668-28668 DeferrableSurface       com.msidecoder.scanner               D  Surface created[total_surfaces=1, used_surfaces=0](androidx.camera.core.processing.SurfaceEdge$SettableSurface@c383426}
2025-08-15 17:12:44.675 28668-28694 Camera2CameraImpl       com.msidecoder.scanner               D  {Camera@d53e574[id=0]} Use case androidx.camera.core.Preview-413e12e2-086c-4b66-a717-3c5aa10a061e182414645 ACTIVE
2025-08-15 17:12:44.676 28668-28694 UseCaseAttachState      com.msidecoder.scanner               D  Active and attached use case: [androidx.camera.core.Preview-413e12e2-086c-4b66-a717-3c5aa10a061e182414645] for camera: 0
2025-08-15 17:12:44.678 28668-28694 UseCaseAttachState      com.msidecoder.scanner               D  Active and attached use case: [androidx.camera.core.Preview-413e12e2-086c-4b66-a717-3c5aa10a061e182414645] for camera: 0
2025-08-15 17:12:44.680 28668-28694 Camera2CameraImpl       com.msidecoder.scanner               D  {Camera@d53e574[id=0]} Use case androidx.camera.core.Preview-413e12e2-086c-4b66-a717-3c5aa10a061e182414645 RESET
2025-08-15 17:12:44.680 28668-28694 UseCaseAttachState      com.msidecoder.scanner               D  All use case: [androidx.camera.core.Preview-413e12e2-086c-4b66-a717-3c5aa10a061e182414645] for camera: 0
2025-08-15 17:12:44.681 28668-28694 Camera2CameraImpl       com.msidecoder.scanner               D  {Camera@d53e574[id=0]} Resetting Capture Session
2025-08-15 17:12:44.681 28668-28694 Camera2CameraImpl       com.msidecoder.scanner               D  {Camera@d53e574[id=0]} Releasing session in state OPENING
2025-08-15 17:12:44.681 28668-28694 UseCaseAttachState      com.msidecoder.scanner               D  Active and attached use case: [androidx.camera.core.Preview-413e12e2-086c-4b66-a717-3c5aa10a061e182414645] for camera: 0
2025-08-15 17:12:44.683 28668-28694 Camera2CameraImpl       com.msidecoder.scanner               D  {Camera@d53e574[id=0]} CameraDevice.onOpened()
2025-08-15 17:12:44.683 28668-28694 Camera2CameraImpl       com.msidecoder.scanner               D  {Camera@d53e574[id=0]} Transitioning camera internal state: OPENING --> OPENED
2025-08-15 17:12:44.683 28668-28694 CameraStateRegistry     com.msidecoder.scanner               D  Recalculating open cameras:
                                                                                                    Camera                                       State                 
                                                                                                    -------------------------------------------------------------------
                                                                                                    Camera@d53e574[id=0]                         OPEN                  
                                                                                                    Camera@d24e399[id=1]                         UNKNOWN               
                                                                                                    -------------------------------------------------------------------
                                                                                                    Open count: 1 (Max allowed: 1)
2025-08-15 17:12:44.683 28668-28694 CameraStateMachine      com.msidecoder.scanner               D  New public camera state CameraState{type=OPEN, error=null} from OPEN and null
2025-08-15 17:12:44.683 28668-28694 CameraStateMachine      com.msidecoder.scanner               D  Publishing new public camera state CameraState{type=OPEN, error=null}
2025-08-15 17:12:44.684 28668-28694 UseCaseAttachState      com.msidecoder.scanner               D  All use case: [androidx.camera.core.Preview-413e12e2-086c-4b66-a717-3c5aa10a061e182414645] for camera: 0
2025-08-15 17:12:44.685 28668-28694 UseCaseAttachState      com.msidecoder.scanner               D  Active and attached use case: [androidx.camera.core.Preview-413e12e2-086c-4b66-a717-3c5aa10a061e182414645] for camera: 0
2025-08-15 17:12:44.687 28668-28694 SyncCaptureSessionBase  com.msidecoder.scanner               D  [androidx.camera.camera2.internal.SynchronizedCaptureSessionBaseImpl@197c957] getSurface...done
2025-08-15 17:12:44.687 28668-28694 Camera2CameraImpl       com.msidecoder.scanner               D  {Camera@d53e574[id=0]} Posting surface closed
                                                                                                    java.lang.Throwable
                                                                                                        at androidx.camera.camera2.internal.Camera2CameraImpl.postSurfaceClosedError(Camera2CameraImpl.java:1302)
                                                                                                        at androidx.camera.camera2.internal.Camera2CameraImpl$2.onFailure(Camera2CameraImpl.java:1244)
                                                                                                        at androidx.camera.core.impl.utils.futures.Futures$CallbackListener.run(Futures.java:345)
                                                                                                        at androidx.camera.core.impl.utils.executor.SequentialExecutor$QueueWorker.workOnQueue(SequentialExecutor.java:231)
                                                                                                        at androidx.camera.core.impl.utils.executor.SequentialExecutor$QueueWorker.run(SequentialExecutor.java:173)
                                                                                                        at java.util.concurrent.ThreadPoolExecutor.runWorker(ThreadPoolExecutor.java:1156)
                                                                                                        at java.util.concurrent.ThreadPoolExecutor$Worker.run(ThreadPoolExecutor.java:651)
                                                                                                        at java.lang.Thread.run(Thread.java:1119)
2025-08-15 17:12:44.688 28668-28668 DeferrableSurface       com.msidecoder.scanner               D  surface closed,  useCount=0 closed=true androidx.camera.core.processing.SurfaceEdge$SettableSurface@c383426
2025-08-15 17:12:44.688 28668-28668 DeferrableSurface       com.msidecoder.scanner               D  Surface terminated[total_surfaces=0, used_surfaces=0](androidx.camera.core.processing.SurfaceEdge$SettableSurface@c383426}
2025-08-15 17:12:44.688 28668-28668 CameraOrientationUtil   com.msidecoder.scanner               D  getRelativeImageRotation: destRotationDegrees=0, sourceRotationDegrees=90, isOppositeFacing=true, result=90
2025-08-15 17:12:44.688 28668-28668 DeferrableSurface       com.msidecoder.scanner               D  Surface created[total_surfaces=1, used_surfaces=0](androidx.camera.core.processing.SurfaceEdge$SettableSurface@eac6662}
2025-08-15 17:12:44.689 28668-28668 DeferrableSurface       com.msidecoder.scanner               D  Surface created[total_surfaces=2, used_surfaces=0](androidx.camera.core.SurfaceRequest$2@8ee86ae}
2025-08-15 17:12:44.689 28668-28668 DeferrableSurface       com.msidecoder.scanner               D  New surface in use[total_surfaces=2, used_surfaces=1](androidx.camera.core.SurfaceRequest$2@8ee86ae}
2025-08-15 17:12:44.689 28668-28668 DeferrableSurface       com.msidecoder.scanner               D  use count+1, useCount=1 androidx.camera.core.SurfaceRequest$2@8ee86ae
2025-08-15 17:12:44.691 28668-28668 CameraOrientationUtil   com.msidecoder.scanner               D  getRelativeImageRotation: destRotationDegrees=0, sourceRotationDegrees=90, isOppositeFacing=true, result=90
2025-08-15 17:12:44.694 28668-28697 Camera2CameraImpl       com.msidecoder.scanner               D  {Camera@d53e574[id=0]} Use case androidx.camera.core.Preview-413e12e2-086c-4b66-a717-3c5aa10a061e182414645 RESET
2025-08-15 17:12:44.694 28668-28668 PreviewView             com.msidecoder.scanner               D  Surface requested by Preview.
2025-08-15 17:12:44.695 28668-28668 PreviewView             com.msidecoder.scanner               D  Preview transformation info updated. TransformationInfo{getCropRect=Rect(0, 0 - 1600, 1200), getRotationDegrees=90, getTargetRotation=0, hasCameraTransform=true, getSensorToBufferTransform=Matrix{[1.0, 0.0, 0.0][0.0, 1.0, 0.0][0.0, 0.0, 1.0]}, getMirroring=false}
2025-08-15 17:12:44.695 28668-28668 PreviewTransform        com.msidecoder.scanner               D  Transformation info set: TransformationInfo{getCropRect=Rect(0, 0 - 1600, 1200), getRotationDegrees=90, getTargetRotation=0, hasCameraTransform=true, getSensorToBufferTransform=Matrix{[1.0, 0.0, 0.0][0.0, 1.0, 0.0][0.0, 0.0, 1.0]}, getMirroring=false} 1600x1200 false
2025-08-15 17:12:44.695 28668-28668 CameraOrientationUtil   com.msidecoder.scanner               D  getRelativeImageRotation: destRotationDegrees=0, sourceRotationDegrees=90, isOppositeFacing=true, result=90
2025-08-15 17:12:44.696 28668-28668 SurfaceViewImpl         com.msidecoder.scanner               D  Surface set on Preview.
2025-08-15 17:12:44.696 28668-28697 UseCaseAttachState      com.msidecoder.scanner               D  All use case: [androidx.camera.core.Preview-413e12e2-086c-4b66-a717-3c5aa10a061e182414645] for camera: 0
2025-08-15 17:12:44.697 28668-28697 Camera2CameraImpl       com.msidecoder.scanner               D  {Camera@d53e574[id=0]} Resetting Capture Session
2025-08-15 17:12:44.697 28668-28697 Camera2CameraImpl       com.msidecoder.scanner               D  {Camera@d53e574[id=0]} Releasing session in state OPENED
2025-08-15 17:12:44.697 28668-28697 UseCaseAttachState      com.msidecoder.scanner               D  Active and attached use case: [androidx.camera.core.Preview-413e12e2-086c-4b66-a717-3c5aa10a061e182414645] for camera: 0
2025-08-15 17:12:44.701 28668-28697 UseCaseAttachState      com.msidecoder.scanner               D  All use case: [androidx.camera.core.Preview-413e12e2-086c-4b66-a717-3c5aa10a061e182414645] for camera: 0
2025-08-15 17:12:44.703 28668-28697 SyncCaptureSessionBase  com.msidecoder.scanner               D  [androidx.camera.camera2.internal.SynchronizedCaptureSessionBaseImpl@2dff75e] getSurface...done
2025-08-15 17:12:44.704 28668-28697 CaptureSession          com.msidecoder.scanner               D  Opening capture session.
2025-08-15 17:12:44.705 28668-28668 NtViewRootImpl          com.msidecoder.scanner               D  mPopUpViewOffsets: offset=(0.0, 0.0), scale=(1.0, 1.0)
2025-08-15 17:12:44.706 28668-28697 DeferrableSurface       com.msidecoder.scanner               D  use count+1, useCount=2 androidx.camera.core.SurfaceRequest$2@8ee86ae
2025-08-15 17:12:44.886 28668-28697 CaptureSession          com.msidecoder.scanner               D  Attempting to send capture request onConfigured
2025-08-15 17:12:44.886 28668-28697 CaptureSession          com.msidecoder.scanner               D  Issuing request for session.
2025-08-15 17:12:44.886 28668-28697 Camera2Cap...estBuilder com.msidecoder.scanner               D  createCaptureRequest
2025-08-15 17:12:44.889 28668-28697 CaptureSession          com.msidecoder.scanner               D  CameraCaptureSession.onConfigured() mState=OPENED
2025-08-15 17:12:44.889 28668-28697 CaptureSession          com.msidecoder.scanner               D  CameraCaptureSession.onReady() OPENED
2025-08-15 17:12:45.009 28668-28697 StreamStateObserver     com.msidecoder.scanner               D  Update Preview stream state to STREAMING
2025-08-15 17:12:45.249 28668-28668 CameraOrientationUtil   com.msidecoder.scanner               D  getRelativeImageRotation: destRotationDegrees=0, sourceRotationDegrees=90, isOppositeFacing=true, result=90
