2025-08-27 22:50:55.898 13295-13485 VisualDebugger          com.msidecoder.scanner               D  Saved debug image: /storage/emulated/0/Pictures/MSI_Debug/225055-782_26_07_preprocessed.png
2025-08-27 22:50:55.899 13295-13485 OpenCVMSIBinarizer      com.msidecoder.scanner               V  Method 0 (Otsu): score=0,350
2025-08-27 22:50:55.904 13295-13485 OpenCVMSIBinarizer      com.msidecoder.scanner               V  Method 1 (AdaptiveGaussian): score=0,440
2025-08-27 22:50:55.905 13295-13485 OpenCVMSIBinarizer      com.msidecoder.scanner               V  Method 2 (AdaptiveMean): score=0,350
2025-08-27 22:50:55.905 13295-13485 OpenCVMSIBinarizer      com.msidecoder.scanner               V  Method 3 (Triangle): score=0,350
2025-08-27 22:50:55.905 13295-13485 OpenCVMSIBinarizer      com.msidecoder.scanner               V  Selected method: AdaptiveGaussian (confidence: 0,440)
2025-08-27 22:50:55.908 13295-13485 VisualDebugger          com.msidecoder.scanner               D  Using external storage for debug: /storage/emulated/0/Pictures/MSI_Debug
2025-08-27 22:50:55.939 13295-13485 VisualDebugger          com.msidecoder.scanner               D  Saved debug image: /storage/emulated/0/Pictures/MSI_Debug/225055-782_26_08_binarized_binary.png
2025-08-27 22:50:55.939 13295-13485 OpenCVMSIBinarizer      com.msidecoder.scanner               V  Binary profile quality insufficient: 0.0
2025-08-27 22:50:55.939 13295-13485 ScannerArbitrator       com.msidecoder.scanner               D  MSI no result → overall no detection
2025-08-27 22:50:55.940 13295-13295 RoiOverlayView          com.msidecoder.scanner               D  clearRoi called
2025-08-27 22:50:55.943 13295-13485 ScannerArbitrator       com.msidecoder.scanner               D  BYPASSING ML Kit -> testing MSI directly
2025-08-27 22:50:55.944 13295-13485 MSIScanner              com.msidecoder.scanner               W  Using legacy NV21 scan method - consider using ImageProxy method
2025-08-27 22:50:55.945 13295-13485 OpenCVConverter         com.msidecoder.scanner               V  NV21→Gray conversion: 864x480 → 480x864 in 1ms (ROTATED 90°)
2025-08-27 22:50:55.948 13295-13485 OpenCVMSIDetector       com.msidecoder.scanner               V  Detecting ROI candidates in 480x864 image
2025-08-27 22:50:55.954 13295-13485 VisualDebugger          com.msidecoder.scanner               D  Using external storage for debug: /storage/emulated/0/Pictures/MSI_Debug
2025-08-27 22:50:56.149 13295-13485 VisualDebugger          com.msidecoder.scanner               D  Saved debug image: /storage/emulated/0/Pictures/MSI_Debug/225055-947_27_01_original.png
2025-08-27 22:50:56.158 13295-13485 VisualDebugger          com.msidecoder.scanner               D  Using external storage for debug: /storage/emulated/0/Pictures/MSI_Debug
2025-08-27 22:50:56.244 13295-13485 VisualDebugger          com.msidecoder.scanner               D  Saved debug image: /storage/emulated/0/Pictures/MSI_Debug/225055-947_27_02_gradients.png
2025-08-27 22:50:56.250 13295-13485 VisualDebugger          com.msidecoder.scanner               D  Using external storage for debug: /storage/emulated/0/Pictures/MSI_Debug
2025-08-27 22:50:56.313 13295-13485 VisualDebugger          com.msidecoder.scanner               D  Saved debug image: /storage/emulated/0/Pictures/MSI_Debug/225055-947_27_03_morphology.png
2025-08-27 22:50:56.317 13295-13485 OpenCVMSIDetector       com.msidecoder.scanner               V  Found 20 contours
2025-08-27 22:50:56.317 13295-13485 OpenCVMSIDetector       com.msidecoder.scanner               V  REJECT size: 26x33 < 100x30
2025-08-27 22:50:56.317 13295-13485 OpenCVMSIDetector       com.msidecoder.scanner               V  REJECT aspect ratio: 2.1238937 not in [2.5, 15.0]
2025-08-27 22:50:56.317 13295-13485 OpenCVMSIDetector       com.msidecoder.scanner               V  REJECT size: 26x11 < 100x30
2025-08-27 22:50:56.317 13295-13485 OpenCVMSIDetector       com.msidecoder.scanner               V  REJECT size: 27x9 < 100x30
2025-08-27 22:50:56.317 13295-13485 OpenCVMSIDetector       com.msidecoder.scanner               V  REJECT size: 31x50 < 100x30
2025-08-27 22:50:56.317 13295-13485 OpenCVMSIDetector       com.msidecoder.scanner               V  REJECT size: 42x80 < 100x30
2025-08-27 22:50:56.317 13295-13485 OpenCVMSIDetector       com.msidecoder.scanner               V  REJECT aspect ratio: 2.1716418 not in [2.5, 15.0]
2025-08-27 22:50:56.317 13295-13485 OpenCVMSIDetector       com.msidecoder.scanner               V  REJECT size: 44x15 < 100x30
2025-08-27 22:50:56.317 13295-13485 OpenCVMSIDetector       com.msidecoder.scanner               V  REJECT size: 48x42 < 100x30
2025-08-27 22:50:56.317 13295-13485 OpenCVMSIDetector       com.msidecoder.scanner               V  REJECT size: 50x23 < 100x30
2025-08-27 22:50:56.317 13295-13485 OpenCVMSIDetector       com.msidecoder.scanner               V  REJECT size: 24x7 < 100x30
2025-08-27 22:50:56.317 13295-13485 OpenCVMSIDetector       com.msidecoder.scanner               V  REJECT size: 21x32 < 100x30
2025-08-27 22:50:56.317 13295-13485 OpenCVMSIDetector       com.msidecoder.scanner               V  REJECT size: 42x11 < 100x30
2025-08-27 22:50:56.317 13295-13485 OpenCVMSIDetector       com.msidecoder.scanner               V  REJECT size: 36x16 < 100x30
2025-08-27 22:50:56.317 13295-13485 OpenCVMSIDetector       com.msidecoder.scanner               V  REJECT size: 42x11 < 100x30
2025-08-27 22:50:56.317 13295-13485 OpenCVMSIDetector       com.msidecoder.scanner               V  REJECT size: 25x9 < 100x30
2025-08-27 22:50:56.317 13295-13485 OpenCVMSIDetector       com.msidecoder.scanner               V  REJECT size: 51x18 < 100x30
2025-08-27 22:50:56.317 13295-13485 OpenCVMSIDetector       com.msidecoder.scanner               V  REJECT size: 24x7 < 100x30
2025-08-27 22:50:56.317 13295-13485 OpenCVMSIDetector       com.msidecoder.scanner               V  REJECT aspect ratio: 1.394958 not in [2.5, 15.0]
2025-08-27 22:50:56.317 13295-13485 OpenCVMSIDetector       com.msidecoder.scanner               V  REJECT size: 98x24 < 100x30
2025-08-27 22:50:56.317 13295-13485 OpenCVMSIDetector       com.msidecoder.scanner               D  Detected 0 ROI candidates in 370ms
2025-08-27 22:50:56.317 13295-13485 OpenCVMSIDetector       com.msidecoder.scanner               D  High confidence ROIs: 0/0 (threshold: 0.8)
2025-08-27 22:50:56.318 13295-13485 ScannerArbitrator       com.msidecoder.scanner               D  MSI no result → overall no detection
2025-08-27 22:50:56.318 13295-13295 RoiOverlayView          com.msidecoder.scanner               D  clearRoi called
2025-08-27 22:50:56.319 13295-13485 ScannerArbitrator       com.msidecoder.scanner               D  BYPASSING ML Kit -> testing MSI directly
2025-08-27 22:50:56.320 13295-13485 MSIScanner              com.msidecoder.scanner               W  Using legacy NV21 scan method - consider using ImageProxy method
2025-08-27 22:50:56.322 13295-13485 OpenCVConverter         com.msidecoder.scanner               V  NV21→Gray conversion: 864x480 → 480x864 in 1ms (ROTATED 90°)
2025-08-27 22:50:56.323 13295-13485 OpenCVMSIDetector       com.msidecoder.scanner               V  Detecting ROI candidates in 480x864 image
2025-08-27 22:50:56.326 13295-13485 VisualDebugger          com.msidecoder.scanner               D  Using external storage for debug: /storage/emulated/0/Pictures/MSI_Debug
2025-08-27 22:50:56.520 13295-13295 MSIScanner              com.msidecoder.scanner               D  Stopping scanner
2025-08-27 22:50:56.520 13295-13295 RoiOverlayView          com.msidecoder.scanner               D  clearRoi called
2025-08-27 22:50:56.520 13295-13295 MSIScanner              com.msidecoder.scanner               D  Scanner stopped - Processing deactivated
2025-08-27 22:50:56.537 13295-13485 VisualDebugger          com.msidecoder.scanner               D  Saved debug image: /storage/emulated/0/Pictures/MSI_Debug/225056-322_28_01_original.png
2025-08-27 22:50:56.548 13295-13485 VisualDebugger          com.msidecoder.scanner               D  Using external storage for debug: /storage/emulated/0/Pictures/MSI_Debug
2025-08-27 22:50:56.639 13295-13485 VisualDebugger          com.msidecoder.scanner               D  Saved debug image: /storage/emulated/0/Pictures/MSI_Debug/225056-322_28_02_gradients.png
2025-08-27 22:50:56.650 13295-13485 VisualDebugger          com.msidecoder.scanner               D  Using external storage for debug: /storage/emulated/0/Pictures/MSI_Debug
2025-08-27 22:50:56.722 13295-13485 VisualDebugger          com.msidecoder.scanner               D  Saved debug image: /storage/emulated/0/Pictures/MSI_Debug/225056-322_28_03_morphology.png
2025-08-27 22:50:56.724 13295-13485 OpenCVMSIDetector       com.msidecoder.scanner               V  Found 13 contours
2025-08-27 22:50:56.724 13295-13485 OpenCVMSIDetector       com.msidecoder.scanner               V  REJECT size: 24x19 < 100x30
2025-08-27 22:50:56.724 13295-13485 OpenCVMSIDetector       com.msidecoder.scanner               V  REJECT aspect ratio: 2.1666667 not in [2.5, 15.0]
2025-08-27 22:50:56.724 13295-13485 OpenCVMSIDetector       com.msidecoder.scanner               V  REJECT size: 31x15 < 100x30
2025-08-27 22:50:56.725 13295-13485 OpenCVMSIDetector       com.msidecoder.scanner               V  REJECT convexity: 0,68 < 0.7
2025-08-27 22:50:56.725 13295-13485 OpenCVMSIDetector       com.msidecoder.scanner               V  REJECT aspect ratio: 0.7017544 not in [2.5, 15.0]
2025-08-27 22:50:56.725 13295-13485 OpenCVMSIDetector       com.msidecoder.scanner               V  REJECT size: 46x14 < 100x30
2025-08-27 22:50:56.725 13295-13485 OpenCVMSIDetector       com.msidecoder.scanner               V  REJECT size: 21x7 < 100x30
2025-08-27 22:50:56.725 13295-13485 OpenCVMSIDetector       com.msidecoder.scanner               V  REJECT size: 31x8 < 100x30
2025-08-27 22:50:56.725 13295-13485 OpenCVMSIDetector       com.msidecoder.scanner               V  REJECT size: 26x48 < 100x30
2025-08-27 22:50:56.725 13295-13485 OpenCVMSIDetector       com.msidecoder.scanner               V  REJECT size: 13x16 < 100x30
2025-08-27 22:50:56.725 13295-13485 OpenCVMSIDetector       com.msidecoder.scanner               V  REJECT size: 73x32 < 100x30
2025-08-27 22:50:56.725 13295-13485 OpenCVMSIDetector       com.msidecoder.scanner               V  REJECT size: 24x8 < 100x30
2025-08-27 22:50:56.725 13295-13485 OpenCVMSIDetector       com.msidecoder.scanner               V  REJECT size: 14x7 < 100x30
2025-08-27 22:50:56.725 13295-13485 OpenCVMSIDetector       com.msidecoder.scanner               D  Detected 0 ROI candidates in 403ms
2025-08-27 22:50:56.725 13295-13485 OpenCVMSIDetector       com.msidecoder.scanner               D  High confidence ROIs: 0/0 (threshold: 0.8)
2025-08-27 22:50:56.725 13295-13485 ScannerArbitrator       com.msidecoder.scanner               D  MSI no result → overall no detection
2025-08-27 22:50:56.726 13295-13295 RoiOverlayView          com.msidecoder.scanner               D  clearRoi called
2025-08-27 22:50:59.109 13295-13295 MSIScanner              com.msidecoder.scanner               D  === ON PAUSE ===
2025-08-27 22:50:59.113 13295-13295 MSIScanner              com.msidecoder.scanner               D  OrientationEventListener disabled
2025-08-27 22:50:59.113 13295-13295 MSIScanner              com.msidecoder.scanner               D  === ON PAUSE COMPLETE ===
2025-08-27 22:50:59.114 13295-13295 VRI[MainActivity]       com.msidecoder.scanner               D  visibilityChanged oldVisibility=true newVisibility=false
2025-08-27 22:50:59.120 13295-13295 SurfaceViewImpl         com.msidecoder.scanner               D  Surface destroyed.
2025-08-27 22:50:59.120 13295-13295 SurfaceViewImpl         com.msidecoder.scanner               D  Surface closed androidx.camera.core.SurfaceRequest@6a107cb
2025-08-27 22:50:59.121 13295-13295 DeferrableSurface       com.msidecoder.scanner               D  surface closed,  useCount=2 closed=true androidx.camera.core.SurfaceRequest$2@4f25ba8
2025-08-27 22:50:59.127 13295-13491 BufferQueueProducer     com.msidecoder.scanner               E  [SurfaceView[com.msidecoder.scanner/com.msidecoder.scanner.MainActivity]#1(BLAST Consumer)1](id:33ef00000004,api:4,p:1772,c:13295) queueBuffer: BufferQueue has been abandoned
2025-08-27 22:50:59.130 13295-13491 BufferQueueProducer     com.msidecoder.scanner               E  [SurfaceView[com.msidecoder.scanner/com.msidecoder.scanner.MainActivity]#1(BLAST Consumer)1](id:33ef00000004,api:4,p:1772,c:13295) dequeueBuffer: BufferQueue has been abandoned
2025-08-27 22:50:59.154 13295-13295 DeferrableSurface       com.msidecoder.scanner               D  surface closed,  useCount=0 closed=true androidx.camera.core.processing.SurfaceEdge$SettableSurface@1d6ffbc
2025-08-27 22:50:59.154 13295-13295 DeferrableSurface       com.msidecoder.scanner               D  Surface terminated[total_surfaces=3, used_surfaces=3](androidx.camera.core.processing.SurfaceEdge$SettableSurface@1d6ffbc}
2025-08-27 22:50:59.154 13295-13295 DeferrableSurface       com.msidecoder.scanner               D  use count-1,  useCount=1 closed=true androidx.camera.core.SurfaceRequest$2@4f25ba8
2025-08-27 22:50:59.157 13295-13314 BufferQueueProducer     com.msidecoder.scanner               E  [SurfaceView[com.msidecoder.scanner/com.msidecoder.scanner.MainActivity]#1(BLAST Consumer)1](id:33ef00000004,api:4,p:1772,c:13295) queueBuffer: BufferQueue has been abandoned
2025-08-27 22:50:59.157 13295-13295 ScreenFlashWrapper      com.msidecoder.scanner               W  completePendingScreenFlashClear: none pending!
2025-08-27 22:50:59.160 13295-13337 Camera2CameraImpl       com.msidecoder.scanner               D  {Camera@56d6bef[id=0]} Use cases [androidx.camera.core.Preview-48d35b1d-eb94-4555-a1c6-49d9557e650a222356600, androidx.camera.core.ImageCapture-dde84cac-6f77-4d66-85b6-95ebad67039f118359889, androidx.camera.core.ImageAnalysis-3d64dd9c-c2d7-4d81-bb7b-9715e4cbc76e14285750] now DETACHED for camera
2025-08-27 22:50:59.161 13295-13337 UseCaseAttachState      com.msidecoder.scanner               D  All use case: [] for camera: 0
2025-08-27 22:50:59.162 13295-13337 Camera2CameraImpl       com.msidecoder.scanner               D  {Camera@56d6bef[id=0]} Resetting Capture Session
2025-08-27 22:50:59.164 13295-13337 SyncCaptureSessionImpl  com.msidecoder.scanner               D  [androidx.camera.camera2.internal.SynchronizedCaptureSessionImpl@e08f78b] Session call close()
2025-08-27 22:50:59.165 13295-13337 Camera2CameraImpl       com.msidecoder.scanner               D  {Camera@56d6bef[id=0]} Releasing session in state OPENED
2025-08-27 22:50:59.165 13295-13337 Camera2CameraControlImp com.msidecoder.scanner               D  setActive: isActive = false
2025-08-27 22:50:59.166 13295-13337 UseCaseAttachState      com.msidecoder.scanner               D  Active and attached use case: [] for camera: 0
2025-08-27 22:50:59.169 13295-13337 UseCaseAttachState      com.msidecoder.scanner               D  Active and attached use case: [] for camera: 0
2025-08-27 22:50:59.172 13295-13337 VideoUsageControl       com.msidecoder.scanner               D  resetDirectly: mVideoUsage reset!
2025-08-27 22:50:59.173 13295-13337 Camera2CameraImpl       com.msidecoder.scanner               D  {Camera@56d6bef[id=0]} Closing camera.
2025-08-27 22:50:59.174 13295-13337 Camera2CameraImpl       com.msidecoder.scanner               D  {Camera@56d6bef[id=0]} Transitioning camera internal state: OPENED --> CLOSING
2025-08-27 22:50:59.174 13295-13337 CameraStateRegistry     com.msidecoder.scanner               D  Recalculating open cameras:
                                                                                                    Camera                                       State                 
                                                                                                    -------------------------------------------------------------------
                                                                                                    Camera@56d6bef[id=0]                         CLOSING               
                                                                                                    Camera@56786e8[id=1]                         UNKNOWN               
                                                                                                    -------------------------------------------------------------------
                                                                                                    Open count: 1 (Max allowed: 1)
2025-08-27 22:50:59.175 13295-13337 CameraStateMachine      com.msidecoder.scanner               D  New public camera state CameraState{type=CLOSING, error=null} from CLOSING and null
2025-08-27 22:50:59.175 13295-13337 CameraStateMachine      com.msidecoder.scanner               D  Publishing new public camera state CameraState{type=CLOSING, error=null}
2025-08-27 22:50:59.175 13295-13337 Camera2CameraImpl       com.msidecoder.scanner               D  {Camera@56d6bef[id=0]} Resetting Capture Session
2025-08-27 22:50:59.176 13295-13337 Camera2CameraImpl       com.msidecoder.scanner               D  {Camera@56d6bef[id=0]} Skipping Capture Session state check due to current camera state: CLOSING and previous session status: false
2025-08-27 22:50:59.176 13295-13337 Camera2CameraImpl       com.msidecoder.scanner               D  {Camera@56d6bef[id=0]} Releasing session in state CLOSING
2025-08-27 22:50:59.177 13295-13337 SyncCaptureSessionImpl  com.msidecoder.scanner               D  [androidx.camera.camera2.internal.SynchronizedCaptureSessionImpl@e08f78b] Session call super.close()
2025-08-27 22:50:59.182 13295-13295 StreamStateObserver     com.msidecoder.scanner               D  Update Preview stream state to IDLE
2025-08-27 22:50:59.189 13295-13338 BufferQueueProducer     com.msidecoder.scanner               E  [SurfaceView[com.msidecoder.scanner/com.msidecoder.scanner.MainActivity]#1(BLAST Consumer)1](id:33ef00000004,api:4,p:1772,c:13295) queueBuffer: BufferQueue has been abandoned
2025-08-27 22:50:59.220 13295-13338 BufferQueueProducer     com.msidecoder.scanner               E  [SurfaceView[com.msidecoder.scanner/com.msidecoder.scanner.MainActivity]#1(BLAST Consumer)1](id:33ef00000004,api:4,p:1772,c:13295) queueBuffer: BufferQueue has been abandoned
2025-08-27 22:50:59.254 13295-13338 BufferQueueProducer     com.msidecoder.scanner               E  [SurfaceView[com.msidecoder.scanner/com.msidecoder.scanner.MainActivity]#1(BLAST Consumer)1](id:33ef00000004,api:4,p:1772,c:13295) queueBuffer: BufferQueue has been abandoned
2025-08-27 22:50:59.271 13295-13337 UseCaseAttachState      com.msidecoder.scanner               D  Active and attached use case: [] for camera: 0
2025-08-27 22:50:59.274 13295-13337 CaptureSession          com.msidecoder.scanner               D  onSessionFinished()
2025-08-27 22:50:59.274 13295-13337 Camera2CameraImpl       com.msidecoder.scanner               D  {Camera@56d6bef[id=0]} closing camera
2025-08-27 22:50:59.286 13295-13338 BufferQueueProducer     com.msidecoder.scanner               E  [SurfaceView[com.msidecoder.scanner/com.msidecoder.scanner.MainActivity]#1(BLAST Consumer)1](id:33ef00000004,api:4,p:1772,c:13295) queueBuffer: BufferQueue has been abandoned
2025-08-27 22:50:59.293 13295-13338 BufferQueueProducer     com.msidecoder.scanner               E  [SurfaceView[com.msidecoder.scanner/com.msidecoder.scanner.MainActivity]#1(BLAST Consumer)1](id:33ef00000004,api:4,p:1772,c:13295) cancelBuffer: BufferQueue has been abandoned
2025-08-27 22:50:59.294 13295-13338 BufferQueueProducer     com.msidecoder.scanner               E  [SurfaceView[com.msidecoder.scanner/com.msidecoder.scanner.MainActivity]#1(BLAST Consumer)1](id:33ef00000004,api:4,p:1772,c:13295) cancelBuffer: BufferQueue has been abandoned
2025-08-27 22:50:59.479 13295-13338 libc                    com.msidecoder.scanner               W  Access denied finding property "vendor.camera.aux.packagelist"
2025-08-27 22:50:59.480 13295-13338 libc                    com.msidecoder.scanner               W  Access denied finding property "vendor.camera.aux.packagelist"
2025-08-27 22:50:59.480 13295-13338 CameraManagerGlobal     com.msidecoder.scanner               W  ignore the torch status update of camera: 2
2025-08-27 22:50:59.481 13295-13491 libc                    com.msidecoder.scanner               W  Access denied finding property "vendor.camera.aux.packagelist"
2025-08-27 22:50:59.481 13295-13491 CameraManagerGlobal     com.msidecoder.scanner               W  ignore the torch status update of camera: 3
2025-08-27 22:50:59.489 13295-13338 CameraManagerGlobal     com.msidecoder.scanner               E  Camera 3 is not present. Ignore physical camera status change
2025-08-27 22:50:59.490 13295-13338 libc                    com.msidecoder.scanner               W  Access denied finding property "vendor.camera.aux.packagelist"
2025-08-27 22:50:59.493 13295-13337 DeferrableSurface       com.msidecoder.scanner               D  use count-1,  useCount=0 closed=true androidx.camera.core.SurfaceRequest$2@4f25ba8
2025-08-27 22:50:59.493 13295-13337 DeferrableSurface       com.msidecoder.scanner               D  Surface no longer in use[total_surfaces=3, used_surfaces=2](androidx.camera.core.SurfaceRequest$2@4f25ba8}
2025-08-27 22:50:59.494 13295-13337 DeferrableSurface       com.msidecoder.scanner               D  Surface terminated[total_surfaces=2, used_surfaces=2](androidx.camera.core.SurfaceRequest$2@4f25ba8}
2025-08-27 22:50:59.496 13295-13337 DeferrableSurface       com.msidecoder.scanner               D  use count-1,  useCount=0 closed=false androidx.camera.core.impl.ImmediateSurface@ce8a543
2025-08-27 22:50:59.496 13295-13337 DeferrableSurface       com.msidecoder.scanner               D  Surface no longer in use[total_surfaces=2, used_surfaces=1](androidx.camera.core.impl.ImmediateSurface@ce8a543}
2025-08-27 22:50:59.496 13295-13337 DeferrableSurface       com.msidecoder.scanner               D  use count-1,  useCount=0 closed=false androidx.camera.core.impl.ImmediateSurface@295343e
2025-08-27 22:50:59.496 13295-13337 DeferrableSurface       com.msidecoder.scanner               D  Surface no longer in use[total_surfaces=2, used_surfaces=0](androidx.camera.core.impl.ImmediateSurface@295343e}
2025-08-27 22:50:59.496 13295-13295 SurfaceViewImpl         com.msidecoder.scanner               D  Safe to release surface.
2025-08-27 22:50:59.497 13295-13337 Camera2CameraImpl       com.msidecoder.scanner               D  {Camera@56d6bef[id=0]} CameraDevice.onClosed()
2025-08-27 22:50:59.497 13295-13337 Camera2CameraImpl       com.msidecoder.scanner               D  {Camera@56d6bef[id=0]} Transitioning camera internal state: CLOSING --> INITIALIZED
2025-08-27 22:50:59.498 13295-13337 CameraStateRegistry     com.msidecoder.scanner               D  Recalculating open cameras:
                                                                                                    Camera                                       State                 
                                                                                                    -------------------------------------------------------------------
                                                                                                    Camera@56d6bef[id=0]                         CLOSED                
                                                                                                    Camera@56786e8[id=1]                         UNKNOWN               
                                                                                                    -------------------------------------------------------------------
                                                                                                    Open count: 0 (Max allowed: 1)
2025-08-27 22:50:59.499 13295-13337 CameraStateMachine      com.msidecoder.scanner               D  New public camera state CameraState{type=CLOSED, error=null} from CLOSED and null
2025-08-27 22:50:59.499 13295-13337 CameraStateMachine      com.msidecoder.scanner               D  Publishing new public camera state CameraState{type=CLOSED, error=null}
2025-08-27 22:50:59.499 13295-13337 SyncCaptureSessionImpl  com.msidecoder.scanner               D  [androidx.camera.camera2.internal.SynchronizedCaptureSessionImpl@e08f78b] onClosed()
